
> ngxsmk-datepicker-workspace@2.1.8 test
> npx ng test ngxsmk-datepicker --watch=false

[33mΓ¥»[39m Building...
[32mΓ£ö[39m Building...
[1mInitial chunk files[22m                                        [2m | [22m[1mNames[22m                                                   [2m | [22m [1mRaw size[22m
[32mchunk-WNAPAHCZ.js[39m                                          [2m | [22m[2m-[22m                                                       [2m | [22m  [36m3.18 MB[39m[2m | [22m
[32mchunk-3RQ4MXXD.js[39m                                          [2m | [22m[2m-[22m                                                       [2m | [22m  [36m1.07 MB[39m[2m | [22m
[32mchunk-TR7DOQIH.js[39m                                          [2m | [22m[2m-[22m                                                       [2m | [22m  [36m1.07 MB[39m[2m | [22m
[32mpolyfills.js[39m                                               [2m | [22m[2mpolyfills[22m                                               [2m | [22m  [36m1.00 MB[39m[2m | [22m
[32mchunk-FRQQYOFQ.js[39m                                          [2m | [22m[2m-[22m                                                       [2m | [22m[36m183.03 kB[39m[2m | [22m
[32mchunk-IIANJDD4.js[39m                                          [2m | [22m[2m-[22m                                                       [2m | [22m[36m171.02 kB[39m[2m | [22m
[32mchunk-GGICDIWT.js[39m                                          [2m | [22m[2m-[22m                                                       [2m | [22m[36m125.67 kB[39m[2m | [22m
[32mchunk-QZ3IUW7W.js[39m                                          [2m | [22m[2m-[22m                                                       [2m | [22m[36m119.44 kB[39m[2m | [22m
[32mspec-lib-test-visual-regression.spec.js[39m                    [2m | [22m[2mspec-lib-test-visual-regression.spec[22m                    [2m | [22m[36m107.41 kB[39m[2m | [22m
[32mspec-lib-services-date-selection.service.spec.js[39m           [2m | [22m[2mspec-lib-services-date-selection.service.spec[22m           [2m | [22m [36m87.40 kB[39m[2m | [22m
[32mchunk-GOT2VE4E.js[39m                                          [2m | [22m[2m-[22m                                                       [2m | [22m [36m87.22 kB[39m[2m | [22m
[32mchunk-4EAB35I5.js[39m                                          [2m | [22m[2m-[22m                                                       [2m | [22m [36m81.46 kB[39m[2m | [22m
[32mchunk-H25FTXRI.js[39m                                          [2m | [22m[2m-[22m                                                       [2m | [22m [36m76.13 kB[39m[2m | [22m
[32mjasmine-cleanup-1.js[39m                                       [2m | [22m[2mjasmine-cleanup-1[22m                                       [2m | [22m [36m71.41 kB[39m[2m | [22m
[32mspec-lib-test-performance.spec.js[39m                          [2m | [22m[2mspec-lib-test-performance.spec[22m                          [2m | [22m [36m71.34 kB[39m[2m | [22m
[32mspec-lib-services-keyboard-navigation.service.spec.js[39m      [2m | [22m[2mspec-lib-services-keyboard-navigation.service.spec[22m      [2m | [22m [36m68.48 kB[39m[2m | [22m
[32mchunk-2W5JVS7X.js[39m                                          [2m | [22m[2m-[22m                                                       [2m | [22m [36m65.47 kB[39m[2m | [22m
[32mchunk-GELLAF5F.js[39m                                          [2m | [22m[2m-[22m                                                       [2m | [22m [36m63.35 kB[39m[2m | [22m
[32mspec-lib-test-accessibility.spec.js[39m                        [2m | [22m[2mspec-lib-test-accessibility.spec[22m                        [2m | [22m [36m59.79 kB[39m[2m | [22m
[32mchunk-LCXRLSUT.js[39m                                          [2m | [22m[2m-[22m                                                       [2m | [22m [36m57.63 kB[39m[2m | [22m
[32mspec-lib-services-display-formatting.service.spec.js[39m       [2m | [22m[2mspec-lib-services-display-formatting.service.spec[22m       [2m | [22m [36m56.07 kB[39m[2m | [22m
[32mspec-lib-services-value-management.service.spec.js[39m         [2m | [22m[2mspec-lib-services-value-management.service.spec[22m         [2m | [22m [36m55.87 kB[39m[2m | [22m
[32mchunk-33RM6Q7K.js[39m                                          [2m | [22m[2m-[22m                                                       [2m | [22m [36m50.84 kB[39m[2m | [22m
[32mchunk-26TL7KGX.js[39m                                          [2m | [22m[2m-[22m                                                       [2m | [22m [36m48.59 kB[39m[2m | [22m
[32mchunk-BIIDEXKM.js[39m                                          [2m | [22m[2m-[22m                                                       [2m | [22m [36m46.40 kB[39m[2m | [22m
[32mchunk-V2W5K6FB.js[39m                                          [2m | [22m[2m-[22m                                                       [2m | [22m [36m40.49 kB[39m[2m | [22m
[32mchunk-SEGUV2LV.js[39m                                          [2m | [22m[2m-[22m                                                       [2m | [22m [36m39.37 kB[39m[2m | [22m
[32mchunk-UYDWOPGK.js[39m                                          [2m | [22m[2m-[22m                                                       [2m | [22m [36m39.17 kB[39m[2m | [22m
[32mchunk-LM5INJHJ.js[39m                                          [2m | [22m[2m-[22m                                                       [2m | [22m [36m35.77 kB[39m[2m | [22m
[32mspec-lib-test-ngxsmk-datepicker-edge-cases.spec.js[39m         [2m | [22m[2mspec-lib-test-ngxsmk-datepicker-edge-cases.spec[22m         [2m | [22m [36m33.90 kB[39m[2m | [22m
[32mchunk-NM7QMW7H.js[39m                                          [2m | [22m[2m-[22m                                                       [2m | [22m [36m32.38 kB[39m[2m | [22m
[32mchunk-RDGT67OF.js[39m                                          [2m | [22m[2m-[22m                                                       [2m | [22m [36m29.75 kB[39m[2m | [22m
[32mspec-lib-test-ngxsmk-datepicker-comprehensive.spec.js[39m      [2m | [22m[2mspec-lib-test-ngxsmk-datepicker-comprehensive.spec[22m      [2m | [22m [36m28.32 kB[39m[2m | [22m
[32mspec-lib-services-translation.service.spec.js[39m              [2m | [22m[2mspec-lib-services-translation.service.spec[22m              [2m | [22m [36m25.25 kB[39m[2m | [22m
[32mtest_main.js[39m                                               [2m | [22m[2mtest_main[22m                                               [2m | [22m [36m22.23 kB[39m[2m | [22m
[32mspec-lib-test-error-handling.spec.js[39m                       [2m | [22m[2mspec-lib-test-error-handling.spec[22m                       [2m | [22m [36m21.55 kB[39m[2m | [22m
[32mspec-lib-test-calendar-utils-edge-cases.spec.js[39m            [2m | [22m[2mspec-lib-test-calendar-utils-edge-cases.spec[22m            [2m | [22m [36m19.71 kB[39m[2m | [22m
[32mchunk-NK57GHX3.js[39m                                          [2m | [22m[2m-[22m                                                       [2m | [22m [36m19.66 kB[39m[2m | [22m
[32mchunk-DCM5NFL5.js[39m                                          [2m | [22m[2m-[22m                                                       [2m | [22m [36m19.52 kB[39m[2m | [22m
[32mspec-lib-test-ngxsmk-datepicker-v1.9.15.spec.js[39m            [2m | [22m[2mspec-lib-test-ngxsmk-datepicker-v1.9.15.spec[22m            [2m | [22m [36m19.31 kB[39m[2m | [22m
[32mchunk-QLL75CR7.js[39m                                          [2m | [22m[2m-[22m                                                       [2m | [22m [36m18.44 kB[39m[2m | [22m
[32mspec-lib-test-timezone-edge-cases.spec.js[39m                  [2m | [22m[2mspec-lib-test-timezone-edge-cases.spec[22m                  [2m | [22m [36m18.13 kB[39m[2m | [22m
[32mspec-lib-test-ngxsmk-datepicker-validation-security.spec.js[39m[2m | [22m[2mspec-lib-test-ngxsmk-datepicker-validation-security.spec[22m[2m | [22m [36m18.07 kB[39m[2m | [22m
[32mchunk-47KSVGYV.js[39m                                          [2m | [22m[2m-[22m                                                       [2m | [22m [36m17.06 kB[39m[2m | [22m
[32mspec-lib-test-date-utils-edge-cases.spec.js[39m                [2m | [22m[2mspec-lib-test-date-utils-edge-cases.spec[22m                [2m | [22m [36m15.29 kB[39m[2m | [22m
[32mspec-lib-utils-export-import.utils.spec.js[39m                 [2m | [22m[2mspec-lib-utils-export-import.utils.spec[22m                 [2m | [22m [36m14.70 kB[39m[2m | [22m
[32mspec-lib-test-ngxsmk-datepicker-keyboard.spec.js[39m           [2m | [22m[2mspec-lib-test-ngxsmk-datepicker-keyboard.spec[22m           [2m | [22m [36m14.63 kB[39m[2m | [22m
[32mspec-lib-test-dom-manipulation.spec.js[39m                     [2m | [22m[2mspec-lib-test-dom-manipulation.spec[22m                     [2m | [22m [36m14.48 kB[39m[2m | [22m
[32mspec-lib-services-date-presets.service.spec.js[39m             [2m | [22m[2mspec-lib-services-date-presets.service.spec[22m             [2m | [22m [36m14.14 kB[39m[2m | [22m
[32mspec-lib-components-custom-select.component.spec.js[39m        [2m | [22m[2mspec-lib-components-custom-select.component.spec[22m        [2m | [22m [36m14.01 kB[39m[2m | [22m
[32mspec-lib-services-theme-builder.service.spec.js[39m            [2m | [22m[2mspec-lib-services-theme-builder.service.spec[22m            [2m | [22m [36m13.94 kB[39m[2m | [22m
[32mspec-lib-material-form-field.helper.spec.js[39m                [2m | [22m[2mspec-lib-material-form-field.helper.spec[22m                [2m | [22m [36m12.13 kB[39m[2m | [22m
[32mspec-lib-test-edge-cases-dates.spec.js[39m                     [2m | [22m[2mspec-lib-test-edge-cases-dates.spec[22m                     [2m | [22m [36m12.03 kB[39m[2m | [22m
[32mspec-lib-test-cross-browser-compatibility.spec.js[39m          [2m | [22m[2mspec-lib-test-cross-browser-compatibility.spec[22m          [2m | [22m [36m11.97 kB[39m[2m | [22m
[32mspec-lib-test-performance-memory.spec.js[39m                   [2m | [22m[2mspec-lib-test-performance-memory.spec[22m                   [2m | [22m [36m11.93 kB[39m[2m | [22m
[32mspec-lib-test-ngxsmk-datepicker-time.spec.js[39m               [2m | [22m[2mspec-lib-test-ngxsmk-datepicker-time.spec[22m               [2m | [22m [36m11.50 kB[39m[2m | [22m
[32mspec-lib-test-async-operations.spec.js[39m                     [2m | [22m[2mspec-lib-test-async-operations.spec[22m                     [2m | [22m [36m11.03 kB[39m[2m | [22m
[32mspec-lib-test-ngxsmk-datepicker-accessibility.spec.js[39m      [2m | [22m[2mspec-lib-test-ngxsmk-datepicker-accessibility.spec[22m      [2m | [22m [36m10.98 kB[39m[2m | [22m
[32mspec-lib-test-ngxsmk-datepicker.spec.js[39m                    [2m | [22m[2mspec-lib-test-ngxsmk-datepicker.spec[22m                    [2m | [22m [36m10.63 kB[39m[2m | [22m
[32mspec-lib-test-signal-forms-validation.spec.js[39m              [2m | [22m[2mspec-lib-test-signal-forms-validation.spec[22m              [2m | [22m [36m10.14 kB[39m[2m | [22m
[32mspec-lib-test-ngxsmk-datepicker-calendar-views.spec.js[39m     [2m | [22m[2mspec-lib-test-ngxsmk-datepicker-calendar-views.spec[22m     [2m | [22m  [36m9.80 kB[39m[2m | [22m
[32mspec-lib-adapters-date-adapter.interface.spec.js[39m           [2m | [22m[2mspec-lib-adapters-date-adapter.interface.spec[22m           [2m | [22m  [36m9.59 kB[39m[2m | [22m
[32mspec-lib-test-ngxsmk-datepicker-ssr.spec.js[39m                [2m | [22m[2mspec-lib-test-ngxsmk-datepicker-ssr.spec[22m                [2m | [22m  [36m9.59 kB[39m[2m | [22m
[32mspec-lib-test-integration-flows.spec.js[39m                    [2m | [22m[2mspec-lib-test-integration-flows.spec[22m                    [2m | [22m  [36m9.45 kB[39m[2m | [22m
[32mspec-lib-utils-date.utils.spec.js[39m                          [2m | [22m[2mspec-lib-utils-date.utils.spec[22m                          [2m | [22m  [36m8.92 kB[39m[2m | [22m
[32mspec-lib-components-calendar-header.component.spec.js[39m      [2m | [22m[2mspec-lib-components-calendar-header.component.spec[22m      [2m | [22m  [36m8.62 kB[39m[2m | [22m
[32mspec-lib-test-error-injection.spec.js[39m                      [2m | [22m[2mspec-lib-test-error-injection.spec[22m                      [2m | [22m  [36m8.58 kB[39m[2m | [22m
[32mspec-lib-test-ngxsmk-datepicker-constraints.spec.js[39m        [2m | [22m[2mspec-lib-test-ngxsmk-datepicker-constraints.spec[22m        [2m | [22m  [36m7.92 kB[39m[2m | [22m
[32mspec-lib-test-ngxsmk-datepicker-touch-gestures.spec.js[39m     [2m | [22m[2mspec-lib-test-ngxsmk-datepicker-touch-gestures.spec[22m     [2m | [22m  [36m7.05 kB[39m[2m | [22m
[32mspec-lib-services-locale-registry.service.spec.js[39m          [2m | [22m[2mspec-lib-services-locale-registry.service.spec[22m          [2m | [22m  [36m6.98 kB[39m[2m | [22m
[32mspec-lib-components-time-selection.component.spec.js[39m       [2m | [22m[2mspec-lib-components-time-selection.component.spec[22m       [2m | [22m  [36m6.97 kB[39m[2m | [22m
[32mspec-lib-utils-calendar.utils.spec.js[39m                      [2m | [22m[2mspec-lib-utils-calendar.utils.spec[22m                      [2m | [22m  [36m6.93 kB[39m[2m | [22m
[32mspec-lib-test-ngxsmk-datepicker-rtl.spec.js[39m                [2m | [22m[2mspec-lib-test-ngxsmk-datepicker-rtl.spec[22m                [2m | [22m  [36m6.59 kB[39m[2m | [22m
[32mspec-lib-test-match-media-issue-71.spec.js[39m                 [2m | [22m[2mspec-lib-test-match-media-issue-71.spec[22m                 [2m | [22m  [36m6.28 kB[39m[2m | [22m
[32mspec-lib-services-date-validation.service.spec.js[39m          [2m | [22m[2mspec-lib-services-date-validation.service.spec[22m          [2m | [22m  [36m6.27 kB[39m[2m | [22m
[32mspec-lib-services-translation-registry.service.spec.js[39m     [2m | [22m[2mspec-lib-services-translation-registry.service.spec[22m     [2m | [22m  [36m6.22 kB[39m[2m | [22m
[32mspec-lib-test-ngxsmk-datepicker-recurring.spec.js[39m          [2m | [22m[2mspec-lib-test-ngxsmk-datepicker-recurring.spec[22m          [2m | [22m  [36m5.96 kB[39m[2m | [22m
[32mchunk-O76QEXRV.js[39m                                          [2m | [22m[2m-[22m                                                       [2m | [22m  [36m5.80 kB[39m[2m | [22m
[32mspec-lib-utils-recurring-dates.utils.spec.js[39m               [2m | [22m[2mspec-lib-utils-recurring-dates.utils.spec[22m               [2m | [22m  [36m4.80 kB[39m[2m | [22m
[32mspec-lib-services-haptic-feedback.service.spec.js[39m          [2m | [22m[2mspec-lib-services-haptic-feedback.service.spec[22m          [2m | [22m  [36m4.78 kB[39m[2m | [22m
[32mspec-lib-test-range-reselection-fix.spec.js[39m                [2m | [22m[2mspec-lib-test-range-reselection-fix.spec[22m                [2m | [22m  [36m4.71 kB[39m[2m | [22m
[32mspec-lib-services-calendar-generation.service.spec.js[39m      [2m | [22m[2mspec-lib-services-calendar-generation.service.spec[22m      [2m | [22m  [36m4.47 kB[39m[2m | [22m
[32mspec-lib-test-required-attribute.spec.js[39m                   [2m | [22m[2mspec-lib-test-required-attribute.spec[22m                   [2m | [22m  [36m4.28 kB[39m[2m | [22m
[32mspec-lib-services-aria-live.service.spec.js[39m                [2m | [22m[2mspec-lib-services-aria-live.service.spec[22m                [2m | [22m  [36m3.99 kB[39m[2m | [22m
[32mspec-lib-test-input-attributes.spec.js[39m                     [2m | [22m[2mspec-lib-test-input-attributes.spec[22m                     [2m | [22m  [36m3.95 kB[39m[2m | [22m
[32mspec-lib-utils-performance.utils.spec.js[39m                   [2m | [22m[2mspec-lib-utils-performance.utils.spec[22m                   [2m | [22m  [36m3.89 kB[39m[2m | [22m
[32mspec-lib-test-ngxsmk-datepicker-adapters.spec.js[39m           [2m | [22m[2mspec-lib-test-ngxsmk-datepicker-adapters.spec[22m           [2m | [22m  [36m2.76 kB[39m[2m | [22m
[32mspec-lib-test-month-navigation-bug.spec.js[39m                 [2m | [22m[2mspec-lib-test-month-navigation-bug.spec[22m                 [2m | [22m  [36m2.75 kB[39m[2m | [22m
[32mspec-lib-utils-timezone.utils.spec.js[39m                      [2m | [22m[2mspec-lib-utils-timezone.utils.spec[22m                      [2m | [22m  [36m2.60 kB[39m[2m | [22m
[32mspec-lib-utils-virtual-scroll.utils.spec.js[39m                [2m | [22m[2mspec-lib-utils-virtual-scroll.utils.spec[22m                [2m | [22m  [36m2.25 kB[39m[2m | [22m
[32mspec-lib-services-focus-trap.service.spec.js[39m               [2m | [22m[2mspec-lib-services-focus-trap.service.spec[22m               [2m | [22m  [36m1.49 kB[39m[2m | [22m
[32mjasmine-cleanup-0.js[39m                                       [2m | [22m[2mjasmine-cleanup-0[22m                                       [2m | [22m[36m519 bytes[39m[2m | [22m

[1m [22m                                                          [2m | [22m[1mInitial total[22m                                           [2m | [22m  [1m8.97 MB[22m

Application bundle generation complete. [8.821 seconds] - 2026-02-23T15:29:26.529Z

[32m23 02 2026 20:59:27.214:INFO [karma-server]: [39mKarma v6.4.4 server started at http://localhost:9877/
[32m23 02 2026 20:59:27.216:INFO [launcher]: [39mLaunching browsers ChromeHeadless with concurrency unlimited
[32m23 02 2026 20:59:27.234:INFO [launcher]: [39mStarting browser ChromeHeadless
[32m23 02 2026 20:59:27.953:INFO [Chrome Headless 145.0.0.0 (Windows 10)]: [39mConnected on socket Z-4te0LFtsoYA5eSAAAB with id 97599741
Chrome Headless 145.0.0.0 (Windows 10): Executed 0 of 1399[32m SUCCESS[39m (0 secs / 0 secs)
[1A[2KChrome Headless 145.0.0.0 (Windows 10): Executed 1 of 1399[32m SUCCESS[39m (0 secs / 0.011 secs)
[1A[2KChrome Headless 145.0.0.0 (Windows 10): Executed 2 of 1399[32m SUCCESS[39m (0 secs / 0.013 secs)
[1A[2KChrome Headless 145.0.0.0 (Windows 10): Executed 3 of 1399[32m SUCCESS[39m (0 secs / 0.015 secs)
[1A[2KChrome Headless 145.0.0.0 (Windows 10): Executed 4 of 1399[32m SUCCESS[39m (0 secs / 0.017 secs)
[1A[2KChrome Headless 145.0.0.0 (Windows 10): Executed 5 of 1399[32m SUCCESS[39m (0 secs / 0.019 secs)
[1A[2KChrome Headless 145.0.0.0 (Windows 10): Executed 6 of 1399[32m SUCCESS[39m (0 secs / 0.02 secs)
[1A[2KChrome Headless 145.0.0.0 (Windows 10): Executed 7 of 1399[32m SUCCESS[39m (0 secs / 0.021 secs)
[1A[2KChrome Headless 145.0.0.0 (Windows 10): Executed 8 of 1399[32m SUCCESS[39m (0 secs / 0.022 secs)
[1A[2KChrome Headless 145.0.0.0 (Windows 10): Executed 9 of 1399[32m SUCCESS[39m (0 secs / 0.024 secs)
[1A[2KChrome Headless 145.0.0.0 (Windows 10): Executed 10 of 1399[32m SUCCESS[39m (0 secs / 0.025 secs)
[1A[2KChrome Headless 145.0.0.0 (Windows 10): Executed 11 of 1399[32m SUCCESS[39m (0 secs / 0.026 secs)
[1A[2KChrome Headless 145.0.0.0 (Windows 10): Executed 12 of 1399[32m SUCCESS[39m (0 secs / 0.027 secs)
[1A[2KChrome Headless 145.0.0.0 (Windows 10): Executed 13 of 1399[32m SUCCESS[39m (0 secs / 0.028 secs)
[1A[2KChrome Headless 145.0.0.0 (Windows 10): Executed 14 of 1399[32m SUCCESS[39m (0 secs / 0.028 secs)
[1A[2KChrome Headless 145.0.0.0 (Windows 10): Executed 15 of 1399[32m SUCCESS[39m (0 secs / 0.028 secs)
[1A[2KChrome Headless 145.0.0.0 (Windows 10): Executed 16 of 1399[32m SUCCESS[39m (0 secs / 0.029 secs)
[1A[2KChrome Headless 145.0.0.0 (Windows 10): Executed 17 of 1399[32m SUCCESS[39m (0 secs / 0.031 secs)
[1A[2KChrome Headless 145.0.0.0 (Windows 10): Executed 18 of 1399[32m SUCCESS[39m (0 secs / 0.032 secs)
[1A[2KChrome Headless 145.0.0.0 (Windows 10): Executed 19 of 1399[32m SUCCESS[39m (0 secs / 0.034 secs)
[1A[2KChrome Headless 145.0.0.0 (Windows 10): Executed 20 of 1399[32m SUCCESS[39m (0 secs / 0.035 secs)
[1A[2KChrome Headless 145.0.0.0 (Windows 10): Executed 21 of 1399[32m SUCCESS[39m (0 secs / 0.036 secs)
[1A[2KChrome Headless 145.0.0.0 (Windows 10): Executed 22 of 1399[32m SUCCESS[39m (0 secs / 0.038 secs)
[1A[2KChrome Headless 145.0.0.0 (Windows 10): Executed 23 of 1399[32m SUCCESS[39m (0 secs / 0.04 secs)
[1A[2KChrome Headless 145.0.0.0 (Windows 10): Executed 24 of 1399[32m SUCCESS[39m (0 secs / 0.042 secs)
[1A[2KChrome Headless 145.0.0.0 (Windows 10): Executed 25 of 1399[32m SUCCESS[39m (0 secs / 0.043 secs)
[1A[2KChrome Headless 145.0.0.0 (Windows 10): Executed 26 of 1399[32m SUCCESS[39m (0 secs / 0.044 secs)
[1A[2KChrome Headless 145.0.0.0 (Windows 10): Executed 27 of 1399[32m SUCCESS[39m (0 secs / 0.046 secs)
[1A[2KChrome Headless 145.0.0.0 (Windows 10): Executed 28 of 1399[32m SUCCESS[39m (0 secs / 0.048 secs)
[1A[2KChrome Headless 145.0.0.0 (Windows 10): Executed 29 of 1399[32m SUCCESS[39m (0 secs / 0.049 secs)
[1A[2KChrome Headless 145.0.0.0 (Windows 10): Executed 30 of 1399[32m SUCCESS[39m (0 secs / 0.05 secs)
[1A[2KChrome Headless 145.0.0.0 (Windows 10): Executed 31 of 1399[32m SUCCESS[39m (0 secs / 0.052 secs)
[1A[2KChrome Headless 145.0.0.0 (Windows 10): Executed 32 of 1399[32m SUCCESS[39m (0 secs / 0.054 secs)
[1A[2KChrome Headless 145.0.0.0 (Windows 10): Executed 33 of 1399[32m SUCCESS[39m (0 secs / 0.055 secs)
[1A[2KChrome Headless 145.0.0.0 (Windows 10): Executed 34 of 1399[32m SUCCESS[39m (0 secs / 0.056 secs)
[1A[2KChrome Headless 145.0.0.0 (Windows 10): Executed 35 of 1399[32m SUCCESS[39m (0 secs / 0.056 secs)
[1A[2KChrome Headless 145.0.0.0 (Windows 10): Executed 36 of 1399[32m SUCCESS[39m (0 secs / 0.056 secs)
[1A[2KChrome Headless 145.0.0.0 (Windows 10): Executed 37 of 1399[32m SUCCESS[39m (0 secs / 0.056 secs)
[1A[2KChrome Headless 145.0.0.0 (Windows 10): Executed 38 of 1399[32m SUCCESS[39m (0 secs / 0.057 secs)
[1A[2KChrome Headless 145.0.0.0 (Windows 10): Executed 39 of 1399[32m SUCCESS[39m (0 secs / 0.058 secs)
[1A[2KChrome Headless 145.0.0.0 (Windows 10): Executed 40 of 1399[32m SUCCESS[39m (0 secs / 0.059 secs)
[1A[2KChrome Headless 145.0.0.0 (Windows 10): Executed 41 of 1399[32m SUCCESS[39m (0 secs / 0.06 secs)
[1A[2KChrome Headless 145.0.0.0 (Windows 10): Executed 42 of 1399[32m SUCCESS[39m (0 secs / 0.061 secs)
[1A[2KChrome Headless 145.0.0.0 (Windows 10): Executed 43 of 1399[32m SUCCESS[39m (0 secs / 0.061 secs)
[1A[2KChrome Headless 145.0.0.0 (Windows 10): Executed 44 of 1399[32m SUCCESS[39m (0 secs / 0.061 secs)
[1A[2KChrome Headless 145.0.0.0 (Windows 10): Executed 45 of 1399[32m SUCCESS[39m (0 secs / 0.062 secs)
[1A[2KChrome Headless 145.0.0.0 (Windows 10): Executed 46 of 1399[32m SUCCESS[39m (0 secs / 0.063 secs)
[1A[2KChrome Headless 145.0.0.0 (Windows 10): Executed 47 of 1399[32m SUCCESS[39m (0 secs / 0.064 secs)
[1A[2KChrome Headless 145.0.0.0 (Windows 10): Executed 48 of 1399[32m SUCCESS[39m (0 secs / 0.065 secs)
[1A[2KChrome Headless 145.0.0.0 (Windows 10): Executed 49 of 1399[32m SUCCESS[39m (0 secs / 0.066 secs)
[1A[2KChrome Headless 145.0.0.0 (Windows 10): Executed 50 of 1399[32m SUCCESS[39m (0 secs / 0.067 secs)
[1A[2KChrome Headless 145.0.0.0 (Windows 10): Executed 51 of 1399[32m SUCCESS[39m (0 secs / 0.068 secs)
[1A[2KChrome Headless 145.0.0.0 (Windows 10): Executed 52 of 1399[32m SUCCESS[39m (0 secs / 0.069 secs)
[1A[2KChrome Headless 145.0.0.0 (Windows 10): Executed 53 of 1399[32m SUCCESS[39m (0 secs / 0.07 secs)
[1A[2KChrome Headless 145.0.0.0 (Windows 10): Executed 54 of 1399[32m SUCCESS[39m (0 secs / 0.071 secs)
[1A[2KChrome Headless 145.0.0.0 (Windows 10): Executed 55 of 1399[32m SUCCESS[39m (0 secs / 0.072 secs)
[1A[2KChrome Headless 145.0.0.0 (Windows 10): Executed 56 of 1399[32m SUCCESS[39m (0 secs / 0.073 secs)
[1A[2KChrome Headless 145.0.0.0 (Windows 10): Executed 57 of 1399[32m SUCCESS[39m (0 secs / 0.074 secs)
[1A[2KChrome Headless 145.0.0.0 (Windows 10): Executed 58 of 1399[32m SUCCESS[39m (0 secs / 0.084 secs)
[1A[2KChrome Headless 145.0.0.0 (Windows 10): Executed 59 of 1399[32m SUCCESS[39m (0 secs / 0.085 secs)
[1A[2KChrome Headless 145.0.0.0 (Windows 10): Executed 60 of 1399[32m SUCCESS[39m (0 secs / 0.085 secs)
[1A[2KChrome Headless 145.0.0.0 (Windows 10): Executed 61 of 1399[32m SUCCESS[39m (0 secs / 0.086 secs)
[1A[2KChrome Headless 145.0.0.0 (Windows 10): Executed 62 of 1399[32m SUCCESS[39m (0 secs / 0.086 secs)
[1A[2KChrome Headless 145.0.0.0 (Windows 10): Executed 63 of 1399[32m SUCCESS[39m (0 secs / 0.086 secs)
[1A[2KChrome Headless 145.0.0.0 (Windows 10): Executed 64 of 1399[32m SUCCESS[39m (0 secs / 0.087 secs)
[1A[2KChrome Headless 145.0.0.0 (Windows 10): Executed 65 of 1399[32m SUCCESS[39m (0 secs / 0.087 secs)
[1A[2KChrome Headless 145.0.0.0 (Windows 10): Executed 66 of 1399[32m SUCCESS[39m (0 secs / 0.087 secs)
[1A[2KChrome Headless 145.0.0.0 (Windows 10): Executed 67 of 1399[32m SUCCESS[39m (0 secs / 0.087 secs)
[1A[2KChrome Headless 145.0.0.0 (Windows 10): Executed 68 of 1399[32m SUCCESS[39m (0 secs / 0.087 secs)
[1A[2KChrome Headless 145.0.0.0 (Windows 10): Executed 69 of 1399[32m SUCCESS[39m (0 secs / 0.087 secs)
[1A[2KChrome Headless 145.0.0.0 (Windows 10): Executed 70 of 1399[32m SUCCESS[39m (0 secs / 0.088 secs)
[1A[2KChrome Headless 145.0.0.0 (Windows 10): Executed 71 of 1399[32m SUCCESS[39m (0 secs / 0.089 secs)
[1A[2KChrome Headless 145.0.0.0 (Windows 10): Executed 72 of 1399[32m SUCCESS[39m (0 secs / 0.089 secs)
[1A[2KChrome Headless 145.0.0.0 (Windows 10): Executed 73 of 1399[32m SUCCESS[39m (0 secs / 0.089 secs)
[1A[2KChrome Headless 145.0.0.0 (Windows 10): Executed 74 of 1399[32m SUCCESS[39m (0 secs / 0.09 secs)
[1A[2KChrome Headless 145.0.0.0 (Windows 10): Executed 75 of 1399[32m SUCCESS[39m (0 secs / 0.09 secs)
[1A[2KChrome Headless 145.0.0.0 (Windows 10): Executed 76 of 1399[32m SUCCESS[39m (0 secs / 0.09 secs)
[1A[2KChrome Headless 145.0.0.0 (Windows 10): Executed 77 of 1399[32m SUCCESS[39m (0 secs / 0.091 secs)
[1A[2KChrome Headless 145.0.0.0 (Windows 10): Executed 78 of 1399[32m SUCCESS[39m (0 secs / 0.091 secs)
[1A[2KChrome Headless 145.0.0.0 (Windows 10): Executed 79 of 1399[32m SUCCESS[39m (0 secs / 0.091 secs)
[1A[2KChrome Headless 145.0.0.0 (Windows 10): Executed 80 of 1399[32m SUCCESS[39m (0 secs / 0.091 secs)
[1A[2KChrome Headless 145.0.0.0 (Windows 10): Executed 81 of 1399[32m SUCCESS[39m (0 secs / 0.091 secs)
[1A[2KChrome Headless 145.0.0.0 (Windows 10): Executed 82 of 1399[32m SUCCESS[39m (0 secs / 0.092 secs)
[1A[2KChrome Headless 145.0.0.0 (Windows 10): Executed 83 of 1399[32m SUCCESS[39m (0 secs / 0.092 secs)
[1A[2KChrome Headless 145.0.0.0 (Windows 10): Executed 84 of 1399[32m SUCCESS[39m (0 secs / 0.093 secs)
[1A[2KChrome Headless 145.0.0.0 (Windows 10): Executed 85 of 1399[32m SUCCESS[39m (0 secs / 0.093 secs)
[1A[2KChrome Headless 145.0.0.0 (Windows 10): Executed 86 of 1399[32m SUCCESS[39m (0 secs / 0.093 secs)
[1A[2KChrome Headless 145.0.0.0 (Windows 10): Executed 87 of 1399[32m SUCCESS[39m (0 secs / 0.094 secs)
[1A[2KChrome Headless 145.0.0.0 (Windows 10): Executed 88 of 1399[32m SUCCESS[39m (0 secs / 0.094 secs)
[1A[2KChrome Headless 145.0.0.0 (Windows 10): Executed 89 of 1399[32m SUCCESS[39m (0 secs / 0.094 secs)
[1A[2KChrome Headless 145.0.0.0 (Windows 10): Executed 90 of 1399[32m SUCCESS[39m (0 secs / 0.094 secs)
[1A[2KChrome Headless 145.0.0.0 (Windows 10): Executed 91 of 1399[32m SUCCESS[39m (0 secs / 0.094 secs)
[1A[2KChrome Headless 145.0.0.0 (Windows 10): Executed 92 of 1399[32m SUCCESS[39m (0 secs / 0.094 secs)
[1A[2KChrome Headless 145.0.0.0 (Windows 10): Executed 93 of 1399[32m SUCCESS[39m (0 secs / 0.094 secs)
[1A[2KChrome Headless 145.0.0.0 (Windows 10): Executed 94 of 1399[32m SUCCESS[39m (0 secs / 0.094 secs)
[1A[2KChrome Headless 145.0.0.0 (Windows 10): Executed 95 of 1399[32m SUCCESS[39m (0 secs / 0.094 secs)
[1A[2KChrome Headless 145.0.0.0 (Windows 10): Executed 96 of 1399[32m SUCCESS[39m (0 secs / 0.094 secs)
[1A[2KChrome Headless 145.0.0.0 (Windows 10): Executed 97 of 1399[32m SUCCESS[39m (0 secs / 0.094 secs)
[1A[2KChrome Headless 145.0.0.0 (Windows 10): Executed 98 of 1399[32m SUCCESS[39m (0 secs / 0.094 secs)
[1A[2KChrome Headless 145.0.0.0 (Windows 10): Executed 99 of 1399[32m SUCCESS[39m (0 secs / 0.094 secs)
[1A[2KChrome Headless 145.0.0.0 (Windows 10): Executed 100 of 1399[32m SUCCESS[39m (0 secs / 0.094 secs)
[1A[2KChrome Headless 145.0.0.0 (Windows 10): Executed 101 of 1399[32m SUCCESS[39m (0 secs / 0.094 secs)
[1A[2KChrome Headless 145.0.0.0 (Windows 10): Executed 102 of 1399[32m SUCCESS[39m (0 secs / 0.094 secs)
[1A[2KChrome Headless 145.0.0.0 (Windows 10): Executed 103 of 1399[32m SUCCESS[39m (0 secs / 0.094 secs)
[1A[2KChrome Headless 145.0.0.0 (Windows 10): Executed 104 of 1399[32m SUCCESS[39m (0 secs / 0.094 secs)
[1A[2KChrome Headless 145.0.0.0 (Windows 10): Executed 105 of 1399[32m SUCCESS[39m (0 secs / 0.094 secs)
[1A[2KChrome Headless 145.0.0.0 (Windows 10): Executed 106 of 1399[32m SUCCESS[39m (0 secs / 0.095 secs)
[1A[2KChrome Headless 145.0.0.0 (Windows 10): Executed 107 of 1399[32m SUCCESS[39m (0 secs / 0.095 secs)
[1A[2KChrome Headless 145.0.0.0 (Windows 10): Executed 108 of 1399[32m SUCCESS[39m (0 secs / 0.095 secs)
[1A[2KChrome Headless 145.0.0.0 (Windows 10): Executed 109 of 1399[32m SUCCESS[39m (0 secs / 0.096 secs)
[1A[2KChrome Headless 145.0.0.0 (Windows 10): Executed 110 of 1399[32m SUCCESS[39m (0 secs / 0.096 secs)
[1A[2KChrome Headless 145.0.0.0 (Windows 10): Executed 111 of 1399[32m SUCCESS[39m (0 secs / 0.096 secs)
[1A[2KChrome Headless 145.0.0.0 (Windows 10): Executed 112 of 1399[32m SUCCESS[39m (0 secs / 0.096 secs)
[1A[2KChrome Headless 145.0.0.0 (Windows 10): Executed 113 of 1399[32m SUCCESS[39m (0 secs / 0.096 secs)
[1A[2KChrome Headless 145.0.0.0 (Windows 10): Executed 114 of 1399[32m SUCCESS[39m (0 secs / 0.096 secs)
[1A[2KChrome Headless 145.0.0.0 (Windows 10): Executed 115 of 1399[32m SUCCESS[39m (0 secs / 0.097 secs)
[1A[2KChrome Headless 145.0.0.0 (Windows 10): Executed 116 of 1399[32m SUCCESS[39m (0 secs / 0.097 secs)
[1A[2KChrome Headless 145.0.0.0 (Windows 10): Executed 117 of 1399[32m SUCCESS[39m (0 secs / 0.099 secs)
[1A[2KChrome Headless 145.0.0.0 (Windows 10): Executed 118 of 1399[32m SUCCESS[39m (0 secs / 0.1 secs)
[1A[2KChrome Headless 145.0.0.0 (Windows 10): Executed 119 of 1399[32m SUCCESS[39m (0 secs / 0.102 secs)
[1A[2KChrome Headless 145.0.0.0 (Windows 10): Executed 120 of 1399[32m SUCCESS[39m (0 secs / 0.103 secs)
[1A[2KChrome Headless 145.0.0.0 (Windows 10): Executed 121 of 1399[32m SUCCESS[39m (0 secs / 0.104 secs)
[1A[2KChrome Headless 145.0.0.0 (Windows 10): Executed 122 of 1399[32m SUCCESS[39m (0 secs / 0.107 secs)
[1A[2KChrome Headless 145.0.0.0 (Windows 10): Executed 123 of 1399[32m SUCCESS[39m (0 secs / 0.176 secs)
[1A[2KChrome Headless 145.0.0.0 (Windows 10): Executed 124 of 1399[32m SUCCESS[39m (0 secs / 0.181 secs)
[1A[2KChrome Headless 145.0.0.0 (Windows 10): Executed 125 of 1399[32m SUCCESS[39m (0 secs / 0.186 secs)
[1A[2KChrome Headless 145.0.0.0 (Windows 10): Executed 126 of 1399[32m SUCCESS[39m (0 secs / 0.189 secs)
[1A[2KChrome Headless 145.0.0.0 (Windows 10): Executed 127 of 1399[32m SUCCESS[39m (0 secs / 0.193 secs)
[1A[2KChrome Headless 145.0.0.0 (Windows 10): Executed 128 of 1399[32m SUCCESS[39m (0 secs / 0.197 secs)
[1A[2KChrome Headless 145.0.0.0 (Windows 10): Executed 129 of 1399[32m SUCCESS[39m (0 secs / 0.201 secs)
[1A[2KChrome Headless 145.0.0.0 (Windows 10): Executed 130 of 1399[32m SUCCESS[39m (0 secs / 0.205 secs)
[1A[2KChrome Headless 145.0.0.0 (Windows 10): Executed 131 of 1399[32m SUCCESS[39m (0 secs / 0.211 secs)
[1A[2KChrome Headless 145.0.0.0 (Windows 10): Executed 132 of 1399[32m SUCCESS[39m (0 secs / 0.216 secs)
[1A[2KChrome Headless 145.0.0.0 (Windows 10): Executed 133 of 1399[32m SUCCESS[39m (0 secs / 0.219 secs)
[1A[2KChrome Headless 145.0.0.0 (Windows 10): Executed 134 of 1399[32m SUCCESS[39m (0 secs / 0.223 secs)
[1A[2KChrome Headless 145.0.0.0 (Windows 10): Executed 135 of 1399[32m SUCCESS[39m (0 secs / 0.227 secs)
[1A[2KChrome Headless 145.0.0.0 (Windows 10): Executed 136 of 1399[32m SUCCESS[39m (0 secs / 0.231 secs)
[1A[2KChrome Headless 145.0.0.0 (Windows 10): Executed 137 of 1399[32m SUCCESS[39m (0 secs / 0.235 secs)
[1A[2KChrome Headless 145.0.0.0 (Windows 10): Executed 138 of 1399[32m SUCCESS[39m (0 secs / 0.238 secs)
[1A[2KChrome Headless 145.0.0.0 (Windows 10): Executed 139 of 1399[32m SUCCESS[39m (0 secs / 0.24 secs)
[1A[2KChrome Headless 145.0.0.0 (Windows 10): Executed 140 of 1399[32m SUCCESS[39m (0 secs / 0.243 secs)
[1A[2KChrome Headless 145.0.0.0 (Windows 10): Executed 141 of 1399[32m SUCCESS[39m (0 secs / 0.245 secs)
[1A[2KChrome Headless 145.0.0.0 (Windows 10): Executed 142 of 1399[32m SUCCESS[39m (0 secs / 0.247 secs)
[1A[2KChrome Headless 145.0.0.0 (Windows 10): Executed 143 of 1399[32m SUCCESS[39m (0 secs / 0.251 secs)
[1A[2KChrome Headless 145.0.0.0 (Windows 10): Executed 144 of 1399[32m SUCCESS[39m (0 secs / 0.261 secs)
[1A[2KChrome Headless 145.0.0.0 (Windows 10): Executed 145 of 1399[32m SUCCESS[39m (0 secs / 0.264 secs)
[1A[2KChrome Headless 145.0.0.0 (Windows 10): Executed 146 of 1399[32m SUCCESS[39m (0 secs / 0.267 secs)
[1A[2KChrome Headless 145.0.0.0 (Windows 10): Executed 147 of 1399[32m SUCCESS[39m (0 secs / 0.27 secs)
[1A[2KChrome Headless 145.0.0.0 (Windows 10): Executed 148 of 1399[32m SUCCESS[39m (0 secs / 0.272 secs)
[1A[2KChrome Headless 145.0.0.0 (Windows 10): Executed 149 of 1399[32m SUCCESS[39m (0 secs / 0.274 secs)
[1A[2KChrome Headless 145.0.0.0 (Windows 10): Executed 150 of 1399[32m SUCCESS[39m (0 secs / 0.276 secs)
[1A[2KChrome Headless 145.0.0.0 (Windows 10): Executed 151 of 1399[32m SUCCESS[39m (0 secs / 0.278 secs)
[1A[2KChrome Headless 145.0.0.0 (Windows 10): Executed 152 of 1399[32m SUCCESS[39m (0 secs / 0.28 secs)
[1A[2KChrome Headless 145.0.0.0 (Windows 10): Executed 153 of 1399[32m SUCCESS[39m (0 secs / 0.282 secs)
[1A[2KChrome Headless 145.0.0.0 (Windows 10): Executed 154 of 1399[32m SUCCESS[39m (0 secs / 0.283 secs)
[1A[2KChrome Headless 145.0.0.0 (Windows 10): Executed 155 of 1399[32m SUCCESS[39m (0 secs / 0.285 secs)
[1A[2KChrome Headless 145.0.0.0 (Windows 10): Executed 156 of 1399[32m SUCCESS[39m (0 secs / 0.287 secs)
[1A[2KChrome Headless 145.0.0.0 (Windows 10): Executed 157 of 1399[32m SUCCESS[39m (0 secs / 0.289 secs)
[1A[2KChrome Headless 145.0.0.0 (Windows 10): Executed 158 of 1399[32m SUCCESS[39m (0 secs / 0.292 secs)
[1A[2KChrome Headless 145.0.0.0 (Windows 10): Executed 159 of 1399[32m SUCCESS[39m (0 secs / 0.294 secs)
[1A[2KChrome Headless 145.0.0.0 (Windows 10): Executed 160 of 1399[32m SUCCESS[39m (0 secs / 0.296 secs)
[1A[2KChrome Headless 145.0.0.0 (Windows 10): Executed 161 of 1399[32m SUCCESS[39m (0 secs / 0.298 secs)
[1A[2KChrome Headless 145.0.0.0 (Windows 10): Executed 162 of 1399[32m SUCCESS[39m (0 secs / 0.3 secs)
[1A[2KChrome Headless 145.0.0.0 (Windows 10): Executed 163 of 1399[32m SUCCESS[39m (0 secs / 0.3 secs)
[1A[2KChrome Headless 145.0.0.0 (Windows 10): Executed 164 of 1399[32m SUCCESS[39m (0 secs / 0.3 secs)
[1A[2KChrome Headless 145.0.0.0 (Windows 10): Executed 165 of 1399[32m SUCCESS[39m (0 secs / 0.3 secs)
[1A[2KChrome Headless 145.0.0.0 (Windows 10): Executed 166 of 1399[32m SUCCESS[39m (0 secs / 0.3 secs)
[1A[2KChrome Headless 145.0.0.0 (Windows 10): Executed 167 of 1399[32m SUCCESS[39m (0 secs / 0.301 secs)
[1A[2KChrome Headless 145.0.0.0 (Windows 10): Executed 168 of 1399[32m SUCCESS[39m (0 secs / 0.301 secs)
[1A[2KChrome Headless 145.0.0.0 (Windows 10): Executed 169 of 1399[32m SUCCESS[39m (0 secs / 0.301 secs)
[1A[2KChrome Headless 145.0.0.0 (Windows 10): Executed 170 of 1399[32m SUCCESS[39m (0 secs / 0.302 secs)
[1A[2KChrome Headless 145.0.0.0 (Windows 10): Executed 171 of 1399[32m SUCCESS[39m (0 secs / 0.302 secs)
[1A[2KChrome Headless 145.0.0.0 (Windows 10): Executed 172 of 1399[32m SUCCESS[39m (0 secs / 0.302 secs)
[1A[2KChrome Headless 145.0.0.0 (Windows 10): Executed 173 of 1399[32m SUCCESS[39m (0 secs / 0.303 secs)
[1A[2KChrome Headless 145.0.0.0 (Windows 10): Executed 174 of 1399[32m SUCCESS[39m (0 secs / 0.303 secs)
[1A[2KChrome Headless 145.0.0.0 (Windows 10): Executed 175 of 1399[32m SUCCESS[39m (0 secs / 0.303 secs)
[1A[2KChrome Headless 145.0.0.0 (Windows 10): Executed 176 of 1399[32m SUCCESS[39m (0 secs / 0.303 secs)
[1A[2KChrome Headless 145.0.0.0 (Windows 10): Executed 177 of 1399[32m SUCCESS[39m (0 secs / 0.303 secs)
[1A[2KChrome Headless 145.0.0.0 (Windows 10): Executed 178 of 1399[32m SUCCESS[39m (0 secs / 0.304 secs)
[1A[2KChrome Headless 145.0.0.0 (Windows 10): Executed 179 of 1399[32m SUCCESS[39m (0 secs / 0.304 secs)
[1A[2KChrome Headless 145.0.0.0 (Windows 10): Executed 180 of 1399[32m SUCCESS[39m (0 secs / 0.304 secs)
[1A[2KChrome Headless 145.0.0.0 (Windows 10): Executed 181 of 1399[32m SUCCESS[39m (0 secs / 0.304 secs)
[1A[2KChrome Headless 145.0.0.0 (Windows 10): Executed 182 of 1399[32m SUCCESS[39m (0 secs / 0.304 secs)
[1A[2KChrome Headless 145.0.0.0 (Windows 10): Executed 183 of 1399[32m SUCCESS[39m (0 secs / 0.304 secs)
[1A[2KChrome Headless 145.0.0.0 (Windows 10): Executed 184 of 1399[32m SUCCESS[39m (0 secs / 0.304 secs)
[1A[2KChrome Headless 145.0.0.0 (Windows 10): Executed 185 of 1399[32m SUCCESS[39m (0 secs / 0.304 secs)
[1A[2KChrome Headless 145.0.0.0 (Windows 10): Executed 186 of 1399[32m SUCCESS[39m (0 secs / 0.304 secs)
[1A[2KChrome Headless 145.0.0.0 (Windows 10): Executed 187 of 1399[32m SUCCESS[39m (0 secs / 0.304 secs)
[1A[2KChrome Headless 145.0.0.0 (Windows 10): Executed 188 of 1399[32m SUCCESS[39m (0 secs / 0.304 secs)
[1A[2KChrome Headless 145.0.0.0 (Windows 10): Executed 189 of 1399[32m SUCCESS[39m (0 secs / 0.304 secs)
[1A[2KChrome Headless 145.0.0.0 (Windows 10): Executed 190 of 1399[32m SUCCESS[39m (0 secs / 0.304 secs)
[1A[2KChrome Headless 145.0.0.0 (Windows 10): Executed 191 of 1399[32m SUCCESS[39m (0 secs / 0.304 secs)
[1A[2KChrome Headless 145.0.0.0 (Windows 10): Executed 192 of 1399[32m SUCCESS[39m (0 secs / 0.305 secs)
[1A[2KChrome Headless 145.0.0.0 (Windows 10): Executed 193 of 1399[32m SUCCESS[39m (0 secs / 0.305 secs)
[1A[2KChrome Headless 145.0.0.0 (Windows 10): Executed 194 of 1399[32m SUCCESS[39m (0 secs / 0.305 secs)
[1A[2KChrome Headless 145.0.0.0 (Windows 10): Executed 195 of 1399[32m SUCCESS[39m (0 secs / 0.306 secs)
[1A[2KChrome Headless 145.0.0.0 (Windows 10): Executed 196 of 1399[32m SUCCESS[39m (0 secs / 0.306 secs)
[1A[2KChrome Headless 145.0.0.0 (Windows 10): Executed 197 of 1399[32m SUCCESS[39m (0 secs / 0.306 secs)
[1A[2KChrome Headless 145.0.0.0 (Windows 10): Executed 198 of 1399[32m SUCCESS[39m (0 secs / 0.306 secs)
[1A[2KChrome Headless 145.0.0.0 (Windows 10): Executed 199 of 1399[32m SUCCESS[39m (0 secs / 0.306 secs)
[1A[2KChrome Headless 145.0.0.0 (Windows 10): Executed 200 of 1399[32m SUCCESS[39m (0 secs / 0.306 secs)
[1A[2KChrome Headless 145.0.0.0 (Windows 10): Executed 201 of 1399[32m SUCCESS[39m (0 secs / 0.306 secs)
[1A[2KChrome Headless 145.0.0.0 (Windows 10): Executed 202 of 1399[32m SUCCESS[39m (0 secs / 0.306 secs)
[1A[2KChrome Headless 145.0.0.0 (Windows 10): Executed 203 of 1399[32m SUCCESS[39m (0 secs / 0.307 secs)
[1A[2KChrome Headless 145.0.0.0 (Windows 10): Executed 204 of 1399[32m SUCCESS[39m (0 secs / 0.307 secs)
[1A[2KChrome Headless 145.0.0.0 (Windows 10): Executed 205 of 1399[32m SUCCESS[39m (0 secs / 0.308 secs)
[1A[2KChrome Headless 145.0.0.0 (Windows 10): Executed 206 of 1399[32m SUCCESS[39m (0 secs / 0.308 secs)
[1A[2KChrome Headless 145.0.0.0 (Windows 10): Executed 207 of 1399[32m SUCCESS[39m (0 secs / 0.308 secs)
[1A[2KChrome Headless 145.0.0.0 (Windows 10): Executed 208 of 1399[32m SUCCESS[39m (0 secs / 0.308 secs)
[1A[2KChrome Headless 145.0.0.0 (Windows 10): Executed 209 of 1399[32m SUCCESS[39m (0 secs / 0.309 secs)
[1A[2KChrome Headless 145.0.0.0 (Windows 10): Executed 210 of 1399[32m SUCCESS[39m (0 secs / 0.309 secs)
[1A[2KChrome Headless 145.0.0.0 (Windows 10): Executed 211 of 1399[32m SUCCESS[39m (0 secs / 0.309 secs)
[1A[2KChrome Headless 145.0.0.0 (Windows 10): Executed 212 of 1399[32m SUCCESS[39m (0 secs / 0.312 secs)
[1A[2KChrome Headless 145.0.0.0 (Windows 10): Executed 213 of 1399[32m SUCCESS[39m (0 secs / 0.313 secs)
[1A[2KChrome Headless 145.0.0.0 (Windows 10): Executed 214 of 1399[32m SUCCESS[39m (0 secs / 0.315 secs)
[1A[2KChrome Headless 145.0.0.0 (Windows 10): Executed 215 of 1399[32m SUCCESS[39m (0 secs / 0.317 secs)
[1A[2KChrome Headless 145.0.0.0 (Windows 10): Executed 216 of 1399[32m SUCCESS[39m (0 secs / 0.319 secs)
[1A[2KChrome Headless 145.0.0.0 (Windows 10): Executed 217 of 1399[32m SUCCESS[39m (0 secs / 0.321 secs)
[1A[2KChrome Headless 145.0.0.0 (Windows 10): Executed 218 of 1399[32m SUCCESS[39m (0 secs / 0.323 secs)
[1A[2KChrome Headless 145.0.0.0 (Windows 10): Executed 219 of 1399[32m SUCCESS[39m (0 secs / 0.325 secs)
[1A[2KChrome Headless 145.0.0.0 (Windows 10): Executed 220 of 1399[32m SUCCESS[39m (0 secs / 0.327 secs)
[1A[2KChrome Headless 145.0.0.0 (Windows 10): Executed 221 of 1399[32m SUCCESS[39m (0 secs / 0.33 secs)
[1A[2KChrome Headless 145.0.0.0 (Windows 10): Executed 222 of 1399[32m SUCCESS[39m (0 secs / 0.333 secs)
[1A[2KChrome Headless 145.0.0.0 (Windows 10): Executed 223 of 1399[32m SUCCESS[39m (0 secs / 0.335 secs)
[1A[2KChrome Headless 145.0.0.0 (Windows 10): Executed 224 of 1399[32m SUCCESS[39m (0 secs / 0.337 secs)
[1A[2KChrome Headless 145.0.0.0 (Windows 10): Executed 225 of 1399[32m SUCCESS[39m (0 secs / 0.339 secs)
[1A[2KChrome Headless 145.0.0.0 (Windows 10): Executed 226 of 1399[32m SUCCESS[39m (0 secs / 0.341 secs)
[1A[2KChrome Headless 145.0.0.0 (Windows 10): Executed 227 of 1399[32m SUCCESS[39m (0 secs / 0.342 secs)
[1A[2KChrome Headless 145.0.0.0 (Windows 10): Executed 228 of 1399[32m SUCCESS[39m (0 secs / 0.344 secs)
[1A[2KChrome Headless 145.0.0.0 (Windows 10): Executed 229 of 1399[32m SUCCESS[39m (0 secs / 0.345 secs)
[1A[2KChrome Headless 145.0.0.0 (Windows 10): Executed 230 of 1399[32m SUCCESS[39m (0 secs / 0.347 secs)
[1A[2KChrome Headless 145.0.0.0 (Windows 10): Executed 231 of 1399[32m SUCCESS[39m (0 secs / 0.348 secs)
[1A[2KChrome Headless 145.0.0.0 (Windows 10): Executed 232 of 1399[32m SUCCESS[39m (0 secs / 0.35 secs)
[1A[2KChrome Headless 145.0.0.0 (Windows 10): Executed 233 of 1399[32m SUCCESS[39m (0 secs / 0.353 secs)
[1A[2KChrome Headless 145.0.0.0 (Windows 10): Executed 234 of 1399[32m SUCCESS[39m (0 secs / 0.355 secs)
[1A[2KChrome Headless 145.0.0.0 (Windows 10): Executed 235 of 1399[32m SUCCESS[39m (0 secs / 0.358 secs)
[1A[2KChrome Headless 145.0.0.0 (Windows 10): Executed 236 of 1399[32m SUCCESS[39m (0 secs / 0.359 secs)
[1A[2KChrome Headless 145.0.0.0 (Windows 10): Executed 237 of 1399[32m SUCCESS[39m (0 secs / 0.36 secs)
[1A[2KChrome Headless 145.0.0.0 (Windows 10): Executed 238 of 1399[32m SUCCESS[39m (0 secs / 0.361 secs)
[1A[2KChrome Headless 145.0.0.0 (Windows 10): Executed 239 of 1399[32m SUCCESS[39m (0 secs / 0.363 secs)
[1A[2KChrome Headless 145.0.0.0 (Windows 10): Executed 240 of 1399[32m SUCCESS[39m (0 secs / 0.363 secs)
[1A[2KChrome Headless 145.0.0.0 (Windows 10): Executed 241 of 1399[32m SUCCESS[39m (0 secs / 0.364 secs)
[1A[2KChrome Headless 145.0.0.0 (Windows 10): Executed 242 of 1399[32m SUCCESS[39m (0 secs / 0.365 secs)
[1A[2KChrome Headless 145.0.0.0 (Windows 10): Executed 243 of 1399[32m SUCCESS[39m (0 secs / 0.366 secs)
[1A[2KChrome Headless 145.0.0.0 (Windows 10): Executed 244 of 1399[32m SUCCESS[39m (0 secs / 0.367 secs)
[1A[2KChrome Headless 145.0.0.0 (Windows 10): Executed 245 of 1399[32m SUCCESS[39m (0 secs / 0.368 secs)
[1A[2KChrome Headless 145.0.0.0 (Windows 10): Executed 246 of 1399[32m SUCCESS[39m (0 secs / 0.369 secs)
[1A[2KChrome Headless 145.0.0.0 (Windows 10): Executed 247 of 1399[32m SUCCESS[39m (0 secs / 0.371 secs)
[1A[2KChrome Headless 145.0.0.0 (Windows 10): Executed 248 of 1399[32m SUCCESS[39m (0 secs / 0.372 secs)
[1A[2KChrome Headless 145.0.0.0 (Windows 10): Executed 249 of 1399[32m SUCCESS[39m (0 secs / 0.373 secs)
[1A[2KChrome Headless 145.0.0.0 (Windows 10): Executed 250 of 1399[32m SUCCESS[39m (0 secs / 0.375 secs)
[1A[2KChrome Headless 145.0.0.0 (Windows 10): Executed 251 of 1399[32m SUCCESS[39m (0 secs / 0.376 secs)
[1A[2KChrome Headless 145.0.0.0 (Windows 10): Executed 252 of 1399[32m SUCCESS[39m (0 secs / 0.377 secs)
[1A[2KChrome Headless 145.0.0.0 (Windows 10): Executed 253 of 1399[32m SUCCESS[39m (0 secs / 0.378 secs)
[1A[2KChrome Headless 145.0.0.0 (Windows 10): Executed 254 of 1399[32m SUCCESS[39m (0 secs / 0.379 secs)
[1A[2KChrome Headless 145.0.0.0 (Windows 10): Executed 255 of 1399[32m SUCCESS[39m (0 secs / 0.38 secs)
[1A[2KChrome Headless 145.0.0.0 (Windows 10): Executed 256 of 1399[32m SUCCESS[39m (0 secs / 0.381 secs)
[1A[2KChrome Headless 145.0.0.0 (Windows 10): Executed 257 of 1399[32m SUCCESS[39m (0 secs / 0.382 secs)
[1A[2KChrome Headless 145.0.0.0 (Windows 10): Executed 258 of 1399[32m SUCCESS[39m (0 secs / 0.383 secs)
[1A[2KChrome Headless 145.0.0.0 (Windows 10): Executed 259 of 1399[32m SUCCESS[39m (0 secs / 0.384 secs)
[1A[2KChrome Headless 145.0.0.0 (Windows 10): Executed 260 of 1399[32m SUCCESS[39m (0 secs / 0.385 secs)
[1A[2KChrome Headless 145.0.0.0 (Windows 10): Executed 261 of 1399[32m SUCCESS[39m (0 secs / 0.386 secs)
[1A[2KChrome Headless 145.0.0.0 (Windows 10): Executed 262 of 1399[32m SUCCESS[39m (0 secs / 0.386 secs)
[1A[2KChrome Headless 145.0.0.0 (Windows 10): Executed 263 of 1399[32m SUCCESS[39m (0 secs / 0.386 secs)
[1A[2KChrome Headless 145.0.0.0 (Windows 10): Executed 264 of 1399[32m SUCCESS[39m (0 secs / 0.386 secs)
[1A[2KChrome Headless 145.0.0.0 (Windows 10): Executed 265 of 1399[32m SUCCESS[39m (0 secs / 0.386 secs)
[1A[2KChrome Headless 145.0.0.0 (Windows 10): Executed 266 of 1399[32m SUCCESS[39m (0 secs / 0.387 secs)
[1A[2KChrome Headless 145.0.0.0 (Windows 10): Executed 267 of 1399[32m SUCCESS[39m (0 secs / 0.389 secs)
[1A[2KChrome Headless 145.0.0.0 (Windows 10): Executed 268 of 1399[32m SUCCESS[39m (0 secs / 0.39 secs)
[1A[2KChrome Headless 145.0.0.0 (Windows 10): Executed 269 of 1399[32m SUCCESS[39m (0 secs / 0.396 secs)
[1A[2KChrome Headless 145.0.0.0 (Windows 10): Executed 270 of 1399[32m SUCCESS[39m (0 secs / 0.397 secs)
[1A[2KChrome Headless 145.0.0.0 (Windows 10): Executed 271 of 1399[32m SUCCESS[39m (0 secs / 0.399 secs)
[1A[2KChrome Headless 145.0.0.0 (Windows 10): Executed 272 of 1399[32m SUCCESS[39m (0 secs / 0.4 secs)
[1A[2KChrome Headless 145.0.0.0 (Windows 10): Executed 273 of 1399[32m SUCCESS[39m (0 secs / 0.4 secs)
[1A[2KChrome Headless 145.0.0.0 (Windows 10): Executed 274 of 1399[32m SUCCESS[39m (0 secs / 0.401 secs)
[1A[2KChrome Headless 145.0.0.0 (Windows 10): Executed 275 of 1399[32m SUCCESS[39m (0 secs / 0.402 secs)
[1A[2KChrome Headless 145.0.0.0 (Windows 10): Executed 276 of 1399[32m SUCCESS[39m (0 secs / 0.403 secs)
[1A[2KChrome Headless 145.0.0.0 (Windows 10): Executed 277 of 1399[32m SUCCESS[39m (0 secs / 0.403 secs)
[1A[2KChrome Headless 145.0.0.0 (Windows 10): Executed 278 of 1399[32m SUCCESS[39m (0 secs / 0.403 secs)
[1A[2KChrome Headless 145.0.0.0 (Windows 10): Executed 279 of 1399[32m SUCCESS[39m (0 secs / 0.404 secs)
[1A[2KChrome Headless 145.0.0.0 (Windows 10): Executed 280 of 1399[32m SUCCESS[39m (0 secs / 0.404 secs)
[1A[2KChrome Headless 145.0.0.0 (Windows 10): Executed 281 of 1399[32m SUCCESS[39m (0 secs / 0.404 secs)
[1A[2KChrome Headless 145.0.0.0 (Windows 10): Executed 282 of 1399[32m SUCCESS[39m (0 secs / 0.404 secs)
[1A[2KChrome Headless 145.0.0.0 (Windows 10): Executed 283 of 1399[32m SUCCESS[39m (0 secs / 0.404 secs)
[1A[2KChrome Headless 145.0.0.0 (Windows 10): Executed 284 of 1399[32m SUCCESS[39m (0 secs / 0.404 secs)
[1A[2KChrome Headless 145.0.0.0 (Windows 10): Executed 285 of 1399[32m SUCCESS[39m (0 secs / 0.404 secs)
[1A[2KChrome Headless 145.0.0.0 (Windows 10): Executed 286 of 1399[32m SUCCESS[39m (0 secs / 0.404 secs)
[1A[2KChrome Headless 145.0.0.0 (Windows 10): Executed 287 of 1399[32m SUCCESS[39m (0 secs / 0.404 secs)
[1A[2KChrome Headless 145.0.0.0 (Windows 10): Executed 288 of 1399[32m SUCCESS[39m (0 secs / 0.405 secs)
[1A[2KChrome Headless 145.0.0.0 (Windows 10): Executed 289 of 1399[32m SUCCESS[39m (0 secs / 0.405 secs)
[1A[2KChrome Headless 145.0.0.0 (Windows 10): Executed 290 of 1399[32m SUCCESS[39m (0 secs / 0.406 secs)
[1A[2KChrome Headless 145.0.0.0 (Windows 10): Executed 291 of 1399[32m SUCCESS[39m (0 secs / 0.406 secs)
[1A[2KChrome Headless 145.0.0.0 (Windows 10): Executed 292 of 1399[32m SUCCESS[39m (0 secs / 0.406 secs)
[1A[2KChrome Headless 145.0.0.0 (Windows 10): Executed 293 of 1399[32m SUCCESS[39m (0 secs / 0.406 secs)
[1A[2KChrome Headless 145.0.0.0 (Windows 10): Executed 294 of 1399[32m SUCCESS[39m (0 secs / 0.407 secs)
[1A[2KChrome Headless 145.0.0.0 (Windows 10): Executed 295 of 1399[32m SUCCESS[39m (0 secs / 0.407 secs)
[1A[2KChrome Headless 145.0.0.0 (Windows 10): Executed 296 of 1399[32m SUCCESS[39m (0 secs / 0.407 secs)
[1A[2KChrome Headless 145.0.0.0 (Windows 10): Executed 297 of 1399[32m SUCCESS[39m (0 secs / 0.407 secs)
[1A[2KChrome Headless 145.0.0.0 (Windows 10): Executed 298 of 1399[32m SUCCESS[39m (0 secs / 0.408 secs)
[1A[2KChrome Headless 145.0.0.0 (Windows 10): Executed 299 of 1399[32m SUCCESS[39m (0 secs / 0.408 secs)
[1A[2KChrome Headless 145.0.0.0 (Windows 10): Executed 300 of 1399[32m SUCCESS[39m (0 secs / 0.408 secs)
[1A[2KChrome Headless 145.0.0.0 (Windows 10): Executed 301 of 1399[32m SUCCESS[39m (0 secs / 0.408 secs)
[1A[2KChrome Headless 145.0.0.0 (Windows 10): Executed 302 of 1399[32m SUCCESS[39m (0 secs / 0.408 secs)
[1A[2KChrome Headless 145.0.0.0 (Windows 10): Executed 303 of 1399[32m SUCCESS[39m (0 secs / 0.408 secs)
[1A[2KChrome Headless 145.0.0.0 (Windows 10): Executed 304 of 1399[32m SUCCESS[39m (0 secs / 0.408 secs)
[1A[2KChrome Headless 145.0.0.0 (Windows 10): Executed 305 of 1399[32m SUCCESS[39m (0 secs / 0.408 secs)
[1A[2KChrome Headless 145.0.0.0 (Windows 10): Executed 306 of 1399[32m SUCCESS[39m (0 secs / 0.408 secs)
[1A[2KChrome Headless 145.0.0.0 (Windows 10): Executed 307 of 1399[32m SUCCESS[39m (0 secs / 0.408 secs)
[1A[2KChrome Headless 145.0.0.0 (Windows 10): Executed 308 of 1399[32m SUCCESS[39m (0 secs / 0.408 secs)
[1A[2KChrome Headless 145.0.0.0 (Windows 10): Executed 309 of 1399[32m SUCCESS[39m (0 secs / 0.408 secs)
[1A[2KChrome Headless 145.0.0.0 (Windows 10): Executed 310 of 1399[32m SUCCESS[39m (0 secs / 0.408 secs)
[1A[2KChrome Headless 145.0.0.0 (Windows 10): Executed 311 of 1399[32m SUCCESS[39m (0 secs / 0.408 secs)
[1A[2KChrome Headless 145.0.0.0 (Windows 10): Executed 312 of 1399[32m SUCCESS[39m (0 secs / 0.409 secs)
[1A[2KChrome Headless 145.0.0.0 (Windows 10): Executed 313 of 1399[32m SUCCESS[39m (0 secs / 0.409 secs)
[1A[2KChrome Headless 145.0.0.0 (Windows 10): Executed 314 of 1399[32m SUCCESS[39m (0 secs / 0.409 secs)
[1A[2KChrome Headless 145.0.0.0 (Windows 10): Executed 315 of 1399[32m SUCCESS[39m (0 secs / 0.409 secs)
[1A[2KChrome Headless 145.0.0.0 (Windows 10): Executed 316 of 1399[32m SUCCESS[39m (0 secs / 0.41 secs)
[1A[2KChrome Headless 145.0.0.0 (Windows 10): Executed 317 of 1399[32m SUCCESS[39m (0 secs / 0.41 secs)
[1A[2KChrome Headless 145.0.0.0 (Windows 10): Executed 318 of 1399[32m SUCCESS[39m (0 secs / 0.41 secs)
[1A[2KChrome Headless 145.0.0.0 (Windows 10): Executed 319 of 1399[32m SUCCESS[39m (0 secs / 0.411 secs)
[1A[2KChrome Headless 145.0.0.0 (Windows 10): Executed 320 of 1399[32m SUCCESS[39m (0 secs / 0.411 secs)
[1A[2KChrome Headless 145.0.0.0 (Windows 10): Executed 321 of 1399[32m SUCCESS[39m (0 secs / 0.411 secs)
[1A[2KChrome Headless 145.0.0.0 (Windows 10): Executed 322 of 1399[32m SUCCESS[39m (0 secs / 0.411 secs)
[1A[2KChrome Headless 145.0.0.0 (Windows 10): Executed 323 of 1399[32m SUCCESS[39m (0 secs / 0.412 secs)
[1A[2KChrome Headless 145.0.0.0 (Windows 10): Executed 324 of 1399[32m SUCCESS[39m (0 secs / 0.412 secs)
[1A[2KChrome Headless 145.0.0.0 (Windows 10): Executed 325 of 1399[32m SUCCESS[39m (0 secs / 0.412 secs)
[1A[2KChrome Headless 145.0.0.0 (Windows 10): Executed 326 of 1399[32m SUCCESS[39m (0 secs / 0.412 secs)
[1A[2KChrome Headless 145.0.0.0 (Windows 10): Executed 327 of 1399[32m SUCCESS[39m (0 secs / 0.412 secs)
[1A[2KChrome Headless 145.0.0.0 (Windows 10): Executed 328 of 1399[32m SUCCESS[39m (0 secs / 0.412 secs)
[1A[2KChrome Headless 145.0.0.0 (Windows 10): Executed 329 of 1399[32m SUCCESS[39m (0 secs / 0.412 secs)
[1A[2KChrome Headless 145.0.0.0 (Windows 10): Executed 330 of 1399[32m SUCCESS[39m (0 secs / 0.412 secs)
[1A[2KChrome Headless 145.0.0.0 (Windows 10): Executed 331 of 1399[32m SUCCESS[39m (0 secs / 0.557 secs)
[1A[2KChrome Headless 145.0.0.0 (Windows 10): Executed 332 of 1399[32m SUCCESS[39m (0 secs / 0.592 secs)
[1A[2KChrome Headless 145.0.0.0 (Windows 10): Executed 333 of 1399[32m SUCCESS[39m (0 secs / 0.621 secs)
[1A[2KChrome Headless 145.0.0.0 (Windows 10): Executed 334 of 1399[32m SUCCESS[39m (0 secs / 0.644 secs)
[1A[2KChrome Headless 145.0.0.0 (Windows 10): Executed 335 of 1399[32m SUCCESS[39m (0 secs / 0.666 secs)
[1A[2KChrome Headless 145.0.0.0 (Windows 10): Executed 336 of 1399[32m SUCCESS[39m (0 secs / 0.685 secs)
[1A[2KChrome Headless 145.0.0.0 (Windows 10): Executed 337 of 1399[32m SUCCESS[39m (0 secs / 0.704 secs)
[1A[2KChrome Headless 145.0.0.0 (Windows 10): Executed 338 of 1399[32m SUCCESS[39m (0 secs / 0.722 secs)
[1A[2KChrome Headless 145.0.0.0 (Windows 10): Executed 339 of 1399[32m SUCCESS[39m (0 secs / 0.738 secs)
[1A[2KChrome Headless 145.0.0.0 (Windows 10): Executed 340 of 1399[32m SUCCESS[39m (0 secs / 0.753 secs)
[1A[2KChrome Headless 145.0.0.0 (Windows 10): Executed 341 of 1399[32m SUCCESS[39m (0 secs / 0.783 secs)
[1A[2KChrome Headless 145.0.0.0 (Windows 10): Executed 342 of 1399[32m SUCCESS[39m (0 secs / 0.817 secs)
[1A[2KChrome Headless 145.0.0.0 (Windows 10): Executed 343 of 1399[32m SUCCESS[39m (0 secs / 0.855 secs)
[1A[2KChrome Headless 145.0.0.0 (Windows 10): Executed 344 of 1399[32m SUCCESS[39m (0 secs / 0.883 secs)
[1A[2KChrome Headless 145.0.0.0 (Windows 10): Executed 345 of 1399[32m SUCCESS[39m (0 secs / 0.912 secs)
[1A[2KChrome Headless 145.0.0.0 (Windows 10): Executed 346 of 1399[32m SUCCESS[39m (0 secs / 0.938 secs)
[1A[2KChrome Headless 145.0.0.0 (Windows 10): Executed 347 of 1399[32m SUCCESS[39m (0 secs / 0.974 secs)
[1A[2KChrome Headless 145.0.0.0 (Windows 10): Executed 348 of 1399[32m SUCCESS[39m (0 secs / 1.001 secs)
[1A[2KChrome Headless 145.0.0.0 (Windows 10): Executed 349 of 1399[32m SUCCESS[39m (0 secs / 1.029 secs)
[1A[2KChrome Headless 145.0.0.0 (Windows 10): Executed 350 of 1399[32m SUCCESS[39m (0 secs / 1.055 secs)
[1A[2KChrome Headless 145.0.0.0 (Windows 10): Executed 351 of 1399[32m SUCCESS[39m (0 secs / 1.057 secs)
[1A[2KChrome Headless 145.0.0.0 (Windows 10): Executed 352 of 1399[32m SUCCESS[39m (0 secs / 1.059 secs)
[1A[2KChrome Headless 145.0.0.0 (Windows 10): Executed 353 of 1399[32m SUCCESS[39m (0 secs / 1.061 secs)
[1A[2KChrome Headless 145.0.0.0 (Windows 10): Executed 354 of 1399[32m SUCCESS[39m (0 secs / 1.063 secs)
[1A[2KChrome Headless 145.0.0.0 (Windows 10): Executed 355 of 1399[32m SUCCESS[39m (0 secs / 1.064 secs)
[1A[2KChrome Headless 145.0.0.0 (Windows 10): Executed 356 of 1399[32m SUCCESS[39m (0 secs / 1.067 secs)
[1A[2KChrome Headless 145.0.0.0 (Windows 10): Executed 357 of 1399[32m SUCCESS[39m (0 secs / 1.069 secs)
[1A[2KChrome Headless 145.0.0.0 (Windows 10): Executed 358 of 1399[32m SUCCESS[39m (0 secs / 1.071 secs)
[1A[2KChrome Headless 145.0.0.0 (Windows 10): Executed 359 of 1399[32m SUCCESS[39m (0 secs / 1.074 secs)
[1A[2KChrome Headless 145.0.0.0 (Windows 10): Executed 360 of 1399[32m SUCCESS[39m (0 secs / 1.076 secs)
[1A[2KChrome Headless 145.0.0.0 (Windows 10): Executed 361 of 1399[32m SUCCESS[39m (0 secs / 1.077 secs)
[1A[2KChrome Headless 145.0.0.0 (Windows 10): Executed 362 of 1399[32m SUCCESS[39m (0 secs / 1.115 secs)
[1A[2KChrome Headless 145.0.0.0 (Windows 10): Executed 363 of 1399[32m SUCCESS[39m (0 secs / 1.161 secs)
[1A[2KChrome Headless 145.0.0.0 (Windows 10): Executed 364 of 1399[32m SUCCESS[39m (0 secs / 1.22 secs)
[1A[2KChrome Headless 145.0.0.0 (Windows 10): Executed 365 of 1399[32m SUCCESS[39m (0 secs / 1.246 secs)
[1A[2KChrome Headless 145.0.0.0 (Windows 10): Executed 366 of 1399[32m SUCCESS[39m (0 secs / 1.277 secs)
[1A[2KChrome Headless 145.0.0.0 (Windows 10): Executed 367 of 1399[32m SUCCESS[39m (0 secs / 1.305 secs)
[1A[2KChrome Headless 145.0.0.0 (Windows 10): Executed 368 of 1399[32m SUCCESS[39m (0 secs / 1.332 secs)
[1A[2KChrome Headless 145.0.0.0 (Windows 10): Executed 369 of 1399[32m SUCCESS[39m (0 secs / 1.36 secs)
[1A[2KChrome Headless 145.0.0.0 (Windows 10): Executed 370 of 1399[32m SUCCESS[39m (0 secs / 1.391 secs)
[1A[2KChrome Headless 145.0.0.0 (Windows 10): Executed 371 of 1399[32m SUCCESS[39m (0 secs / 1.426 secs)
[1A[2KChrome Headless 145.0.0.0 (Windows 10): Executed 372 of 1399[32m SUCCESS[39m (0 secs / 1.456 secs)
[1A[2KChrome Headless 145.0.0.0 (Windows 10): Executed 373 of 1399[32m SUCCESS[39m (0 secs / 1.486 secs)
[1A[2KChrome Headless 145.0.0.0 (Windows 10): Executed 374 of 1399[32m SUCCESS[39m (0 secs / 1.522 secs)
[1A[2KChrome Headless 145.0.0.0 (Windows 10): Executed 375 of 1399[32m SUCCESS[39m (0 secs / 1.549 secs)
[1A[2KChrome Headless 145.0.0.0 (Windows 10): Executed 376 of 1399[32m SUCCESS[39m (0 secs / 1.571 secs)
[1A[2KChrome Headless 145.0.0.0 (Windows 10): Executed 377 of 1399[32m SUCCESS[39m (0 secs / 1.594 secs)
[1A[2KChrome Headless 145.0.0.0 (Windows 10): Executed 378 of 1399[32m SUCCESS[39m (0 secs / 1.618 secs)
[1A[2KChrome Headless 145.0.0.0 (Windows 10): Executed 379 of 1399[32m SUCCESS[39m (0 secs / 1.646 secs)
[1A[2KChrome Headless 145.0.0.0 (Windows 10): Executed 380 of 1399[32m SUCCESS[39m (0 secs / 1.67 secs)
[1A[2KChrome Headless 145.0.0.0 (Windows 10): Executed 381 of 1399[32m SUCCESS[39m (0 secs / 1.694 secs)
[1A[2KChrome Headless 145.0.0.0 (Windows 10): Executed 382 of 1399[32m SUCCESS[39m (0 secs / 1.721 secs)
[1A[2KChrome Headless 145.0.0.0 (Windows 10): Executed 383 of 1399[32m SUCCESS[39m (0 secs / 1.722 secs)
[1A[2KChrome Headless 145.0.0.0 (Windows 10): Executed 384 of 1399[32m SUCCESS[39m (0 secs / 1.723 secs)
[1A[2KChrome Headless 145.0.0.0 (Windows 10): Executed 385 of 1399[32m SUCCESS[39m (0 secs / 1.723 secs)
[1A[2KChrome Headless 145.0.0.0 (Windows 10): Executed 386 of 1399[32m SUCCESS[39m (0 secs / 1.724 secs)
[1A[2KChrome Headless 145.0.0.0 (Windows 10): Executed 387 of 1399[32m SUCCESS[39m (0 secs / 1.726 secs)
[1A[2KChrome Headless 145.0.0.0 (Windows 10): Executed 388 of 1399[32m SUCCESS[39m (0 secs / 1.728 secs)
[1A[2KChrome Headless 145.0.0.0 (Windows 10): Executed 389 of 1399[32m SUCCESS[39m (0 secs / 1.73 secs)
[1A[2KChrome Headless 145.0.0.0 (Windows 10): Executed 390 of 1399[32m SUCCESS[39m (0 secs / 1.732 secs)
[1A[2KChrome Headless 145.0.0.0 (Windows 10): Executed 391 of 1399[32m SUCCESS[39m (0 secs / 1.734 secs)
[1A[2KChrome Headless 145.0.0.0 (Windows 10): Executed 392 of 1399[32m SUCCESS[39m (0 secs / 1.735 secs)
[1A[2KChrome Headless 145.0.0.0 (Windows 10): Executed 393 of 1399[32m SUCCESS[39m (0 secs / 1.737 secs)
[1A[2KChrome Headless 145.0.0.0 (Windows 10): Executed 394 of 1399[32m SUCCESS[39m (0 secs / 1.738 secs)
[1A[2KChrome Headless 145.0.0.0 (Windows 10): Executed 395 of 1399[32m SUCCESS[39m (0 secs / 1.739 secs)
[1A[2KChrome Headless 145.0.0.0 (Windows 10): Executed 396 of 1399[32m SUCCESS[39m (0 secs / 1.74 secs)
[1A[2KChrome Headless 145.0.0.0 (Windows 10): Executed 397 of 1399[32m SUCCESS[39m (0 secs / 1.741 secs)
[1A[2KChrome Headless 145.0.0.0 (Windows 10): Executed 398 of 1399[32m SUCCESS[39m (0 secs / 1.742 secs)
[1A[2KChrome Headless 145.0.0.0 (Windows 10): Executed 399 of 1399[32m SUCCESS[39m (0 secs / 1.743 secs)
[1A[2KChrome Headless 145.0.0.0 (Windows 10): Executed 400 of 1399[32m SUCCESS[39m (0 secs / 1.796 secs)
[1A[2KChrome Headless 145.0.0.0 (Windows 10): Executed 401 of 1399[32m SUCCESS[39m (0 secs / 1.842 secs)
[1A[2KChrome Headless 145.0.0.0 (Windows 10): Executed 402 of 1399[32m SUCCESS[39m (0 secs / 1.867 secs)
[1A[2KChrome Headless 145.0.0.0 (Windows 10): Executed 403 of 1399[32m SUCCESS[39m (0 secs / 1.894 secs)
[1A[2KChrome Headless 145.0.0.0 (Windows 10): Executed 404 of 1399[32m SUCCESS[39m (0 secs / 1.946 secs)
[1A[2KWARN: [36m'Spec 'Accessibility Tests ARIA Attributes should have proper ARIA attributes on calendar' has no expectations.'[39m
Chrome Headless 145.0.0.0 (Windows 10): Executed 404 of 1399[32m SUCCESS[39m (0 secs / 1.946 secs)
WARN: 'Spec 'Accessibility Tests ARIA Attributes should have proper ARIA attributes on calendar' has no expectations.'
[1A[2KChrome Headless 145.0.0.0 (Windows 10): Executed 405 of 1399[32m SUCCESS[39m (0 secs / 1.99 secs)
[1A[2KChrome Headless 145.0.0.0 (Windows 10): Executed 406 of 1399[32m SUCCESS[39m (0 secs / 1.996 secs)
[1A[2KChrome Headless 145.0.0.0 (Windows 10): Executed 407 of 1399[32m SUCCESS[39m (0 secs / 2.003 secs)
[1A[2KChrome Headless 145.0.0.0 (Windows 10): Executed 408 of 1399[32m SUCCESS[39m (0 secs / 2.032 secs)
[1A[2KChrome Headless 145.0.0.0 (Windows 10): Executed 409 of 1399[32m SUCCESS[39m (0 secs / 2.04 secs)
[1A[2KChrome Headless 145.0.0.0 (Windows 10): Executed 410 of 1399[32m SUCCESS[39m (0 secs / 2.046 secs)
[1A[2KChrome Headless 145.0.0.0 (Windows 10): Executed 411 of 1399[32m SUCCESS[39m (0 secs / 2.064 secs)
[1A[2KChrome Headless 145.0.0.0 (Windows 10): Executed 412 of 1399[32m SUCCESS[39m (0 secs / 2.069 secs)
[1A[2KWARN: [36m'Spec 'Accessibility Tests Live Regions should have live region for dynamic content' has no expectations.'[39m
Chrome Headless 145.0.0.0 (Windows 10): Executed 412 of 1399[32m SUCCESS[39m (0 secs / 2.069 secs)
WARN: 'Spec 'Accessibility Tests Live Regions should have live region for dynamic content' has no expectations.'
[1A[2KChrome Headless 145.0.0.0 (Windows 10): Executed 413 of 1399[32m SUCCESS[39m (0 secs / 2.077 secs)
[1A[2KWARN: [36m'Spec 'Accessibility Tests Automated Accessibility Scanning (axe-core) should verify link and button text is descriptive' has no expectations.'[39m
Chrome Headless 145.0.0.0 (Windows 10): Executed 413 of 1399[32m SUCCESS[39m (0 secs / 2.077 secs)
WARN: 'Spec 'Accessibility Tests Automated Accessibility Scanning (axe-core) should verify link and button text is descriptive' has no expectations.'
[1A[2KChrome Headless 145.0.0.0 (Windows 10): Executed 414 of 1399[32m SUCCESS[39m (0 secs / 2.083 secs)
[1A[2KWARN: [36m'axe-core is not available. Accessibility testing skipped. Install axe-core to enable automated accessibility checks.'[39m
Chrome Headless 145.0.0.0 (Windows 10): Executed 414 of 1399[32m SUCCESS[39m (0 secs / 2.083 secs)
WARN: 'axe-core is not available. Accessibility testing skipped. Install axe-core to enable automated accessibility checks.'
[1A[2KWARN: [36m'Spec 'Accessibility Tests Automated Accessibility Scanning (axe-core) should maintain accessibility during date selection' has no expectations.'[39m
Chrome Headless 145.0.0.0 (Windows 10): Executed 414 of 1399[32m SUCCESS[39m (0 secs / 2.083 secs)
WARN: 'Spec 'Accessibility Tests Automated Accessibility Scanning (axe-core) should maintain accessibility during date selection' has no expectations.'
[1A[2KChrome Headless 145.0.0.0 (Windows 10): Executed 415 of 1399[32m SUCCESS[39m (0 secs / 2.126 secs)
[1A[2KChrome Headless 145.0.0.0 (Windows 10): Executed 416 of 1399[32m SUCCESS[39m (0 secs / 2.149 secs)
[1A[2KChrome Headless 145.0.0.0 (Windows 10): Executed 417 of 1399[32m SUCCESS[39m (0 secs / 2.194 secs)
[1A[2KWARN: [36m'axe-core is not available. Accessibility testing skipped. Install axe-core to enable automated accessibility checks.'[39m
Chrome Headless 145.0.0.0 (Windows 10): Executed 417 of 1399[32m SUCCESS[39m (0 secs / 2.194 secs)
WARN: 'axe-core is not available. Accessibility testing skipped. Install axe-core to enable automated accessibility checks.'
[1A[2KLOG: [36m'Role "dialog" has label:', true[39m
Chrome Headless 145.0.0.0 (Windows 10): Executed 417 of 1399 (skipped 1)[32m SUCCESS[39m (0 secs / 2.194 secs)
LOG: 'Role "dialog" has label:', true
[1A[2KLOG: [36m'Role "button" has label:', true[39m
Chrome Headless 145.0.0.0 (Windows 10): Executed 417 of 1399 (skipped 1)[32m SUCCESS[39m (0 secs / 2.194 secs)
LOG: 'Role "button" has label:', true
[1A[2KLOG: [36m'Role "button" has label:', true[39m
Chrome Headless 145.0.0.0 (Windows 10): Executed 417 of 1399 (skipped 1)[32m SUCCESS[39m (0 secs / 2.194 secs)
LOG: 'Role "button" has label:', true
[1A[2KLOG: [36m'Role "grid" has label:', true[39m
Chrome Headless 145.0.0.0 (Windows 10): Executed 417 of 1399 (skipped 1)[32m SUCCESS[39m (0 secs / 2.194 secs)
LOG: 'Role "grid" has label:', true
[1A[2KLOG: [36m'Role "gridcell" has label:', true[39m
Chrome Headless 145.0.0.0 (Windows 10): Executed 417 of 1399 (skipped 1)[32m SUCCESS[39m (0 secs / 2.194 secs)
LOG: 'Role "gridcell" has label:', true
[1A[2KLOG: [36m'Role "gridcell" has label:', true[39m
Chrome Headless 145.0.0.0 (Windows 10): Executed 417 of 1399 (skipped 1)[32m SUCCESS[39m (0 secs / 2.194 secs)
LOG: 'Role "gridcell" has label:', true
[1A[2KLOG: [36m'Role "gridcell" has label:', true[39m
Chrome Headless 145.0.0.0 (Windows 10): Executed 417 of 1399 (skipped 1)[32m SUCCESS[39m (0 secs / 2.194 secs)
LOG: 'Role "gridcell" has label:', true
[1A[2KLOG: [36m'Role "gridcell" has label:', true[39m
Chrome Headless 145.0.0.0 (Windows 10): Executed 417 of 1399 (skipped 1)[32m SUCCESS[39m (0 secs / 2.194 secs)
LOG: 'Role "gridcell" has label:', true
[1A[2KLOG: [36m'Role "gridcell" has label:', true[39m
Chrome Headless 145.0.0.0 (Windows 10): Executed 417 of 1399 (skipped 1)[32m SUCCESS[39m (0 secs / 2.194 secs)
LOG: 'Role "gridcell" has label:', true
[1A[2KLOG: [36m'Role "gridcell" has label:', true[39m
Chrome Headless 145.0.0.0 (Windows 10): Executed 417 of 1399 (skipped 1)[32m SUCCESS[39m (0 secs / 2.194 secs)
LOG: 'Role "gridcell" has label:', true
[1A[2KLOG: [36m'Role "gridcell" has label:', true[39m
Chrome Headless 145.0.0.0 (Windows 10): Executed 417 of 1399 (skipped 1)[32m SUCCESS[39m (0 secs / 2.194 secs)
LOG: 'Role "gridcell" has label:', true
[1A[2KLOG: [36m'Role "gridcell" has label:', true[39m
Chrome Headless 145.0.0.0 (Windows 10): Executed 417 of 1399 (skipped 1)[32m SUCCESS[39m (0 secs / 2.194 secs)
LOG: 'Role "gridcell" has label:', true
[1A[2KLOG: [36m'Role "gridcell" has label:', true[39m
Chrome Headless 145.0.0.0 (Windows 10): Executed 417 of 1399 (skipped 1)[32m SUCCESS[39m (0 secs / 2.194 secs)
LOG: 'Role "gridcell" has label:', true
[1A[2KLOG: [36m'Role "gridcell" has label:', true[39m
Chrome Headless 145.0.0.0 (Windows 10): Executed 417 of 1399 (skipped 1)[32m SUCCESS[39m (0 secs / 2.194 secs)
LOG: 'Role "gridcell" has label:', true
[1A[2KLOG: [36m'Role "gridcell" has label:', true[39m
Chrome Headless 145.0.0.0 (Windows 10): Executed 417 of 1399 (skipped 1)[32m SUCCESS[39m (0 secs / 2.194 secs)
LOG: 'Role "gridcell" has label:', true
[1A[2KLOG: [36m'Role "gridcell" has label:', true[39m
Chrome Headless 145.0.0.0 (Windows 10): Executed 417 of 1399 (skipped 1)[32m SUCCESS[39m (0 secs / 2.194 secs)
LOG: 'Role "gridcell" has label:', true
[1A[2KLOG: [36m'Role "gridcell" has label:', true[39m
Chrome Headless 145.0.0.0 (Windows 10): Executed 417 of 1399 (skipped 1)[32m SUCCESS[39m (0 secs / 2.194 secs)
LOG: 'Role "gridcell" has label:', true
[1A[2KLOG: [36m'Role "gridcell" has label:', true[39m
Chrome Headless 145.0.0.0 (Windows 10): Executed 417 of 1399 (skipped 1)[32m SUCCESS[39m (0 secs / 2.194 secs)
LOG: 'Role "gridcell" has label:', true
[1A[2KLOG: [36m'Role "gridcell" has label:', true[39m
Chrome Headless 145.0.0.0 (Windows 10): Executed 417 of 1399 (skipped 1)[32m SUCCESS[39m (0 secs / 2.194 secs)
LOG: 'Role "gridcell" has label:', true
[1A[2KLOG: [36m'Role "gridcell" has label:', true[39m
Chrome Headless 145.0.0.0 (Windows 10): Executed 417 of 1399 (skipped 1)[32m SUCCESS[39m (0 secs / 2.194 secs)
LOG: 'Role "gridcell" has label:', true
[1A[2KLOG: [36m'Role "gridcell" has label:', true[39m
Chrome Headless 145.0.0.0 (Windows 10): Executed 417 of 1399 (skipped 1)[32m SUCCESS[39m (0 secs / 2.194 secs)
LOG: 'Role "gridcell" has label:', true
[1A[2KLOG: [36m'Role "gridcell" has label:', true[39m
Chrome Headless 145.0.0.0 (Windows 10): Executed 417 of 1399 (skipped 1)[32m SUCCESS[39m (0 secs / 2.194 secs)
LOG: 'Role "gridcell" has label:', true
[1A[2KLOG: [36m'Role "gridcell" has label:', true[39m
Chrome Headless 145.0.0.0 (Windows 10): Executed 417 of 1399 (skipped 1)[32m SUCCESS[39m (0 secs / 2.194 secs)
LOG: 'Role "gridcell" has label:', true
[1A[2KLOG: [36m'Role "gridcell" has label:', true[39m
Chrome Headless 145.0.0.0 (Windows 10): Executed 417 of 1399 (skipped 1)[32m SUCCESS[39m (0 secs / 2.194 secs)
LOG: 'Role "gridcell" has label:', true
[1A[2KLOG: [36m'Role "gridcell" has label:', true[39m
Chrome Headless 145.0.0.0 (Windows 10): Executed 417 of 1399 (skipped 1)[32m SUCCESS[39m (0 secs / 2.194 secs)
LOG: 'Role "gridcell" has label:', true
[1A[2KLOG: [36m'Role "gridcell" has label:', true[39m
Chrome Headless 145.0.0.0 (Windows 10): Executed 417 of 1399 (skipped 1)[32m SUCCESS[39m (0 secs / 2.194 secs)
LOG: 'Role "gridcell" has label:', true
[1A[2KLOG: [36m'Role "gridcell" has label:', true[39m
Chrome Headless 145.0.0.0 (Windows 10): Executed 417 of 1399 (skipped 1)[32m SUCCESS[39m (0 secs / 2.194 secs)
LOG: 'Role "gridcell" has label:', true
[1A[2KLOG: [36m'Role "gridcell" has label:', true[39m
Chrome Headless 145.0.0.0 (Windows 10): Executed 417 of 1399 (skipped 1)[32m SUCCESS[39m (0 secs / 2.194 secs)
LOG: 'Role "gridcell" has label:', true
[1A[2KLOG: [36m'Role "gridcell" has label:', true[39m
Chrome Headless 145.0.0.0 (Windows 10): Executed 417 of 1399 (skipped 1)[32m SUCCESS[39m (0 secs / 2.194 secs)
LOG: 'Role "gridcell" has label:', true
[1A[2KLOG: [36m'Role "gridcell" has label:', true[39m
Chrome Headless 145.0.0.0 (Windows 10): Executed 417 of 1399 (skipped 1)[32m SUCCESS[39m (0 secs / 2.194 secs)
LOG: 'Role "gridcell" has label:', true
[1A[2KLOG: [36m'Role "gridcell" has label:', true[39m
Chrome Headless 145.0.0.0 (Windows 10): Executed 417 of 1399 (skipped 1)[32m SUCCESS[39m (0 secs / 2.194 secs)
LOG: 'Role "gridcell" has label:', true
[1A[2KLOG: [36m'Role "gridcell" has label:', true[39m
Chrome Headless 145.0.0.0 (Windows 10): Executed 417 of 1399 (skipped 1)[32m SUCCESS[39m (0 secs / 2.194 secs)
LOG: 'Role "gridcell" has label:', true
[1A[2KLOG: [36m'Role "gridcell" has label:', true[39m
Chrome Headless 145.0.0.0 (Windows 10): Executed 417 of 1399 (skipped 1)[32m SUCCESS[39m (0 secs / 2.194 secs)
LOG: 'Role "gridcell" has label:', true
[1A[2KLOG: [36m'Role "gridcell" has label:', true[39m
Chrome Headless 145.0.0.0 (Windows 10): Executed 417 of 1399 (skipped 1)[32m SUCCESS[39m (0 secs / 2.194 secs)
LOG: 'Role "gridcell" has label:', true
[1A[2KLOG: [36m'Role "gridcell" has label:', true[39m
Chrome Headless 145.0.0.0 (Windows 10): Executed 417 of 1399 (skipped 1)[32m SUCCESS[39m (0 secs / 2.194 secs)
LOG: 'Role "gridcell" has label:', true
[1A[2KLOG: [36m'Role "gridcell" has label:', true[39m
Chrome Headless 145.0.0.0 (Windows 10): Executed 417 of 1399 (skipped 1)[32m SUCCESS[39m (0 secs / 2.194 secs)
LOG: 'Role "gridcell" has label:', true
[1A[2KLOG: [36m'Role "gridcell" has label:', true[39m
Chrome Headless 145.0.0.0 (Windows 10): Executed 417 of 1399 (skipped 1)[32m SUCCESS[39m (0 secs / 2.194 secs)
LOG: 'Role "gridcell" has label:', true
[1A[2KLOG: [36m'Role "gridcell" has label:', true[39m
Chrome Headless 145.0.0.0 (Windows 10): Executed 417 of 1399 (skipped 1)[32m SUCCESS[39m (0 secs / 2.194 secs)
LOG: 'Role "gridcell" has label:', true
[1A[2KLOG: [36m'Role "gridcell" has label:', true[39m
Chrome Headless 145.0.0.0 (Windows 10): Executed 417 of 1399 (skipped 1)[32m SUCCESS[39m (0 secs / 2.194 secs)
LOG: 'Role "gridcell" has label:', true
[1A[2KLOG: [36m'Role "gridcell" has label:', true[39m
Chrome Headless 145.0.0.0 (Windows 10): Executed 417 of 1399 (skipped 1)[32m SUCCESS[39m (0 secs / 2.194 secs)
LOG: 'Role "gridcell" has label:', true
[1A[2KLOG: [36m'Role "gridcell" has label:', true[39m
Chrome Headless 145.0.0.0 (Windows 10): Executed 417 of 1399 (skipped 1)[32m SUCCESS[39m (0 secs / 2.194 secs)
LOG: 'Role "gridcell" has label:', true
[1A[2KLOG: [36m'Role "gridcell" has label:', true[39m
Chrome Headless 145.0.0.0 (Windows 10): Executed 417 of 1399 (skipped 1)[32m SUCCESS[39m (0 secs / 2.194 secs)
LOG: 'Role "gridcell" has label:', true
[1A[2KLOG: [36m'Role "gridcell" has label:', true[39m
Chrome Headless 145.0.0.0 (Windows 10): Executed 417 of 1399 (skipped 1)[32m SUCCESS[39m (0 secs / 2.194 secs)
LOG: 'Role "gridcell" has label:', true
[1A[2KLOG: [36m'Role "gridcell" has label:', true[39m
Chrome Headless 145.0.0.0 (Windows 10): Executed 417 of 1399 (skipped 1)[32m SUCCESS[39m (0 secs / 2.194 secs)
LOG: 'Role "gridcell" has label:', true
[1A[2KLOG: [36m'Role "gridcell" has label:', true[39m
Chrome Headless 145.0.0.0 (Windows 10): Executed 417 of 1399 (skipped 1)[32m SUCCESS[39m (0 secs / 2.194 secs)
LOG: 'Role "gridcell" has label:', true
[1A[2KLOG: [36m'Role "gridcell" has label:', true[39m
Chrome Headless 145.0.0.0 (Windows 10): Executed 417 of 1399 (skipped 1)[32m SUCCESS[39m (0 secs / 2.194 secs)
LOG: 'Role "gridcell" has label:', true
[1A[2KChrome Headless 145.0.0.0 (Windows 10): Executed 418 of 1399 (skipped 1)[32m SUCCESS[39m (0 secs / 2.231 secs)
[1A[2KChrome Headless 145.0.0.0 (Windows 10): Executed 419 of 1399 (skipped 1)[32m SUCCESS[39m (0 secs / 2.266 secs)
[1A[2KLOG: [36m'Element DIV keyboard support:', true[39m
Chrome Headless 145.0.0.0 (Windows 10): Executed 419 of 1399 (skipped 1)[32m SUCCESS[39m (0 secs / 2.266 secs)
LOG: 'Element DIV keyboard support:', true
[1A[2KLOG: [36m'Element BUTTON keyboard support:', true[39m
Chrome Headless 145.0.0.0 (Windows 10): Executed 419 of 1399 (skipped 1)[32m SUCCESS[39m (0 secs / 2.266 secs)
LOG: 'Element BUTTON keyboard support:', true
[1A[2KLOG: [36m'Element DIV keyboard support:', true[39m
Chrome Headless 145.0.0.0 (Windows 10): Executed 419 of 1399 (skipped 1)[32m SUCCESS[39m (0 secs / 2.266 secs)
LOG: 'Element DIV keyboard support:', true
[1A[2KLOG: [36m'Element BUTTON keyboard support:', true[39m
Chrome Headless 145.0.0.0 (Windows 10): Executed 419 of 1399 (skipped 1)[32m SUCCESS[39m (0 secs / 2.266 secs)
LOG: 'Element BUTTON keyboard support:', true
[1A[2KLOG: [36m'Element BUTTON keyboard support:', true[39m
Chrome Headless 145.0.0.0 (Windows 10): Executed 419 of 1399 (skipped 1)[32m SUCCESS[39m (0 secs / 2.266 secs)
LOG: 'Element BUTTON keyboard support:', true
[1A[2KLOG: [36m'Element BUTTON keyboard support:', true[39m
Chrome Headless 145.0.0.0 (Windows 10): Executed 419 of 1399 (skipped 1)[32m SUCCESS[39m (0 secs / 2.266 secs)
LOG: 'Element BUTTON keyboard support:', true
[1A[2KChrome Headless 145.0.0.0 (Windows 10): Executed 420 of 1399 (skipped 1)[32m SUCCESS[39m (0 secs / 2.298 secs)
[1A[2KLOG: [36m'Input ARIA attributes:', Object{aria-label: 'Select date', aria-describedby: 'datepicker-help-ngxsmk-datepicker-63'}[39m
Chrome Headless 145.0.0.0 (Windows 10): Executed 420 of 1399 (skipped 1)[32m SUCCESS[39m (0 secs / 2.298 secs)
LOG: 'Input ARIA attributes:', Object{aria-label: 'Select date', aria-describedby: 'datepicker-help-ngxsmk-datepicker-63'}
[1A[2KChrome Headless 145.0.0.0 (Windows 10): Executed 421 of 1399 (skipped 1)[32m SUCCESS[39m (0 secs / 2.305 secs)
[1A[2KWARN: [36m'axe-core is not available. Accessibility testing skipped. Install axe-core to enable automated accessibility checks.'[39m
Chrome Headless 145.0.0.0 (Windows 10): Executed 421 of 1399 (skipped 1)[32m SUCCESS[39m (0 secs / 2.305 secs)
WARN: 'axe-core is not available. Accessibility testing skipped. Install axe-core to enable automated accessibility checks.'
[1A[2KChrome Headless 145.0.0.0 (Windows 10): Executed 422 of 1399 (skipped 2)[32m SUCCESS[39m (0 secs / 2.353 secs)
[1A[2KChrome Headless 145.0.0.0 (Windows 10): Executed 423 of 1399 (skipped 2)[32m SUCCESS[39m (0 secs / 2.396 secs)
[1A[2KChrome Headless 145.0.0.0 (Windows 10): Executed 424 of 1399 (skipped 2)[32m SUCCESS[39m (0 secs / 2.437 secs)
[1A[2KChrome Headless 145.0.0.0 (Windows 10): Executed 425 of 1399 (skipped 2)[32m SUCCESS[39m (0 secs / 2.443 secs)
[1A[2KChrome Headless 145.0.0.0 (Windows 10): Executed 426 of 1399 (skipped 2)[32m SUCCESS[39m (0 secs / 2.469 secs)
[1A[2KChrome Headless 145.0.0.0 (Windows 10): Executed 427 of 1399 (skipped 2)[32m SUCCESS[39m (0 secs / 2.502 secs)
[1A[2KChrome Headless 145.0.0.0 (Windows 10): Executed 428 of 1399 (skipped 2)[32m SUCCESS[39m (0 secs / 2.515 secs)
[1A[2KChrome Headless 145.0.0.0 (Windows 10): Executed 429 of 1399 (skipped 2)[32m SUCCESS[39m (0 secs / 2.516 secs)
[1A[2KChrome Headless 145.0.0.0 (Windows 10): Executed 430 of 1399 (skipped 2)[32m SUCCESS[39m (0 secs / 2.516 secs)
[1A[2KChrome Headless 145.0.0.0 (Windows 10): Executed 431 of 1399 (skipped 2)[32m SUCCESS[39m (0 secs / 2.517 secs)
[1A[2KChrome Headless 145.0.0.0 (Windows 10): Executed 432 of 1399 (skipped 2)[32m SUCCESS[39m (0 secs / 2.519 secs)
[1A[2KChrome Headless 145.0.0.0 (Windows 10): Executed 433 of 1399 (skipped 2)[32m SUCCESS[39m (0 secs / 2.52 secs)
[1A[2KChrome Headless 145.0.0.0 (Windows 10): Executed 434 of 1399 (skipped 2)[32m SUCCESS[39m (0 secs / 2.521 secs)
[1A[2KChrome Headless 145.0.0.0 (Windows 10): Executed 435 of 1399 (skipped 2)[32m SUCCESS[39m (0 secs / 2.522 secs)
[1A[2KChrome Headless 145.0.0.0 (Windows 10): Executed 436 of 1399 (skipped 2)[32m SUCCESS[39m (0 secs / 2.523 secs)
[1A[2KChrome Headless 145.0.0.0 (Windows 10): Executed 437 of 1399 (skipped 2)[32m SUCCESS[39m (0 secs / 2.548 secs)
[1A[2KChrome Headless 145.0.0.0 (Windows 10): Executed 438 of 1399 (skipped 2)[32m SUCCESS[39m (0 secs / 2.575 secs)
[1A[2KChrome Headless 145.0.0.0 (Windows 10): Executed 439 of 1399 (skipped 2)[32m SUCCESS[39m (0 secs / 2.601 secs)
[1A[2KChrome Headless 145.0.0.0 (Windows 10): Executed 440 of 1399 (skipped 2)[32m SUCCESS[39m (0 secs / 2.624 secs)
[1A[2KChrome Headless 145.0.0.0 (Windows 10): Executed 441 of 1399 (skipped 2)[32m SUCCESS[39m (0 secs / 2.704 secs)
[1A[2KChrome Headless 145.0.0.0 (Windows 10): Executed 442 of 1399 (skipped 2)[32m SUCCESS[39m (0 secs / 2.711 secs)
[1A[2KChrome Headless 145.0.0.0 (Windows 10): Executed 443 of 1399 (skipped 2)[32m SUCCESS[39m (0 secs / 2.731 secs)
[1A[2KChrome Headless 145.0.0.0 (Windows 10): Executed 444 of 1399 (skipped 2)[32m SUCCESS[39m (0 secs / 2.752 secs)
[1A[2KChrome Headless 145.0.0.0 (Windows 10): Executed 445 of 1399 (skipped 2)[32m SUCCESS[39m (0 secs / 2.774 secs)
[1A[2KChrome Headless 145.0.0.0 (Windows 10): Executed 446 of 1399 (skipped 2)[32m SUCCESS[39m (0 secs / 2.799 secs)
[1A[2KChrome Headless 145.0.0.0 (Windows 10): Executed 447 of 1399 (skipped 2)[32m SUCCESS[39m (0 secs / 2.805 secs)
[1A[2KChrome Headless 145.0.0.0 (Windows 10): Executed 448 of 1399 (skipped 2)[32m SUCCESS[39m (0 secs / 2.811 secs)
[1A[2KChrome Headless 145.0.0.0 (Windows 10): Executed 449 of 1399 (skipped 2)[32m SUCCESS[39m (0 secs / 2.819 secs)
[1A[2KChrome Headless 145.0.0.0 (Windows 10): Executed 450 of 1399 (skipped 2)[32m SUCCESS[39m (0 secs / 2.826 secs)
[1A[2KChrome Headless 145.0.0.0 (Windows 10): Executed 451 of 1399 (skipped 2)[32m SUCCESS[39m (0 secs / 2.831 secs)
[1A[2KChrome Headless 145.0.0.0 (Windows 10): Executed 452 of 1399 (skipped 2)[32m SUCCESS[39m (0 secs / 2.837 secs)
[1A[2KChrome Headless 145.0.0.0 (Windows 10): Executed 453 of 1399 (skipped 2)[32m SUCCESS[39m (0 secs / 2.842 secs)
[1A[2KChrome Headless 145.0.0.0 (Windows 10): Executed 454 of 1399 (skipped 2)[32m SUCCESS[39m (0 secs / 2.847 secs)
[1A[2KChrome Headless 145.0.0.0 (Windows 10): Executed 455 of 1399 (skipped 2)[32m SUCCESS[39m (0 secs / 2.853 secs)
[1A[2KChrome Headless 145.0.0.0 (Windows 10): Executed 456 of 1399 (skipped 2)[32m SUCCESS[39m (0 secs / 2.858 secs)
[1A[2KChrome Headless 145.0.0.0 (Windows 10): Executed 457 of 1399 (skipped 2)[32m SUCCESS[39m (0 secs / 2.865 secs)
[1A[2KChrome Headless 145.0.0.0 (Windows 10): Executed 458 of 1399 (skipped 2)[32m SUCCESS[39m (0 secs / 2.891 secs)
[1A[2KChrome Headless 145.0.0.0 (Windows 10): Executed 459 of 1399 (skipped 2)[32m SUCCESS[39m (0 secs / 2.898 secs)
[1A[2KChrome Headless 145.0.0.0 (Windows 10): Executed 460 of 1399 (skipped 2)[32m SUCCESS[39m (0 secs / 2.906 secs)
[1A[2KChrome Headless 145.0.0.0 (Windows 10): Executed 461 of 1399 (skipped 2)[32m SUCCESS[39m (0 secs / 2.907 secs)
[1A[2KChrome Headless 145.0.0.0 (Windows 10): Executed 462 of 1399 (skipped 2)[32m SUCCESS[39m (0 secs / 2.908 secs)
[1A[2KChrome Headless 145.0.0.0 (Windows 10): Executed 463 of 1399 (skipped 2)[32m SUCCESS[39m (0 secs / 2.91 secs)
[1A[2KChrome Headless 145.0.0.0 (Windows 10): Executed 464 of 1399 (skipped 2)[32m SUCCESS[39m (0 secs / 3.169 secs)
[1A[2KChrome Headless 145.0.0.0 (Windows 10): Executed 465 of 1399 (skipped 2)[32m SUCCESS[39m (0 secs / 3.435 secs)
[1A[2KChrome Headless 145.0.0.0 (Windows 10): Executed 466 of 1399 (skipped 2)[32m SUCCESS[39m (0 secs / 3.69 secs)
[1A[2KChrome Headless 145.0.0.0 (Windows 10): Executed 467 of 1399 (skipped 2)[32m SUCCESS[39m (0 secs / 3.957 secs)
[1A[2KChrome Headless 145.0.0.0 (Windows 10): Executed 468 of 1399 (skipped 2)[32m SUCCESS[39m (0 secs / 4.227 secs)
[1A[2KChrome Headless 145.0.0.0 (Windows 10): Executed 469 of 1399 (skipped 2)[32m SUCCESS[39m (0 secs / 4.235 secs)
[1A[2KChrome Headless 145.0.0.0 (Windows 10): Executed 470 of 1399 (skipped 2)[32m SUCCESS[39m (0 secs / 4.237 secs)
[1A[2KChrome Headless 145.0.0.0 (Windows 10): Executed 471 of 1399 (skipped 2)[32m SUCCESS[39m (0 secs / 4.242 secs)
[1A[2KChrome Headless 145.0.0.0 (Windows 10): Executed 472 of 1399 (skipped 2)[32m SUCCESS[39m (0 secs / 4.247 secs)
[1A[2KWARN: [36m'Spec 'NgxsmkDatepicker - Visual Regression Tests Screenshot Utilities should wait for animations to complete' has no expectations.'[39m
Chrome Headless 145.0.0.0 (Windows 10): Executed 472 of 1399 (skipped 2)[32m SUCCESS[39m (0 secs / 4.247 secs)
WARN: 'Spec 'NgxsmkDatepicker - Visual Regression Tests Screenshot Utilities should wait for animations to complete' has no expectations.'
[1A[2KChrome Headless 145.0.0.0 (Windows 10): Executed 473 of 1399 (skipped 2)[32m SUCCESS[39m (0 secs / 4.261 secs)
[1A[2KChrome Headless 145.0.0.0 (Windows 10): Executed 474 of 1399 (skipped 2)[32m SUCCESS[39m (0 secs / 4.265 secs)
[1A[2KWARN: [36m'Spec 'NgxsmkDatepicker - Visual Regression Tests Screenshot Utilities should wait for element to stabilize' has no expectations.'[39m
Chrome Headless 145.0.0.0 (Windows 10): Executed 474 of 1399 (skipped 2)[32m SUCCESS[39m (0 secs / 4.265 secs)
WARN: 'Spec 'NgxsmkDatepicker - Visual Regression Tests Screenshot Utilities should wait for element to stabilize' has no expectations.'
[1A[2KChrome Headless 145.0.0.0 (Windows 10): Executed 475 of 1399 (skipped 2)[32m SUCCESS[39m (0 secs / 4.388 secs)
[1A[2KChrome Headless 145.0.0.0 (Windows 10): Executed 476 of 1399 (skipped 2)[32m SUCCESS[39m (0 secs / 4.393 secs)
[1A[2KChrome Headless 145.0.0.0 (Windows 10): Executed 477 of 1399 (skipped 2)[32m SUCCESS[39m (0 secs / 4.399 secs)
[1A[2KChrome Headless 145.0.0.0 (Windows 10): Executed 478 of 1399 (skipped 2)[32m SUCCESS[39m (0 secs / 4.404 secs)
[1A[2KChrome Headless 145.0.0.0 (Windows 10): Executed 479 of 1399 (skipped 2)[32m SUCCESS[39m (0 secs / 4.673 secs)
[1A[2KChrome Headless 145.0.0.0 (Windows 10): Executed 480 of 1399 (skipped 2)[32m SUCCESS[39m (0 secs / 4.945 secs)
[1A[2KChrome Headless 145.0.0.0 (Windows 10): Executed 481 of 1399 (skipped 2)[32m SUCCESS[39m (0 secs / 5.203 secs)
[1A[2KChrome Headless 145.0.0.0 (Windows 10): Executed 482 of 1399 (skipped 2)[32m SUCCESS[39m (0 secs / 5.461 secs)
[1A[2KChrome Headless 145.0.0.0 (Windows 10): Executed 483 of 1399 (skipped 2)[32m SUCCESS[39m (0 secs / 5.722 secs)
[1A[2KChrome Headless 145.0.0.0 (Windows 10): Executed 484 of 1399 (skipped 2)[32m SUCCESS[39m (0 secs / 5.971 secs)
[1A[2KChrome Headless 145.0.0.0 (Windows 10): Executed 485 of 1399 (skipped 2)[32m SUCCESS[39m (0 secs / 6.233 secs)
[1A[2KChrome Headless 145.0.0.0 (Windows 10): Executed 486 of 1399 (skipped 2)[32m SUCCESS[39m (0 secs / 6.486 secs)
[1A[2KChrome Headless 145.0.0.0 (Windows 10): Executed 487 of 1399 (skipped 2)[32m SUCCESS[39m (0 secs / 6.746 secs)
[1A[2KChrome Headless 145.0.0.0 (Windows 10): Executed 488 of 1399 (skipped 2)[32m SUCCESS[39m (0 secs / 7.004 secs)
[1A[2KChrome Headless 145.0.0.0 (Windows 10): Executed 489 of 1399 (skipped 2)[32m SUCCESS[39m (0 secs / 7.277 secs)
[1A[2KChrome Headless 145.0.0.0 (Windows 10): Executed 490 of 1399 (skipped 2)[32m SUCCESS[39m (0 secs / 7.545 secs)
[1A[2KChrome Headless 145.0.0.0 (Windows 10): Executed 491 of 1399 (skipped 2)[32m SUCCESS[39m (0 secs / 7.549 secs)
[1A[2KChrome Headless 145.0.0.0 (Windows 10): Executed 492 of 1399 (skipped 2)[32m SUCCESS[39m (0 secs / 7.813 secs)
[1A[2KChrome Headless 145.0.0.0 (Windows 10): Executed 493 of 1399 (skipped 2)[32m SUCCESS[39m (0 secs / 8.079 secs)
[1A[2KChrome Headless 145.0.0.0 (Windows 10): Executed 494 of 1399 (skipped 2)[32m SUCCESS[39m (0 secs / 8.328 secs)
[1A[2KChrome Headless 145.0.0.0 (Windows 10): Executed 495 of 1399 (skipped 2)[32m SUCCESS[39m (0 secs / 8.335 secs)
[1A[2KChrome Headless 145.0.0.0 (Windows 10): Executed 496 of 1399 (skipped 2)[32m SUCCESS[39m (0 secs / 8.341 secs)
[1A[2KChrome Headless 145.0.0.0 (Windows 10): Executed 497 of 1399 (skipped 2)[32m SUCCESS[39m (0 secs / 8.347 secs)
[1A[2KChrome Headless 145.0.0.0 (Windows 10): Executed 498 of 1399 (skipped 2)[32m SUCCESS[39m (0 secs / 8.353 secs)
[1A[2KChrome Headless 145.0.0.0 (Windows 10): Executed 499 of 1399 (skipped 2)[32m SUCCESS[39m (0 secs / 8.356 secs)
[1A[2KChrome Headless 145.0.0.0 (Windows 10): Executed 500 of 1399 (skipped 2)[32m SUCCESS[39m (0 secs / 8.36 secs)
[1A[2KChrome Headless 145.0.0.0 (Windows 10): Executed 501 of 1399 (skipped 2)[32m SUCCESS[39m (0 secs / 8.363 secs)
[1A[2KChrome Headless 145.0.0.0 (Windows 10): Executed 502 of 1399 (skipped 2)[32m SUCCESS[39m (0 secs / 8.366 secs)
[1A[2KChrome Headless 145.0.0.0 (Windows 10): Executed 503 of 1399 (skipped 159)[32m SUCCESS[39m (0 secs / 8.368 secs)
[1A[2KChrome Headless 145.0.0.0 (Windows 10): Executed 504 of 1399 (skipped 159)[32m SUCCESS[39m (0 secs / 8.37 secs)
[1A[2KChrome Headless 145.0.0.0 (Windows 10): Executed 505 of 1399 (skipped 159)[32m SUCCESS[39m (0 secs / 8.372 secs)
[1A[2KChrome Headless 145.0.0.0 (Windows 10): Executed 506 of 1399 (skipped 159)[32m SUCCESS[39m (0 secs / 8.374 secs)
[1A[2KChrome Headless 145.0.0.0 (Windows 10): Executed 507 of 1399 (skipped 159)[32m SUCCESS[39m (0 secs / 8.376 secs)
[1A[2KChrome Headless 145.0.0.0 (Windows 10): Executed 508 of 1399 (skipped 159)[32m SUCCESS[39m (0 secs / 8.378 secs)
[1A[2KChrome Headless 145.0.0.0 (Windows 10): Executed 509 of 1399 (skipped 159)[32m SUCCESS[39m (0 secs / 8.38 secs)
[1A[2KChrome Headless 145.0.0.0 (Windows 10): Executed 510 of 1399 (skipped 159)[32m SUCCESS[39m (0 secs / 8.382 secs)
[1A[2KChrome Headless 145.0.0.0 (Windows 10): Executed 511 of 1399 (skipped 159)[32m SUCCESS[39m (0 secs / 8.384 secs)
[1A[2KChrome Headless 145.0.0.0 (Windows 10): Executed 512 of 1399 (skipped 159)[32m SUCCESS[39m (0 secs / 8.385 secs)
[1A[2KChrome Headless 145.0.0.0 (Windows 10): Executed 513 of 1399 (skipped 159)[32m SUCCESS[39m (0 secs / 8.387 secs)
[1A[2KChrome Headless 145.0.0.0 (Windows 10): Executed 514 of 1399 (skipped 159)[32m SUCCESS[39m (0 secs / 8.388 secs)
[1A[2KChrome Headless 145.0.0.0 (Windows 10): Executed 515 of 1399 (skipped 159)[32m SUCCESS[39m (0 secs / 8.389 secs)
[1A[2KChrome Headless 145.0.0.0 (Windows 10): Executed 516 of 1399 (skipped 159)[32m SUCCESS[39m (0 secs / 8.39 secs)
[1A[2KChrome Headless 145.0.0.0 (Windows 10): Executed 517 of 1399 (skipped 159)[32m SUCCESS[39m (0 secs / 8.391 secs)
[1A[2KChrome Headless 145.0.0.0 (Windows 10): Executed 518 of 1399 (skipped 159)[32m SUCCESS[39m (0 secs / 8.392 secs)
[1A[2KChrome Headless 145.0.0.0 (Windows 10): Executed 519 of 1399 (skipped 159)[32m SUCCESS[39m (0 secs / 8.394 secs)
[1A[2KChrome Headless 145.0.0.0 (Windows 10): Executed 520 of 1399 (skipped 159)[32m SUCCESS[39m (0 secs / 8.395 secs)
[1A[2KChrome Headless 145.0.0.0 (Windows 10): Executed 521 of 1399 (skipped 159)[32m SUCCESS[39m (0 secs / 8.396 secs)
[1A[2KChrome Headless 145.0.0.0 (Windows 10): Executed 522 of 1399 (skipped 159)[32m SUCCESS[39m (0 secs / 8.397 secs)
[1A[2KChrome Headless 145.0.0.0 (Windows 10): Executed 523 of 1399 (skipped 159)[32m SUCCESS[39m (0 secs / 8.399 secs)
[1A[2KChrome Headless 145.0.0.0 (Windows 10): Executed 524 of 1399 (skipped 159)[32m SUCCESS[39m (0 secs / 8.401 secs)
[1A[2KChrome Headless 145.0.0.0 (Windows 10): Executed 525 of 1399 (skipped 159)[32m SUCCESS[39m (0 secs / 8.402 secs)
[1A[2KChrome Headless 145.0.0.0 (Windows 10): Executed 526 of 1399 (skipped 159)[32m SUCCESS[39m (0 secs / 8.403 secs)
[1A[2KChrome Headless 145.0.0.0 (Windows 10): Executed 527 of 1399 (skipped 159)[32m SUCCESS[39m (0 secs / 8.404 secs)
[1A[2KChrome Headless 145.0.0.0 (Windows 10): Executed 528 of 1399 (skipped 159)[32m SUCCESS[39m (0 secs / 8.405 secs)
[1A[2KChrome Headless 145.0.0.0 (Windows 10): Executed 529 of 1399 (skipped 159)[32m SUCCESS[39m (0 secs / 8.406 secs)
[1A[2KChrome Headless 145.0.0.0 (Windows 10): Executed 530 of 1399 (skipped 159)[32m SUCCESS[39m (0 secs / 8.407 secs)
[1A[2KChrome Headless 145.0.0.0 (Windows 10): Executed 531 of 1399 (skipped 159)[32m SUCCESS[39m (0 secs / 8.408 secs)
[1A[2KChrome Headless 145.0.0.0 (Windows 10): Executed 532 of 1399 (skipped 159)[32m SUCCESS[39m (0 secs / 8.409 secs)
[1A[2KChrome Headless 145.0.0.0 (Windows 10): Executed 533 of 1399 (skipped 159)[32m SUCCESS[39m (0 secs / 8.41 secs)
[1A[2KChrome Headless 145.0.0.0 (Windows 10): Executed 534 of 1399 (skipped 159)[32m SUCCESS[39m (0 secs / 8.412 secs)
[1A[2KChrome Headless 145.0.0.0 (Windows 10): Executed 535 of 1399 (skipped 159)[32m SUCCESS[39m (0 secs / 8.414 secs)
[1A[2KChrome Headless 145.0.0.0 (Windows 10): Executed 536 of 1399 (skipped 159)[32m SUCCESS[39m (0 secs / 8.416 secs)
[1A[2KChrome Headless 145.0.0.0 (Windows 10): Executed 537 of 1399 (skipped 159)[32m SUCCESS[39m (0 secs / 8.417 secs)
[1A[2KChrome Headless 145.0.0.0 (Windows 10): Executed 538 of 1399 (skipped 159)[32m SUCCESS[39m (0 secs / 8.418 secs)
[1A[2KChrome Headless 145.0.0.0 (Windows 10): Executed 539 of 1399 (skipped 159)[32m SUCCESS[39m (0 secs / 8.42 secs)
[1A[2KChrome Headless 145.0.0.0 (Windows 10): Executed 540 of 1399 (skipped 159)[32m SUCCESS[39m (0 secs / 8.42 secs)
[1A[2KChrome Headless 145.0.0.0 (Windows 10): Executed 541 of 1399 (skipped 159)[32m SUCCESS[39m (0 secs / 8.421 secs)
[1A[2KChrome Headless 145.0.0.0 (Windows 10): Executed 542 of 1399 (skipped 159)[32m SUCCESS[39m (0 secs / 8.422 secs)
[1A[2KChrome Headless 145.0.0.0 (Windows 10): Executed 543 of 1399 (skipped 159)[32m SUCCESS[39m (0 secs / 8.422 secs)
[1A[2KChrome Headless 145.0.0.0 (Windows 10): Executed 544 of 1399 (skipped 159)[32m SUCCESS[39m (0 secs / 8.423 secs)
[1A[2KChrome Headless 145.0.0.0 (Windows 10): Executed 545 of 1399 (skipped 159)[32m SUCCESS[39m (0 secs / 8.423 secs)
[1A[2KChrome Headless 145.0.0.0 (Windows 10): Executed 546 of 1399 (skipped 159)[32m SUCCESS[39m (0 secs / 8.424 secs)
[1A[2KChrome Headless 145.0.0.0 (Windows 10): Executed 547 of 1399 (skipped 159)[32m SUCCESS[39m (0 secs / 8.425 secs)
[1A[2KChrome Headless 145.0.0.0 (Windows 10): Executed 548 of 1399 (skipped 159)[32m SUCCESS[39m (0 secs / 8.426 secs)
[1A[2KChrome Headless 145.0.0.0 (Windows 10): Executed 549 of 1399 (skipped 159)[32m SUCCESS[39m (0 secs / 8.427 secs)
[1A[2KChrome Headless 145.0.0.0 (Windows 10): Executed 550 of 1399 (skipped 159)[32m SUCCESS[39m (0 secs / 8.427 secs)
[1A[2KChrome Headless 145.0.0.0 (Windows 10): Executed 551 of 1399 (skipped 159)[32m SUCCESS[39m (0 secs / 8.428 secs)
[1A[2KChrome Headless 145.0.0.0 (Windows 10): Executed 552 of 1399 (skipped 159)[32m SUCCESS[39m (0 secs / 8.428 secs)
[1A[2KChrome Headless 145.0.0.0 (Windows 10): Executed 553 of 1399 (skipped 159)[32m SUCCESS[39m (0 secs / 8.428 secs)
[1A[2KChrome Headless 145.0.0.0 (Windows 10): Executed 554 of 1399 (skipped 159)[32m SUCCESS[39m (0 secs / 8.428 secs)
[1A[2KChrome Headless 145.0.0.0 (Windows 10): Executed 555 of 1399 (skipped 159)[32m SUCCESS[39m (0 secs / 8.428 secs)
[1A[2KChrome Headless 145.0.0.0 (Windows 10): Executed 556 of 1399 (skipped 159)[32m SUCCESS[39m (0 secs / 8.428 secs)
[1A[2KChrome Headless 145.0.0.0 (Windows 10): Executed 557 of 1399 (skipped 159)[32m SUCCESS[39m (0 secs / 8.429 secs)
[1A[2KChrome Headless 145.0.0.0 (Windows 10): Executed 558 of 1399 (skipped 159)[32m SUCCESS[39m (0 secs / 8.429 secs)
[1A[2KChrome Headless 145.0.0.0 (Windows 10): Executed 559 of 1399 (skipped 159)[32m SUCCESS[39m (0 secs / 8.43 secs)
[1A[2KChrome Headless 145.0.0.0 (Windows 10): Executed 560 of 1399 (skipped 159)[32m SUCCESS[39m (0 secs / 8.43 secs)
[1A[2KChrome Headless 145.0.0.0 (Windows 10): Executed 561 of 1399 (skipped 159)[32m SUCCESS[39m (0 secs / 8.43 secs)
[1A[2KChrome Headless 145.0.0.0 (Windows 10): Executed 562 of 1399 (skipped 159)[32m SUCCESS[39m (0 secs / 8.432 secs)
[1A[2KChrome Headless 145.0.0.0 (Windows 10): Executed 563 of 1399 (skipped 159)[32m SUCCESS[39m (0 secs / 8.433 secs)
[1A[2KChrome Headless 145.0.0.0 (Windows 10): Executed 564 of 1399 (skipped 159)[32m SUCCESS[39m (0 secs / 8.434 secs)
[1A[2KChrome Headless 145.0.0.0 (Windows 10): Executed 565 of 1399 (skipped 159)[32m SUCCESS[39m (0 secs / 8.436 secs)
[1A[2KChrome Headless 145.0.0.0 (Windows 10): Executed 566 of 1399 (skipped 159)[32m SUCCESS[39m (0 secs / 8.438 secs)
[1A[2KChrome Headless 145.0.0.0 (Windows 10): Executed 567 of 1399 (skipped 159)[32m SUCCESS[39m (0 secs / 8.44 secs)
[1A[2KChrome Headless 145.0.0.0 (Windows 10): Executed 568 of 1399 (skipped 159)[32m SUCCESS[39m (0 secs / 8.441 secs)
[1A[2KChrome Headless 145.0.0.0 (Windows 10): Executed 569 of 1399 (skipped 159)[32m SUCCESS[39m (0 secs / 8.442 secs)
[1A[2KChrome Headless 145.0.0.0 (Windows 10): Executed 570 of 1399 (skipped 159)[32m SUCCESS[39m (0 secs / 8.444 secs)
[1A[2KChrome Headless 145.0.0.0 (Windows 10): Executed 571 of 1399 (skipped 159)[32m SUCCESS[39m (0 secs / 8.446 secs)
[1A[2KChrome Headless 145.0.0.0 (Windows 10): Executed 572 of 1399 (skipped 159)[32m SUCCESS[39m (0 secs / 8.447 secs)
[1A[2KChrome Headless 145.0.0.0 (Windows 10): Executed 573 of 1399 (skipped 159)[32m SUCCESS[39m (0 secs / 8.448 secs)
[1A[2KChrome Headless 145.0.0.0 (Windows 10): Executed 574 of 1399 (skipped 159)[32m SUCCESS[39m (0 secs / 8.449 secs)
[1A[2KChrome Headless 145.0.0.0 (Windows 10): Executed 575 of 1399 (skipped 159)[32m SUCCESS[39m (0 secs / 8.45 secs)
[1A[2KChrome Headless 145.0.0.0 (Windows 10): Executed 576 of 1399 (skipped 159)[32m SUCCESS[39m (0 secs / 8.451 secs)
[1A[2KChrome Headless 145.0.0.0 (Windows 10): Executed 577 of 1399 (skipped 159)[32m SUCCESS[39m (0 secs / 8.452 secs)
[1A[2KChrome Headless 145.0.0.0 (Windows 10): Executed 578 of 1399 (skipped 159)[32m SUCCESS[39m (0 secs / 8.454 secs)
[1A[2KChrome Headless 145.0.0.0 (Windows 10): Executed 579 of 1399 (skipped 159)[32m SUCCESS[39m (0 secs / 8.456 secs)
[1A[2KChrome Headless 145.0.0.0 (Windows 10): Executed 580 of 1399 (skipped 159)[32m SUCCESS[39m (0 secs / 8.458 secs)
[1A[2KChrome Headless 145.0.0.0 (Windows 10): Executed 581 of 1399 (skipped 159)[32m SUCCESS[39m (0 secs / 8.459 secs)
[1A[2KChrome Headless 145.0.0.0 (Windows 10): Executed 582 of 1399 (skipped 159)[32m SUCCESS[39m (0 secs / 8.46 secs)
[1A[2KChrome Headless 145.0.0.0 (Windows 10): Executed 583 of 1399 (skipped 159)[32m SUCCESS[39m (0 secs / 8.469 secs)
[1A[2KChrome Headless 145.0.0.0 (Windows 10): Executed 584 of 1399 (skipped 159)[32m SUCCESS[39m (0 secs / 8.476 secs)
[1A[2KChrome Headless 145.0.0.0 (Windows 10): Executed 585 of 1399 (skipped 159)[32m SUCCESS[39m (0 secs / 8.484 secs)
[1A[2KChrome Headless 145.0.0.0 (Windows 10): Executed 586 of 1399 (skipped 159)[32m SUCCESS[39m (0 secs / 8.492 secs)
[1A[2KChrome Headless 145.0.0.0 (Windows 10): Executed 587 of 1399 (skipped 159)[32m SUCCESS[39m (0 secs / 8.499 secs)
[1A[2KChrome Headless 145.0.0.0 (Windows 10): Executed 588 of 1399 (skipped 159)[32m SUCCESS[39m (0 secs / 8.505 secs)
[1A[2KChrome Headless 145.0.0.0 (Windows 10): Executed 589 of 1399 (skipped 159)[32m SUCCESS[39m (0 secs / 8.512 secs)
[1A[2KChrome Headless 145.0.0.0 (Windows 10): Executed 590 of 1399 (skipped 159)[32m SUCCESS[39m (0 secs / 8.518 secs)
[1A[2KChrome Headless 145.0.0.0 (Windows 10): Executed 591 of 1399 (skipped 159)[32m SUCCESS[39m (0 secs / 8.525 secs)
[1A[2KChrome Headless 145.0.0.0 (Windows 10): Executed 592 of 1399 (skipped 159)[32m SUCCESS[39m (0 secs / 8.534 secs)
[1A[2KChrome Headless 145.0.0.0 (Windows 10): Executed 593 of 1399 (skipped 159)[32m SUCCESS[39m (0 secs / 8.576 secs)
[1A[2KChrome Headless 145.0.0.0 (Windows 10): Executed 594 of 1399 (skipped 159)[32m SUCCESS[39m (0 secs / 8.584 secs)
[1A[2KChrome Headless 145.0.0.0 (Windows 10): Executed 595 of 1399 (skipped 159)[32m SUCCESS[39m (0 secs / 8.588 secs)
[1A[2KChrome Headless 145.0.0.0 (Windows 10): Executed 596 of 1399 (skipped 159)[32m SUCCESS[39m (0 secs / 8.588 secs)
[1A[2KChrome Headless 145.0.0.0 (Windows 10): Executed 597 of 1399 (skipped 159)[32m SUCCESS[39m (0 secs / 8.588 secs)
[1A[2KChrome Headless 145.0.0.0 (Windows 10): Executed 598 of 1399 (skipped 159)[32m SUCCESS[39m (0 secs / 8.588 secs)
[1A[2KChrome Headless 145.0.0.0 (Windows 10): Executed 599 of 1399 (skipped 159)[32m SUCCESS[39m (0 secs / 8.608 secs)
[1A[2KChrome Headless 145.0.0.0 (Windows 10): Executed 600 of 1399 (skipped 159)[32m SUCCESS[39m (0 secs / 8.639 secs)
[1A[2KChrome Headless 145.0.0.0 (Windows 10): Executed 601 of 1399 (skipped 159)[32m SUCCESS[39m (0 secs / 8.657 secs)
[1A[2KChrome Headless 145.0.0.0 (Windows 10): Executed 602 of 1399 (skipped 159)[32m SUCCESS[39m (0 secs / 8.672 secs)
[1A[2KChrome Headless 145.0.0.0 (Windows 10): Executed 603 of 1399 (skipped 159)[32m SUCCESS[39m (0 secs / 8.674 secs)
[1A[2KChrome Headless 145.0.0.0 (Windows 10): Executed 604 of 1399 (skipped 159)[32m SUCCESS[39m (0 secs / 8.675 secs)
[1A[2KChrome Headless 145.0.0.0 (Windows 10): Executed 605 of 1399 (skipped 159)[32m SUCCESS[39m (0 secs / 8.675 secs)
[1A[2KChrome Headless 145.0.0.0 (Windows 10): Executed 606 of 1399 (skipped 159)[32m SUCCESS[39m (0 secs / 8.675 secs)
[1A[2KChrome Headless 145.0.0.0 (Windows 10): Executed 607 of 1399 (skipped 159)[32m SUCCESS[39m (0 secs / 8.676 secs)
[1A[2KChrome Headless 145.0.0.0 (Windows 10): Executed 608 of 1399 (skipped 159)[32m SUCCESS[39m (0 secs / 8.687 secs)
[1A[2KChrome Headless 145.0.0.0 (Windows 10): Executed 609 of 1399 (skipped 159)[32m SUCCESS[39m (0 secs / 8.699 secs)
[1A[2KChrome Headless 145.0.0.0 (Windows 10): Executed 610 of 1399 (skipped 159)[32m SUCCESS[39m (0 secs / 8.7 secs)
[1A[2KChrome Headless 145.0.0.0 (Windows 10): Executed 611 of 1399 (skipped 159)[32m SUCCESS[39m (0 secs / 8.7 secs)
[1A[2KChrome Headless 145.0.0.0 (Windows 10): Executed 612 of 1399 (skipped 159)[32m SUCCESS[39m (0 secs / 8.7 secs)
[1A[2K[31mChrome Headless 145.0.0.0 (Windows 10) NgxsmkDatepickerComponent Month Navigation Bug should navigate from Jan to Feb correctly even if currently selected date is Jan 31 FAILED[39m
	Expected 1 to be 0.
	    at <Jasmine>
	    at UserContext.<anonymous> (projects/ngxsmk-datepicker/src/lib/test/month-navigation-bug.spec.ts:29:50)
	    at UserContext.fakeAsyncFn (node_modules/zone.js/fesm2015/zone-testing.js:1664:18)
	    at _ZoneDelegate.invoke (node_modules/zone.js/fesm2015/zone.js:360:158)
	    at _ProxyZoneSpec.onInvoke (node_modules/zone.js/fesm2015/zone-testing.js:956:33)
	Expected 2 to be 1.
	    at <Jasmine>
	    at UserContext.<anonymous> (projects/ngxsmk-datepicker/src/lib/test/month-navigation-bug.spec.ts:35:50)
	    at UserContext.fakeAsyncFn (node_modules/zone.js/fesm2015/zone-testing.js:1664:18)
	    at _ZoneDelegate.invoke (node_modules/zone.js/fesm2015/zone.js:360:158)
	    at _ProxyZoneSpec.onInvoke (node_modules/zone.js/fesm2015/zone-testing.js:956:33)
Chrome Headless 145.0.0.0 (Windows 10): Executed 613 of 1399[31m (1 FAILED)[39m (skipped 159) (0 secs / 8.79 secs)
[1A[2KChrome Headless 145.0.0.0 (Windows 10): Executed 614 of 1399[31m (1 FAILED)[39m (skipped 159) (0 secs / 8.791 secs)
[1A[2KChrome Headless 145.0.0.0 (Windows 10): Executed 615 of 1399[31m (1 FAILED)[39m (skipped 159) (0 secs / 8.792 secs)
[1A[2KChrome Headless 145.0.0.0 (Windows 10): Executed 616 of 1399[31m (1 FAILED)[39m (skipped 159) (0 secs / 8.792 secs)
[1A[2KChrome Headless 145.0.0.0 (Windows 10): Executed 617 of 1399[31m (1 FAILED)[39m (skipped 159) (0 secs / 8.793 secs)
[1A[2KChrome Headless 145.0.0.0 (Windows 10): Executed 618 of 1399[31m (1 FAILED)[39m (skipped 159) (0 secs / 8.793 secs)
[1A[2KChrome Headless 145.0.0.0 (Windows 10): Executed 619 of 1399[31m (1 FAILED)[39m (skipped 159) (0 secs / 8.793 secs)
[1A[2KChrome Headless 145.0.0.0 (Windows 10): Executed 620 of 1399[31m (1 FAILED)[39m (skipped 159) (0 secs / 8.793 secs)
[1A[2KChrome Headless 145.0.0.0 (Windows 10): Executed 621 of 1399[31m (1 FAILED)[39m (skipped 159) (0 secs / 8.793 secs)
[1A[2KChrome Headless 145.0.0.0 (Windows 10): Executed 622 of 1399[31m (1 FAILED)[39m (skipped 159) (0 secs / 8.794 secs)
[1A[2KChrome Headless 145.0.0.0 (Windows 10): Executed 623 of 1399[31m (1 FAILED)[39m (skipped 159) (0 secs / 8.794 secs)
[1A[2KChrome Headless 145.0.0.0 (Windows 10): Executed 624 of 1399[31m (1 FAILED)[39m (skipped 159) (0 secs / 8.795 secs)
[1A[2KChrome Headless 145.0.0.0 (Windows 10): Executed 625 of 1399[31m (1 FAILED)[39m (skipped 159) (0 secs / 8.796 secs)
[1A[2KChrome Headless 145.0.0.0 (Windows 10): Executed 626 of 1399[31m (1 FAILED)[39m (skipped 159) (0 secs / 8.796 secs)
[1A[2KChrome Headless 145.0.0.0 (Windows 10): Executed 627 of 1399[31m (1 FAILED)[39m (skipped 159) (0 secs / 8.797 secs)
[1A[2KChrome Headless 145.0.0.0 (Windows 10): Executed 628 of 1399[31m (1 FAILED)[39m (skipped 159) (0 secs / 8.797 secs)
[1A[2KChrome Headless 145.0.0.0 (Windows 10): Executed 629 of 1399[31m (1 FAILED)[39m (skipped 159) (0 secs / 8.797 secs)
[1A[2KChrome Headless 145.0.0.0 (Windows 10): Executed 630 of 1399[31m (1 FAILED)[39m (skipped 159) (0 secs / 8.798 secs)
[1A[2KChrome Headless 145.0.0.0 (Windows 10): Executed 631 of 1399[31m (1 FAILED)[39m (skipped 159) (0 secs / 8.798 secs)
[1A[2KChrome Headless 145.0.0.0 (Windows 10): Executed 632 of 1399[31m (1 FAILED)[39m (skipped 159) (0 secs / 8.798 secs)
[1A[2KChrome Headless 145.0.0.0 (Windows 10): Executed 633 of 1399[31m (1 FAILED)[39m (skipped 159) (0 secs / 8.799 secs)
[1A[2KChrome Headless 145.0.0.0 (Windows 10): Executed 634 of 1399[31m (1 FAILED)[39m (skipped 159) (0 secs / 8.799 secs)
[1A[2KChrome Headless 145.0.0.0 (Windows 10): Executed 635 of 1399[31m (1 FAILED)[39m (skipped 159) (0 secs / 8.8 secs)
[1A[2KChrome Headless 145.0.0.0 (Windows 10): Executed 636 of 1399[31m (1 FAILED)[39m (skipped 159) (0 secs / 8.8 secs)
[1A[2KChrome Headless 145.0.0.0 (Windows 10): Executed 637 of 1399[31m (1 FAILED)[39m (skipped 159) (0 secs / 8.8 secs)
[1A[2KChrome Headless 145.0.0.0 (Windows 10): Executed 638 of 1399[31m (1 FAILED)[39m (skipped 159) (0 secs / 8.801 secs)
[1A[2KChrome Headless 145.0.0.0 (Windows 10): Executed 639 of 1399[31m (1 FAILED)[39m (skipped 159) (0 secs / 8.801 secs)
[1A[2KChrome Headless 145.0.0.0 (Windows 10): Executed 640 of 1399[31m (1 FAILED)[39m (skipped 159) (0 secs / 8.802 secs)
[1A[2KChrome Headless 145.0.0.0 (Windows 10): Executed 641 of 1399[31m (1 FAILED)[39m (skipped 159) (0 secs / 8.803 secs)
[1A[2KChrome Headless 145.0.0.0 (Windows 10): Executed 642 of 1399[31m (1 FAILED)[39m (skipped 159) (0 secs / 8.804 secs)
[1A[2KChrome Headless 145.0.0.0 (Windows 10): Executed 643 of 1399[31m (1 FAILED)[39m (skipped 159) (0 secs / 8.804 secs)
[1A[2KChrome Headless 145.0.0.0 (Windows 10): Executed 644 of 1399[31m (1 FAILED)[39m (skipped 159) (0 secs / 8.805 secs)
[1A[2KChrome Headless 145.0.0.0 (Windows 10): Executed 645 of 1399[31m (1 FAILED)[39m (skipped 159) (0 secs / 8.805 secs)
[1A[2KChrome Headless 145.0.0.0 (Windows 10): Executed 646 of 1399[31m (1 FAILED)[39m (skipped 159) (0 secs / 8.806 secs)
[1A[2KChrome Headless 145.0.0.0 (Windows 10): Executed 647 of 1399[31m (1 FAILED)[39m (skipped 159) (0 secs / 8.806 secs)
[1A[2KChrome Headless 145.0.0.0 (Windows 10): Executed 648 of 1399[31m (1 FAILED)[39m (skipped 159) (0 secs / 8.807 secs)
[1A[2KChrome Headless 145.0.0.0 (Windows 10): Executed 649 of 1399[31m (1 FAILED)[39m (skipped 159) (0 secs / 8.807 secs)
[1A[2KChrome Headless 145.0.0.0 (Windows 10): Executed 650 of 1399[31m (1 FAILED)[39m (skipped 159) (0 secs / 8.808 secs)
[1A[2KChrome Headless 145.0.0.0 (Windows 10): Executed 651 of 1399[31m (1 FAILED)[39m (skipped 159) (0 secs / 8.808 secs)
[1A[2KChrome Headless 145.0.0.0 (Windows 10): Executed 652 of 1399[31m (1 FAILED)[39m (skipped 159) (0 secs / 8.808 secs)
[1A[2KChrome Headless 145.0.0.0 (Windows 10): Executed 653 of 1399[31m (1 FAILED)[39m (skipped 159) (0 secs / 8.808 secs)
[1A[2KChrome Headless 145.0.0.0 (Windows 10): Executed 654 of 1399[31m (1 FAILED)[39m (skipped 159) (0 secs / 8.809 secs)
[1A[2KChrome Headless 145.0.0.0 (Windows 10): Executed 655 of 1399[31m (1 FAILED)[39m (skipped 159) (0 secs / 8.81 secs)
[1A[2KChrome Headless 145.0.0.0 (Windows 10): Executed 656 of 1399[31m (1 FAILED)[39m (skipped 159) (0 secs / 8.811 secs)
[1A[2KChrome Headless 145.0.0.0 (Windows 10): Executed 657 of 1399[31m (1 FAILED)[39m (skipped 159) (0 secs / 8.811 secs)
[1A[2KChrome Headless 145.0.0.0 (Windows 10): Executed 658 of 1399[31m (1 FAILED)[39m (skipped 159) (0 secs / 8.811 secs)
[1A[2KChrome Headless 145.0.0.0 (Windows 10): Executed 659 of 1399[31m (1 FAILED)[39m (skipped 159) (0 secs / 8.812 secs)
[1A[2KChrome Headless 145.0.0.0 (Windows 10): Executed 660 of 1399[31m (1 FAILED)[39m (skipped 159) (0 secs / 8.812 secs)
[1A[2KChrome Headless 145.0.0.0 (Windows 10): Executed 661 of 1399[31m (1 FAILED)[39m (skipped 159) (0 secs / 8.812 secs)
[1A[2KChrome Headless 145.0.0.0 (Windows 10): Executed 662 of 1399[31m (1 FAILED)[39m (skipped 159) (0 secs / 8.813 secs)
[1A[2KChrome Headless 145.0.0.0 (Windows 10): Executed 663 of 1399[31m (1 FAILED)[39m (skipped 159) (0 secs / 8.814 secs)
[1A[2KChrome Headless 145.0.0.0 (Windows 10): Executed 664 of 1399[31m (1 FAILED)[39m (skipped 159) (0 secs / 8.814 secs)
[1A[2KChrome Headless 145.0.0.0 (Windows 10): Executed 665 of 1399[31m (1 FAILED)[39m (skipped 159) (0 secs / 8.814 secs)
[1A[2KChrome Headless 145.0.0.0 (Windows 10): Executed 666 of 1399[31m (1 FAILED)[39m (skipped 159) (0 secs / 8.814 secs)
[1A[2KChrome Headless 145.0.0.0 (Windows 10): Executed 667 of 1399[31m (1 FAILED)[39m (skipped 159) (0 secs / 8.815 secs)
[1A[2KChrome Headless 145.0.0.0 (Windows 10): Executed 668 of 1399[31m (1 FAILED)[39m (skipped 159) (0 secs / 8.816 secs)
[1A[2KChrome Headless 145.0.0.0 (Windows 10): Executed 669 of 1399[31m (1 FAILED)[39m (skipped 159) (0 secs / 8.817 secs)
[1A[2KChrome Headless 145.0.0.0 (Windows 10): Executed 670 of 1399[31m (1 FAILED)[39m (skipped 159) (0 secs / 8.817 secs)
[1A[2KChrome Headless 145.0.0.0 (Windows 10): Executed 671 of 1399[31m (1 FAILED)[39m (skipped 159) (0 secs / 8.818 secs)
[1A[2KChrome Headless 145.0.0.0 (Windows 10): Executed 672 of 1399[31m (1 FAILED)[39m (skipped 159) (0 secs / 8.819 secs)
[1A[2KChrome Headless 145.0.0.0 (Windows 10): Executed 673 of 1399[31m (1 FAILED)[39m (skipped 159) (0 secs / 8.82 secs)
[1A[2KChrome Headless 145.0.0.0 (Windows 10): Executed 674 of 1399[31m (1 FAILED)[39m (skipped 159) (0 secs / 8.822 secs)
[1A[2KChrome Headless 145.0.0.0 (Windows 10): Executed 675 of 1399[31m (1 FAILED)[39m (skipped 159) (0 secs / 8.823 secs)
[1A[2KChrome Headless 145.0.0.0 (Windows 10): Executed 676 of 1399[31m (1 FAILED)[39m (skipped 159) (0 secs / 8.824 secs)
[1A[2KChrome Headless 145.0.0.0 (Windows 10): Executed 677 of 1399[31m (1 FAILED)[39m (skipped 159) (0 secs / 8.833 secs)
[1A[2KChrome Headless 145.0.0.0 (Windows 10): Executed 678 of 1399[31m (1 FAILED)[39m (skipped 159) (0 secs / 8.84 secs)
[1A[2KChrome Headless 145.0.0.0 (Windows 10): Executed 679 of 1399[31m (1 FAILED)[39m (skipped 159) (0 secs / 9.37 secs)
[1A[2KChrome Headless 145.0.0.0 (Windows 10): Executed 680 of 1399[31m (1 FAILED)[39m (skipped 159) (0 secs / 9.416 secs)
[1A[2KChrome Headless 145.0.0.0 (Windows 10): Executed 681 of 1399[31m (1 FAILED)[39m (skipped 159) (0 secs / 9.424 secs)
[1A[2KChrome Headless 145.0.0.0 (Windows 10): Executed 682 of 1399[31m (1 FAILED)[39m (skipped 159) (0 secs / 9.439 secs)
[1A[2KChrome Headless 145.0.0.0 (Windows 10): Executed 683 of 1399[31m (1 FAILED)[39m (skipped 159) (0 secs / 9.45 secs)
[1A[2KChrome Headless 145.0.0.0 (Windows 10): Executed 684 of 1399[31m (1 FAILED)[39m (skipped 159) (0 secs / 9.464 secs)
[1A[2KChrome Headless 145.0.0.0 (Windows 10): Executed 685 of 1399[31m (1 FAILED)[39m (skipped 159) (0 secs / 9.471 secs)
[1A[2KChrome Headless 145.0.0.0 (Windows 10): Executed 686 of 1399[31m (1 FAILED)[39m (skipped 159) (0 secs / 9.48 secs)
[1A[2KChrome Headless 145.0.0.0 (Windows 10): Executed 687 of 1399[31m (1 FAILED)[39m (skipped 159) (0 secs / 9.489 secs)
[1A[2KChrome Headless 145.0.0.0 (Windows 10): Executed 688 of 1399[31m (1 FAILED)[39m (skipped 159) (0 secs / 9.536 secs)
[1A[2KChrome Headless 145.0.0.0 (Windows 10): Executed 689 of 1399[31m (1 FAILED)[39m (skipped 159) (0 secs / 9.569 secs)
[1A[2KChrome Headless 145.0.0.0 (Windows 10): Executed 690 of 1399[31m (1 FAILED)[39m (skipped 159) (0 secs / 9.61 secs)
[1A[2K[31mChrome Headless 145.0.0.0 (Windows 10) Performance and Memory Tests Performance Benchmarks should handle month navigation efficiently FAILED[39m
	Expected 339.60000002384186 to be less than 300.
	    at <Jasmine>
	    at UserContext.<anonymous> (projects/ngxsmk-datepicker/src/lib/test/performance-memory.spec.ts:188:30)
	    at UserContext.fakeAsyncFn (node_modules/zone.js/fesm2015/zone-testing.js:1664:18)
	    at _ZoneDelegate.invoke (node_modules/zone.js/fesm2015/zone.js:360:158)
	    at _ProxyZoneSpec.onInvoke (node_modules/zone.js/fesm2015/zone-testing.js:956:33)
Chrome Headless 145.0.0.0 (Windows 10): Executed 691 of 1399[31m (2 FAILED)[39m (skipped 159) (0 secs / 9.964 secs)
[1A[2KChrome Headless 145.0.0.0 (Windows 10): Executed 692 of 1399[31m (2 FAILED)[39m (skipped 159) (0 secs / 9.976 secs)
[1A[2KChrome Headless 145.0.0.0 (Windows 10): Executed 693 of 1399[31m (2 FAILED)[39m (skipped 159) (0 secs / 10.01 secs)
[1A[2KChrome Headless 145.0.0.0 (Windows 10): Executed 694 of 1399[31m (2 FAILED)[39m (skipped 159) (0 secs / 10.019 secs)
[1A[2KChrome Headless 145.0.0.0 (Windows 10): Executed 695 of 1399[31m (2 FAILED)[39m (skipped 159) (0 secs / 10.048 secs)
[1A[2KChrome Headless 145.0.0.0 (Windows 10): Executed 696 of 1399[31m (2 FAILED)[39m (skipped 159) (0 secs / 10.05 secs)
[1A[2KChrome Headless 145.0.0.0 (Windows 10): Executed 697 of 1399[31m (2 FAILED)[39m (skipped 159) (0 secs / 10.052 secs)
[1A[2KChrome Headless 145.0.0.0 (Windows 10): Executed 698 of 1399[31m (2 FAILED)[39m (skipped 159) (0 secs / 10.06 secs)
[1A[2KChrome Headless 145.0.0.0 (Windows 10): Executed 699 of 1399[31m (2 FAILED)[39m (skipped 159) (0 secs / 10.062 secs)
[1A[2KChrome Headless 145.0.0.0 (Windows 10): Executed 700 of 1399[31m (2 FAILED)[39m (skipped 159) (0 secs / 10.065 secs)
[1A[2KChrome Headless 145.0.0.0 (Windows 10): Executed 701 of 1399[31m (2 FAILED)[39m (skipped 159) (0 secs / 10.067 secs)
[1A[2KChrome Headless 145.0.0.0 (Windows 10): Executed 702 of 1399[31m (2 FAILED)[39m (skipped 159) (0 secs / 10.069 secs)
[1A[2KChrome Headless 145.0.0.0 (Windows 10): Executed 703 of 1399[31m (2 FAILED)[39m (skipped 159) (0 secs / 10.071 secs)
[1A[2KChrome Headless 145.0.0.0 (Windows 10): Executed 704 of 1399[31m (2 FAILED)[39m (skipped 159) (0 secs / 10.073 secs)
[1A[2KChrome Headless 145.0.0.0 (Windows 10): Executed 705 of 1399[31m (2 FAILED)[39m (skipped 159) (0 secs / 10.074 secs)
[1A[2KChrome Headless 145.0.0.0 (Windows 10): Executed 706 of 1399[31m (2 FAILED)[39m (skipped 159) (0 secs / 10.076 secs)
[1A[2KChrome Headless 145.0.0.0 (Windows 10): Executed 707 of 1399[31m (2 FAILED)[39m (skipped 159) (0 secs / 10.078 secs)
[1A[2KChrome Headless 145.0.0.0 (Windows 10): Executed 708 of 1399[31m (2 FAILED)[39m (skipped 159) (0 secs / 10.081 secs)
[1A[2KChrome Headless 145.0.0.0 (Windows 10): Executed 709 of 1399[31m (2 FAILED)[39m (skipped 159) (0 secs / 10.084 secs)
[1A[2KChrome Headless 145.0.0.0 (Windows 10): Executed 710 of 1399[31m (2 FAILED)[39m (skipped 159) (0 secs / 10.086 secs)
[1A[2KChrome Headless 145.0.0.0 (Windows 10): Executed 711 of 1399[31m (2 FAILED)[39m (skipped 159) (0 secs / 10.088 secs)
[1A[2KChrome Headless 145.0.0.0 (Windows 10): Executed 712 of 1399[31m (2 FAILED)[39m (skipped 159) (0 secs / 10.091 secs)
[1A[2KChrome Headless 145.0.0.0 (Windows 10): Executed 713 of 1399[31m (2 FAILED)[39m (skipped 159) (0 secs / 10.093 secs)
[1A[2KChrome Headless 145.0.0.0 (Windows 10): Executed 714 of 1399[31m (2 FAILED)[39m (skipped 159) (0 secs / 10.096 secs)
[1A[2KChrome Headless 145.0.0.0 (Windows 10): Executed 715 of 1399[31m (2 FAILED)[39m (skipped 159) (0 secs / 10.099 secs)
[1A[2KChrome Headless 145.0.0.0 (Windows 10): Executed 716 of 1399[31m (2 FAILED)[39m (skipped 159) (0 secs / 10.102 secs)
[1A[2KChrome Headless 145.0.0.0 (Windows 10): Executed 717 of 1399[31m (2 FAILED)[39m (skipped 159) (0 secs / 10.104 secs)
[1A[2KChrome Headless 145.0.0.0 (Windows 10): Executed 718 of 1399[31m (2 FAILED)[39m (skipped 159) (0 secs / 10.106 secs)
[1A[2KChrome Headless 145.0.0.0 (Windows 10): Executed 719 of 1399[31m (2 FAILED)[39m (skipped 159) (0 secs / 10.107 secs)
[1A[2KChrome Headless 145.0.0.0 (Windows 10): Executed 720 of 1399[31m (2 FAILED)[39m (skipped 159) (0 secs / 10.109 secs)
[1A[2KChrome Headless 145.0.0.0 (Windows 10): Executed 721 of 1399[31m (2 FAILED)[39m (skipped 159) (0 secs / 10.111 secs)
[1A[2KChrome Headless 145.0.0.0 (Windows 10): Executed 722 of 1399[31m (2 FAILED)[39m (skipped 159) (0 secs / 10.113 secs)
[1A[2KChrome Headless 145.0.0.0 (Windows 10): Executed 723 of 1399[31m (2 FAILED)[39m (skipped 159) (0 secs / 10.115 secs)
[1A[2KChrome Headless 145.0.0.0 (Windows 10): Executed 724 of 1399[31m (2 FAILED)[39m (skipped 159) (0 secs / 10.117 secs)
[1A[2KChrome Headless 145.0.0.0 (Windows 10): Executed 725 of 1399[31m (2 FAILED)[39m (skipped 159) (0 secs / 10.119 secs)
[1A[2KChrome Headless 145.0.0.0 (Windows 10): Executed 726 of 1399[31m (2 FAILED)[39m (skipped 159) (0 secs / 10.121 secs)
[1A[2KChrome Headless 145.0.0.0 (Windows 10): Executed 727 of 1399[31m (2 FAILED)[39m (skipped 159) (0 secs / 10.123 secs)
[1A[2KChrome Headless 145.0.0.0 (Windows 10): Executed 728 of 1399[31m (2 FAILED)[39m (skipped 159) (0 secs / 10.125 secs)
[1A[2KChrome Headless 145.0.0.0 (Windows 10): Executed 729 of 1399[31m (2 FAILED)[39m (skipped 159) (0 secs / 10.133 secs)
[1A[2KChrome Headless 145.0.0.0 (Windows 10): Executed 730 of 1399[31m (2 FAILED)[39m (skipped 159) (0 secs / 10.135 secs)
[1A[2KChrome Headless 145.0.0.0 (Windows 10): Executed 731 of 1399[31m (2 FAILED)[39m (skipped 159) (0 secs / 10.137 secs)
[1A[2KChrome Headless 145.0.0.0 (Windows 10): Executed 732 of 1399[31m (2 FAILED)[39m (skipped 159) (0 secs / 10.14 secs)
[1A[2KChrome Headless 145.0.0.0 (Windows 10): Executed 733 of 1399[31m (2 FAILED)[39m (skipped 159) (0 secs / 10.143 secs)
[1A[2KChrome Headless 145.0.0.0 (Windows 10): Executed 734 of 1399[31m (2 FAILED)[39m (skipped 159) (0 secs / 10.144 secs)
[1A[2KChrome Headless 145.0.0.0 (Windows 10): Executed 735 of 1399[31m (2 FAILED)[39m (skipped 159) (0 secs / 10.146 secs)
[1A[2KChrome Headless 145.0.0.0 (Windows 10): Executed 736 of 1399[31m (2 FAILED)[39m (skipped 159) (0 secs / 10.148 secs)
[1A[2KChrome Headless 145.0.0.0 (Windows 10): Executed 737 of 1399[31m (2 FAILED)[39m (skipped 159) (0 secs / 10.15 secs)
[1A[2KChrome Headless 145.0.0.0 (Windows 10): Executed 738 of 1399[31m (2 FAILED)[39m (skipped 159) (0 secs / 10.152 secs)
[1A[2KChrome Headless 145.0.0.0 (Windows 10): Executed 739 of 1399[31m (2 FAILED)[39m (skipped 159) (0 secs / 10.154 secs)
[1A[2KChrome Headless 145.0.0.0 (Windows 10): Executed 740 of 1399[31m (2 FAILED)[39m (skipped 159) (0 secs / 10.155 secs)
[1A[2KChrome Headless 145.0.0.0 (Windows 10): Executed 741 of 1399[31m (2 FAILED)[39m (skipped 159) (0 secs / 10.157 secs)
[1A[2KChrome Headless 145.0.0.0 (Windows 10): Executed 742 of 1399[31m (2 FAILED)[39m (skipped 159) (0 secs / 10.157 secs)
[1A[2KChrome Headless 145.0.0.0 (Windows 10): Executed 743 of 1399[31m (2 FAILED)[39m (skipped 159) (0 secs / 10.157 secs)
[1A[2KChrome Headless 145.0.0.0 (Windows 10): Executed 744 of 1399[31m (2 FAILED)[39m (skipped 159) (0 secs / 10.157 secs)
[1A[2KChrome Headless 145.0.0.0 (Windows 10): Executed 745 of 1399[31m (2 FAILED)[39m (skipped 159) (0 secs / 10.157 secs)
[1A[2KChrome Headless 145.0.0.0 (Windows 10): Executed 746 of 1399[31m (2 FAILED)[39m (skipped 159) (0 secs / 10.158 secs)
[1A[2KChrome Headless 145.0.0.0 (Windows 10): Executed 747 of 1399[31m (2 FAILED)[39m (skipped 159) (0 secs / 10.167 secs)
[1A[2KChrome Headless 145.0.0.0 (Windows 10): Executed 748 of 1399[31m (2 FAILED)[39m (skipped 159) (0 secs / 10.167 secs)
[1A[2KChrome Headless 145.0.0.0 (Windows 10): Executed 749 of 1399[31m (2 FAILED)[39m (skipped 159) (0 secs / 10.167 secs)
[1A[2KChrome Headless 145.0.0.0 (Windows 10): Executed 750 of 1399[31m (2 FAILED)[39m (skipped 159) (0 secs / 10.167 secs)
[1A[2KChrome Headless 145.0.0.0 (Windows 10): Executed 751 of 1399[31m (2 FAILED)[39m (skipped 159) (0 secs / 10.168 secs)
[1A[2KChrome Headless 145.0.0.0 (Windows 10): Executed 752 of 1399[31m (2 FAILED)[39m (skipped 186) (0 secs / 10.218 secs)
[1A[2KChrome Headless 145.0.0.0 (Windows 10): Executed 753 of 1399[31m (2 FAILED)[39m (skipped 186) (0 secs / 10.224 secs)
[1A[2KChrome Headless 145.0.0.0 (Windows 10): Executed 754 of 1399[31m (2 FAILED)[39m (skipped 186) (0 secs / 10.267 secs)
[1A[2KChrome Headless 145.0.0.0 (Windows 10): Executed 755 of 1399[31m (2 FAILED)[39m (skipped 186) (0 secs / 10.304 secs)
[1A[2KChrome Headless 145.0.0.0 (Windows 10): Executed 756 of 1399[31m (2 FAILED)[39m (skipped 186) (0 secs / 10.344 secs)
[1A[2KChrome Headless 145.0.0.0 (Windows 10): Executed 757 of 1399[31m (2 FAILED)[39m (skipped 186) (0 secs / 10.37 secs)
[1A[2KChrome Headless 145.0.0.0 (Windows 10): Executed 758 of 1399[31m (2 FAILED)[39m (skipped 186) (0 secs / 10.402 secs)
[1A[2KChrome Headless 145.0.0.0 (Windows 10): Executed 759 of 1399[31m (2 FAILED)[39m (skipped 186) (0 secs / 10.438 secs)
[1A[2KChrome Headless 145.0.0.0 (Windows 10): Executed 760 of 1399[31m (2 FAILED)[39m (skipped 186) (0 secs / 10.497 secs)
[1A[2KChrome Headless 145.0.0.0 (Windows 10): Executed 761 of 1399[31m (2 FAILED)[39m (skipped 186) (0 secs / 10.499 secs)
[1A[2KChrome Headless 145.0.0.0 (Windows 10): Executed 762 of 1399[31m (2 FAILED)[39m (skipped 186) (0 secs / 10.5 secs)
[1A[2KChrome Headless 145.0.0.0 (Windows 10): Executed 763 of 1399[31m (2 FAILED)[39m (skipped 186) (0 secs / 10.502 secs)
[1A[2KChrome Headless 145.0.0.0 (Windows 10): Executed 764 of 1399[31m (2 FAILED)[39m (skipped 186) (0 secs / 10.503 secs)
[1A[2KChrome Headless 145.0.0.0 (Windows 10): Executed 765 of 1399[31m (2 FAILED)[39m (skipped 186) (0 secs / 10.504 secs)
[1A[2KChrome Headless 145.0.0.0 (Windows 10): Executed 766 of 1399[31m (2 FAILED)[39m (skipped 186) (0 secs / 10.505 secs)
[1A[2KChrome Headless 145.0.0.0 (Windows 10): Executed 767 of 1399[31m (2 FAILED)[39m (skipped 186) (0 secs / 10.507 secs)
[1A[2KChrome Headless 145.0.0.0 (Windows 10): Executed 768 of 1399[31m (2 FAILED)[39m (skipped 186) (0 secs / 10.509 secs)
[1A[2KChrome Headless 145.0.0.0 (Windows 10): Executed 769 of 1399[31m (2 FAILED)[39m (skipped 186) (0 secs / 10.511 secs)
[1A[2KChrome Headless 145.0.0.0 (Windows 10): Executed 770 of 1399[31m (2 FAILED)[39m (skipped 186) (0 secs / 10.512 secs)
[1A[2KChrome Headless 145.0.0.0 (Windows 10): Executed 771 of 1399[31m (2 FAILED)[39m (skipped 186) (0 secs / 10.514 secs)
[1A[2KChrome Headless 145.0.0.0 (Windows 10): Executed 772 of 1399[31m (2 FAILED)[39m (skipped 186) (0 secs / 10.515 secs)
[1A[2KChrome Headless 145.0.0.0 (Windows 10): Executed 773 of 1399[31m (2 FAILED)[39m (skipped 186) (0 secs / 10.516 secs)
[1A[2KChrome Headless 145.0.0.0 (Windows 10): Executed 774 of 1399[31m (2 FAILED)[39m (skipped 186) (0 secs / 10.517 secs)
[1A[2KChrome Headless 145.0.0.0 (Windows 10): Executed 775 of 1399[31m (2 FAILED)[39m (skipped 186) (0 secs / 10.518 secs)
[1A[2KChrome Headless 145.0.0.0 (Windows 10): Executed 776 of 1399[31m (2 FAILED)[39m (skipped 186) (0 secs / 10.52 secs)
[1A[2KChrome Headless 145.0.0.0 (Windows 10): Executed 777 of 1399[31m (2 FAILED)[39m (skipped 186) (0 secs / 10.521 secs)
[1A[2KChrome Headless 145.0.0.0 (Windows 10): Executed 778 of 1399[31m (2 FAILED)[39m (skipped 186) (0 secs / 10.522 secs)
[1A[2KChrome Headless 145.0.0.0 (Windows 10): Executed 779 of 1399[31m (2 FAILED)[39m (skipped 186) (0 secs / 10.523 secs)
[1A[2KChrome Headless 145.0.0.0 (Windows 10): Executed 780 of 1399[31m (2 FAILED)[39m (skipped 186) (0 secs / 10.525 secs)
[1A[2KChrome Headless 145.0.0.0 (Windows 10): Executed 781 of 1399[31m (2 FAILED)[39m (skipped 186) (0 secs / 10.527 secs)
[1A[2KChrome Headless 145.0.0.0 (Windows 10): Executed 782 of 1399[31m (2 FAILED)[39m (skipped 186) (0 secs / 10.528 secs)
[1A[2KChrome Headless 145.0.0.0 (Windows 10): Executed 783 of 1399[31m (2 FAILED)[39m (skipped 186) (0 secs / 10.529 secs)
[1A[2KChrome Headless 145.0.0.0 (Windows 10): Executed 784 of 1399[31m (2 FAILED)[39m (skipped 186) (0 secs / 10.53 secs)
[1A[2KChrome Headless 145.0.0.0 (Windows 10): Executed 785 of 1399[31m (2 FAILED)[39m (skipped 186) (0 secs / 10.531 secs)
[1A[2KChrome Headless 145.0.0.0 (Windows 10): Executed 786 of 1399[31m (2 FAILED)[39m (skipped 186) (0 secs / 10.532 secs)
[1A[2KChrome Headless 145.0.0.0 (Windows 10): Executed 787 of 1399[31m (2 FAILED)[39m (skipped 186) (0 secs / 10.534 secs)
[1A[2KChrome Headless 145.0.0.0 (Windows 10): Executed 788 of 1399[31m (2 FAILED)[39m (skipped 186) (0 secs / 10.535 secs)
[1A[2KChrome Headless 145.0.0.0 (Windows 10): Executed 789 of 1399[31m (2 FAILED)[39m (skipped 186) (0 secs / 10.537 secs)
[1A[2KChrome Headless 145.0.0.0 (Windows 10): Executed 790 of 1399[31m (2 FAILED)[39m (skipped 186) (0 secs / 10.54 secs)
[1A[2KChrome Headless 145.0.0.0 (Windows 10): Executed 791 of 1399[31m (2 FAILED)[39m (skipped 186) (0 secs / 10.542 secs)
[1A[2KChrome Headless 145.0.0.0 (Windows 10): Executed 792 of 1399[31m (2 FAILED)[39m (skipped 186) (0 secs / 10.544 secs)
[1A[2KChrome Headless 145.0.0.0 (Windows 10): Executed 793 of 1399[31m (2 FAILED)[39m (skipped 186) (0 secs / 10.546 secs)
[1A[2KChrome Headless 145.0.0.0 (Windows 10): Executed 794 of 1399[31m (2 FAILED)[39m (skipped 186) (0 secs / 10.547 secs)
[1A[2KChrome Headless 145.0.0.0 (Windows 10): Executed 795 of 1399[31m (2 FAILED)[39m (skipped 186) (0 secs / 10.548 secs)
[1A[2KChrome Headless 145.0.0.0 (Windows 10): Executed 796 of 1399[31m (2 FAILED)[39m (skipped 186) (0 secs / 10.549 secs)
[1A[2KChrome Headless 145.0.0.0 (Windows 10): Executed 797 of 1399[31m (2 FAILED)[39m (skipped 186) (0 secs / 10.55 secs)
[1A[2KChrome Headless 145.0.0.0 (Windows 10): Executed 798 of 1399[31m (2 FAILED)[39m (skipped 186) (0 secs / 10.551 secs)
[1A[2KChrome Headless 145.0.0.0 (Windows 10): Executed 799 of 1399[31m (2 FAILED)[39m (skipped 186) (0 secs / 10.552 secs)
[1A[2KChrome Headless 145.0.0.0 (Windows 10): Executed 800 of 1399[31m (2 FAILED)[39m (skipped 186) (0 secs / 10.553 secs)
[1A[2KChrome Headless 145.0.0.0 (Windows 10): Executed 801 of 1399[31m (2 FAILED)[39m (skipped 186) (0 secs / 10.553 secs)
[1A[2KChrome Headless 145.0.0.0 (Windows 10): Executed 802 of 1399[31m (2 FAILED)[39m (skipped 186) (0 secs / 10.553 secs)
[1A[2KChrome Headless 145.0.0.0 (Windows 10): Executed 803 of 1399[31m (2 FAILED)[39m (skipped 186) (0 secs / 10.554 secs)
[1A[2KChrome Headless 145.0.0.0 (Windows 10): Executed 804 of 1399[31m (2 FAILED)[39m (skipped 186) (0 secs / 10.554 secs)
[1A[2KChrome Headless 145.0.0.0 (Windows 10): Executed 805 of 1399[31m (2 FAILED)[39m (skipped 186) (0 secs / 10.555 secs)
[1A[2KChrome Headless 145.0.0.0 (Windows 10): Executed 806 of 1399[31m (2 FAILED)[39m (skipped 186) (0 secs / 10.556 secs)
[1A[2KChrome Headless 145.0.0.0 (Windows 10): Executed 807 of 1399[31m (2 FAILED)[39m (skipped 186) (0 secs / 10.556 secs)
[1A[2KChrome Headless 145.0.0.0 (Windows 10): Executed 808 of 1399[31m (2 FAILED)[39m (skipped 186) (0 secs / 10.557 secs)
[1A[2KChrome Headless 145.0.0.0 (Windows 10): Executed 809 of 1399[31m (2 FAILED)[39m (skipped 186) (0 secs / 10.557 secs)
[1A[2KChrome Headless 145.0.0.0 (Windows 10): Executed 810 of 1399[31m (2 FAILED)[39m (skipped 186) (0 secs / 10.558 secs)
[1A[2KChrome Headless 145.0.0.0 (Windows 10): Executed 811 of 1399[31m (2 FAILED)[39m (skipped 186) (0 secs / 10.558 secs)
[1A[2KChrome Headless 145.0.0.0 (Windows 10): Executed 812 of 1399[31m (2 FAILED)[39m (skipped 186) (0 secs / 10.558 secs)
[1A[2KChrome Headless 145.0.0.0 (Windows 10): Executed 813 of 1399[31m (2 FAILED)[39m (skipped 186) (0 secs / 10.558 secs)
[1A[2KChrome Headless 145.0.0.0 (Windows 10): Executed 814 of 1399[31m (2 FAILED)[39m (skipped 186) (0 secs / 10.558 secs)
[1A[2KChrome Headless 145.0.0.0 (Windows 10): Executed 815 of 1399[31m (2 FAILED)[39m (skipped 186) (0 secs / 10.558 secs)
[1A[2KChrome Headless 145.0.0.0 (Windows 10): Executed 816 of 1399[31m (2 FAILED)[39m (skipped 186) (0 secs / 10.558 secs)
[1A[2KChrome Headless 145.0.0.0 (Windows 10): Executed 817 of 1399[31m (2 FAILED)[39m (skipped 186) (0 secs / 10.558 secs)
[1A[2KChrome Headless 145.0.0.0 (Windows 10): Executed 818 of 1399[31m (2 FAILED)[39m (skipped 186) (0 secs / 10.558 secs)
[1A[2KChrome Headless 145.0.0.0 (Windows 10): Executed 819 of 1399[31m (2 FAILED)[39m (skipped 186) (0 secs / 10.558 secs)
[1A[2KChrome Headless 145.0.0.0 (Windows 10): Executed 820 of 1399[31m (2 FAILED)[39m (skipped 186) (0 secs / 10.558 secs)
[1A[2KChrome Headless 145.0.0.0 (Windows 10): Executed 821 of 1399[31m (2 FAILED)[39m (skipped 186) (0 secs / 10.559 secs)
[1A[2KChrome Headless 145.0.0.0 (Windows 10): Executed 822 of 1399[31m (2 FAILED)[39m (skipped 186) (0 secs / 10.559 secs)
[1A[2KChrome Headless 145.0.0.0 (Windows 10): Executed 823 of 1399[31m (2 FAILED)[39m (skipped 186) (0 secs / 10.559 secs)
[1A[2KChrome Headless 145.0.0.0 (Windows 10): Executed 824 of 1399[31m (2 FAILED)[39m (skipped 186) (0 secs / 10.559 secs)
[1A[2KChrome Headless 145.0.0.0 (Windows 10): Executed 825 of 1399[31m (2 FAILED)[39m (skipped 186) (0 secs / 10.559 secs)
[1A[2KChrome Headless 145.0.0.0 (Windows 10): Executed 826 of 1399[31m (2 FAILED)[39m (skipped 186) (0 secs / 10.559 secs)
[1A[2KChrome Headless 145.0.0.0 (Windows 10): Executed 827 of 1399[31m (2 FAILED)[39m (skipped 186) (0 secs / 10.56 secs)
[1A[2KChrome Headless 145.0.0.0 (Windows 10): Executed 828 of 1399[31m (2 FAILED)[39m (skipped 186) (0 secs / 10.561 secs)
[1A[2KChrome Headless 145.0.0.0 (Windows 10): Executed 829 of 1399[31m (2 FAILED)[39m (skipped 186) (0 secs / 10.561 secs)
[1A[2KChrome Headless 145.0.0.0 (Windows 10): Executed 830 of 1399[31m (2 FAILED)[39m (skipped 186) (0 secs / 10.561 secs)
[1A[2KChrome Headless 145.0.0.0 (Windows 10): Executed 831 of 1399[31m (2 FAILED)[39m (skipped 186) (0 secs / 10.562 secs)
[1A[2KChrome Headless 145.0.0.0 (Windows 10): Executed 832 of 1399[31m (2 FAILED)[39m (skipped 186) (0 secs / 10.562 secs)
[1A[2KChrome Headless 145.0.0.0 (Windows 10): Executed 833 of 1399[31m (2 FAILED)[39m (skipped 186) (0 secs / 10.562 secs)
[1A[2KChrome Headless 145.0.0.0 (Windows 10): Executed 834 of 1399[31m (2 FAILED)[39m (skipped 186) (0 secs / 10.563 secs)
[1A[2KChrome Headless 145.0.0.0 (Windows 10): Executed 835 of 1399[31m (2 FAILED)[39m (skipped 186) (0 secs / 10.566 secs)
[1A[2KChrome Headless 145.0.0.0 (Windows 10): Executed 836 of 1399[31m (2 FAILED)[39m (skipped 186) (0 secs / 10.567 secs)
[1A[2KChrome Headless 145.0.0.0 (Windows 10): Executed 837 of 1399[31m (2 FAILED)[39m (skipped 186) (0 secs / 10.569 secs)
[1A[2KChrome Headless 145.0.0.0 (Windows 10): Executed 838 of 1399[31m (2 FAILED)[39m (skipped 186) (0 secs / 10.571 secs)
[1A[2KChrome Headless 145.0.0.0 (Windows 10): Executed 839 of 1399[31m (2 FAILED)[39m (skipped 186) (0 secs / 10.573 secs)
[1A[2KChrome Headless 145.0.0.0 (Windows 10): Executed 840 of 1399[31m (2 FAILED)[39m (skipped 186) (0 secs / 10.575 secs)
[1A[2KChrome Headless 145.0.0.0 (Windows 10): Executed 841 of 1399[31m (2 FAILED)[39m (skipped 186) (0 secs / 10.578 secs)
[1A[2KChrome Headless 145.0.0.0 (Windows 10): Executed 842 of 1399[31m (2 FAILED)[39m (skipped 186) (0 secs / 10.579 secs)
[1A[2KChrome Headless 145.0.0.0 (Windows 10): Executed 843 of 1399[31m (2 FAILED)[39m (skipped 186) (0 secs / 10.58 secs)
[1A[2KChrome Headless 145.0.0.0 (Windows 10): Executed 844 of 1399[31m (2 FAILED)[39m (skipped 186) (0 secs / 10.58 secs)
[1A[2KChrome Headless 145.0.0.0 (Windows 10): Executed 845 of 1399[31m (2 FAILED)[39m (skipped 186) (0 secs / 10.581 secs)
[1A[2KChrome Headless 145.0.0.0 (Windows 10): Executed 846 of 1399[31m (2 FAILED)[39m (skipped 186) (0 secs / 10.581 secs)
[1A[2KChrome Headless 145.0.0.0 (Windows 10): Executed 847 of 1399[31m (2 FAILED)[39m (skipped 186) (0 secs / 10.581 secs)
[1A[2KChrome Headless 145.0.0.0 (Windows 10): Executed 848 of 1399[31m (2 FAILED)[39m (skipped 186) (0 secs / 10.581 secs)
[1A[2KChrome Headless 145.0.0.0 (Windows 10): Executed 849 of 1399[31m (2 FAILED)[39m (skipped 186) (0 secs / 10.581 secs)
[1A[2KChrome Headless 145.0.0.0 (Windows 10): Executed 850 of 1399[31m (2 FAILED)[39m (skipped 186) (0 secs / 10.581 secs)
[1A[2KChrome Headless 145.0.0.0 (Windows 10): Executed 851 of 1399[31m (2 FAILED)[39m (skipped 186) (0 secs / 10.587 secs)
[1A[2KChrome Headless 145.0.0.0 (Windows 10): Executed 852 of 1399[31m (2 FAILED)[39m (skipped 186) (0 secs / 10.587 secs)
[1A[2KChrome Headless 145.0.0.0 (Windows 10): Executed 853 of 1399[31m (2 FAILED)[39m (skipped 186) (0 secs / 10.587 secs)
[1A[2KChrome Headless 145.0.0.0 (Windows 10): Executed 854 of 1399[31m (2 FAILED)[39m (skipped 186) (0 secs / 10.587 secs)
[1A[2KChrome Headless 145.0.0.0 (Windows 10): Executed 855 of 1399[31m (2 FAILED)[39m (skipped 186) (0 secs / 10.587 secs)
[1A[2KChrome Headless 145.0.0.0 (Windows 10): Executed 856 of 1399[31m (2 FAILED)[39m (skipped 186) (0 secs / 10.589 secs)
[1A[2KChrome Headless 145.0.0.0 (Windows 10): Executed 857 of 1399[31m (2 FAILED)[39m (skipped 186) (0 secs / 10.591 secs)
[1A[2KChrome Headless 145.0.0.0 (Windows 10): Executed 858 of 1399[31m (2 FAILED)[39m (skipped 186) (0 secs / 10.593 secs)
[1A[2KChrome Headless 145.0.0.0 (Windows 10): Executed 859 of 1399[31m (2 FAILED)[39m (skipped 186) (0 secs / 10.595 secs)
[1A[2KChrome Headless 145.0.0.0 (Windows 10): Executed 860 of 1399[31m (2 FAILED)[39m (skipped 186) (0 secs / 10.598 secs)
[1A[2KChrome Headless 145.0.0.0 (Windows 10): Executed 861 of 1399[31m (2 FAILED)[39m (skipped 186) (0 secs / 10.6 secs)
[1A[2KChrome Headless 145.0.0.0 (Windows 10): Executed 862 of 1399[31m (2 FAILED)[39m (skipped 186) (0 secs / 10.602 secs)
[1A[2KChrome Headless 145.0.0.0 (Windows 10): Executed 863 of 1399[31m (2 FAILED)[39m (skipped 186) (0 secs / 10.603 secs)
[1A[2KChrome Headless 145.0.0.0 (Windows 10): Executed 864 of 1399[31m (2 FAILED)[39m (skipped 186) (0 secs / 10.606 secs)
[1A[2KChrome Headless 145.0.0.0 (Windows 10): Executed 865 of 1399[31m (2 FAILED)[39m (skipped 186) (0 secs / 10.608 secs)
[1A[2KChrome Headless 145.0.0.0 (Windows 10): Executed 866 of 1399[31m (2 FAILED)[39m (skipped 186) (0 secs / 10.615 secs)
[1A[2KChrome Headless 145.0.0.0 (Windows 10): Executed 867 of 1399[31m (2 FAILED)[39m (skipped 186) (0 secs / 10.617 secs)
[1A[2KChrome Headless 145.0.0.0 (Windows 10): Executed 868 of 1399[31m (2 FAILED)[39m (skipped 186) (0 secs / 10.619 secs)
[1A[2KChrome Headless 145.0.0.0 (Windows 10): Executed 869 of 1399[31m (2 FAILED)[39m (skipped 186) (0 secs / 10.621 secs)
[1A[2KChrome Headless 145.0.0.0 (Windows 10): Executed 870 of 1399[31m (2 FAILED)[39m (skipped 186) (0 secs / 10.622 secs)
[1A[2KChrome Headless 145.0.0.0 (Windows 10): Executed 871 of 1399[31m (2 FAILED)[39m (skipped 186) (0 secs / 10.624 secs)
[1A[2KChrome Headless 145.0.0.0 (Windows 10): Executed 872 of 1399[31m (2 FAILED)[39m (skipped 186) (0 secs / 10.625 secs)
[1A[2KChrome Headless 145.0.0.0 (Windows 10): Executed 873 of 1399[31m (2 FAILED)[39m (skipped 186) (0 secs / 10.637 secs)
[1A[2KChrome Headless 145.0.0.0 (Windows 10): Executed 874 of 1399[31m (2 FAILED)[39m (skipped 186) (0 secs / 10.638 secs)
[1A[2KChrome Headless 145.0.0.0 (Windows 10): Executed 875 of 1399[31m (2 FAILED)[39m (skipped 186) (0 secs / 10.64 secs)
[1A[2KChrome Headless 145.0.0.0 (Windows 10): Executed 876 of 1399[31m (2 FAILED)[39m (skipped 186) (0 secs / 10.642 secs)
[1A[2KChrome Headless 145.0.0.0 (Windows 10): Executed 877 of 1399[31m (2 FAILED)[39m (skipped 186) (0 secs / 10.644 secs)
[1A[2KChrome Headless 145.0.0.0 (Windows 10): Executed 878 of 1399[31m (2 FAILED)[39m (skipped 186) (0 secs / 10.645 secs)
[1A[2KChrome Headless 145.0.0.0 (Windows 10): Executed 879 of 1399[31m (2 FAILED)[39m (skipped 186) (0 secs / 10.646 secs)
[1A[2KChrome Headless 145.0.0.0 (Windows 10): Executed 880 of 1399[31m (2 FAILED)[39m (skipped 186) (0 secs / 10.647 secs)
[1A[2KChrome Headless 145.0.0.0 (Windows 10): Executed 881 of 1399[31m (2 FAILED)[39m (skipped 186) (0 secs / 10.649 secs)
[1A[2KChrome Headless 145.0.0.0 (Windows 10): Executed 882 of 1399[31m (2 FAILED)[39m (skipped 186) (0 secs / 10.651 secs)
[1A[2KWARN: [36m'Spec 'NgxsmkDatepickerComponent - Input Validation & Security Input Sanitization Integration should sanitize input in onInputKeyDown' has no expectations.'[39m
Chrome Headless 145.0.0.0 (Windows 10): Executed 882 of 1399[31m (2 FAILED)[39m (skipped 186) (0 secs / 10.651 secs)
WARN: 'Spec 'NgxsmkDatepickerComponent - Input Validation & Security Input Sanitization Integration should sanitize input in onInputKeyDown' has no expectations.'
[1A[2KChrome Headless 145.0.0.0 (Windows 10): Executed 883 of 1399[31m (2 FAILED)[39m (skipped 186) (0 secs / 10.681 secs)
[1A[2KWARN: [36m'Spec 'NgxsmkDatepickerComponent - Input Validation & Security Input Sanitization Integration should sanitize input in onInputBlur' has no expectations.'[39m
Chrome Headless 145.0.0.0 (Windows 10): Executed 883 of 1399[31m (2 FAILED)[39m (skipped 186) (0 secs / 10.681 secs)
WARN: 'Spec 'NgxsmkDatepickerComponent - Input Validation & Security Input Sanitization Integration should sanitize input in onInputBlur' has no expectations.'
[1A[2KChrome Headless 145.0.0.0 (Windows 10): Executed 884 of 1399[31m (2 FAILED)[39m (skipped 186) (0 secs / 10.705 secs)
[1A[2KWARN: [36m'Spec 'NgxsmkDatepickerComponent - Input Validation & Security Input Sanitization Integration should sanitize input in onInputChange' has no expectations.'[39m
Chrome Headless 145.0.0.0 (Windows 10): Executed 884 of 1399[31m (2 FAILED)[39m (skipped 186) (0 secs / 10.705 secs)
WARN: 'Spec 'NgxsmkDatepickerComponent - Input Validation & Security Input Sanitization Integration should sanitize input in onInputChange' has no expectations.'
[1A[2KChrome Headless 145.0.0.0 (Windows 10): Executed 885 of 1399[31m (2 FAILED)[39m (skipped 186) (0 secs / 10.728 secs)
[1A[2KChrome Headless 145.0.0.0 (Windows 10): Executed 886 of 1399[31m (2 FAILED)[39m (skipped 186) (0 secs / 10.755 secs)
[1A[2KChrome Headless 145.0.0.0 (Windows 10): Executed 887 of 1399[31m (2 FAILED)[39m (skipped 186) (0 secs / 10.78 secs)
[1A[2KChrome Headless 145.0.0.0 (Windows 10): Executed 888 of 1399[31m (2 FAILED)[39m (skipped 186) (0 secs / 10.804 secs)
[1A[2KChrome Headless 145.0.0.0 (Windows 10): Executed 889 of 1399[31m (2 FAILED)[39m (skipped 186) (0 secs / 10.829 secs)
[1A[2KChrome Headless 145.0.0.0 (Windows 10): Executed 890 of 1399[31m (2 FAILED)[39m (skipped 186) (0 secs / 10.856 secs)
[1A[2KChrome Headless 145.0.0.0 (Windows 10): Executed 891 of 1399[31m (2 FAILED)[39m (skipped 186) (0 secs / 10.888 secs)
[1A[2KChrome Headless 145.0.0.0 (Windows 10): Executed 892 of 1399[31m (2 FAILED)[39m (skipped 186) (0 secs / 10.913 secs)
[1A[2KChrome Headless 145.0.0.0 (Windows 10): Executed 893 of 1399[31m (2 FAILED)[39m (skipped 186) (0 secs / 10.938 secs)
[1A[2KChrome Headless 145.0.0.0 (Windows 10): Executed 894 of 1399[31m (2 FAILED)[39m (skipped 186) (0 secs / 10.961 secs)
[1A[2KChrome Headless 145.0.0.0 (Windows 10): Executed 895 of 1399[31m (2 FAILED)[39m (skipped 186) (0 secs / 10.985 secs)
[1A[2KChrome Headless 145.0.0.0 (Windows 10): Executed 896 of 1399[31m (2 FAILED)[39m (skipped 186) (0 secs / 11.011 secs)
[1A[2KChrome Headless 145.0.0.0 (Windows 10): Executed 897 of 1399[31m (2 FAILED)[39m (skipped 186) (0 secs / 11.035 secs)
[1A[2KChrome Headless 145.0.0.0 (Windows 10): Executed 898 of 1399[31m (2 FAILED)[39m (skipped 186) (0 secs / 11.06 secs)
[1A[2KChrome Headless 145.0.0.0 (Windows 10): Executed 899 of 1399[31m (2 FAILED)[39m (skipped 186) (0 secs / 11.086 secs)
[1A[2KChrome Headless 145.0.0.0 (Windows 10): Executed 900 of 1399[31m (2 FAILED)[39m (skipped 186) (0 secs / 11.124 secs)
[1A[2KChrome Headless 145.0.0.0 (Windows 10): Executed 901 of 1399[31m (2 FAILED)[39m (skipped 186) (0 secs / 11.152 secs)
[1A[2KChrome Headless 145.0.0.0 (Windows 10): Executed 902 of 1399[31m (2 FAILED)[39m (skipped 186) (0 secs / 11.18 secs)
[1A[2KChrome Headless 145.0.0.0 (Windows 10): Executed 903 of 1399[31m (2 FAILED)[39m (skipped 186) (0 secs / 11.211 secs)
[1A[2KChrome Headless 145.0.0.0 (Windows 10): Executed 904 of 1399[31m (2 FAILED)[39m (skipped 186) (0 secs / 11.249 secs)
[1A[2KChrome Headless 145.0.0.0 (Windows 10): Executed 905 of 1399[31m (2 FAILED)[39m (skipped 186) (0 secs / 11.275 secs)
[1A[2KChrome Headless 145.0.0.0 (Windows 10): Executed 906 of 1399[31m (2 FAILED)[39m (skipped 186) (0 secs / 11.303 secs)
[1A[2KChrome Headless 145.0.0.0 (Windows 10): Executed 907 of 1399[31m (2 FAILED)[39m (skipped 186) (0 secs / 11.332 secs)
[1A[2KChrome Headless 145.0.0.0 (Windows 10): Executed 908 of 1399[31m (2 FAILED)[39m (skipped 186) (0 secs / 11.364 secs)
[1A[2KChrome Headless 145.0.0.0 (Windows 10): Executed 909 of 1399[31m (2 FAILED)[39m (skipped 186) (0 secs / 11.393 secs)
[1A[2KChrome Headless 145.0.0.0 (Windows 10): Executed 910 of 1399[31m (2 FAILED)[39m (skipped 186) (0 secs / 11.423 secs)
[1A[2KChrome Headless 145.0.0.0 (Windows 10): Executed 911 of 1399[31m (2 FAILED)[39m (skipped 193) (0 secs / 11.457 secs)
[1A[2KChrome Headless 145.0.0.0 (Windows 10): Executed 912 of 1399[31m (2 FAILED)[39m (skipped 193) (0 secs / 11.485 secs)
[1A[2KChrome Headless 145.0.0.0 (Windows 10): Executed 913 of 1399[31m (2 FAILED)[39m (skipped 193) (0 secs / 11.514 secs)
[1A[2KChrome Headless 145.0.0.0 (Windows 10): Executed 914 of 1399[31m (2 FAILED)[39m (skipped 193) (0 secs / 11.541 secs)
[1A[2KChrome Headless 145.0.0.0 (Windows 10): Executed 915 of 1399[31m (2 FAILED)[39m (skipped 193) (0 secs / 11.569 secs)
[1A[2KChrome Headless 145.0.0.0 (Windows 10): Executed 916 of 1399[31m (2 FAILED)[39m (skipped 193) (0 secs / 11.596 secs)
[1A[2KChrome Headless 145.0.0.0 (Windows 10): Executed 917 of 1399[31m (2 FAILED)[39m (skipped 193) (0 secs / 11.629 secs)
[1A[2KChrome Headless 145.0.0.0 (Windows 10): Executed 918 of 1399[31m (2 FAILED)[39m (skipped 193) (0 secs / 11.656 secs)
[1A[2KChrome Headless 145.0.0.0 (Windows 10): Executed 919 of 1399[31m (2 FAILED)[39m (skipped 193) (0 secs / 11.658 secs)
[1A[2KChrome Headless 145.0.0.0 (Windows 10): Executed 920 of 1399[31m (2 FAILED)[39m (skipped 193) (0 secs / 11.66 secs)
[1A[2KChrome Headless 145.0.0.0 (Windows 10): Executed 921 of 1399[31m (2 FAILED)[39m (skipped 193) (0 secs / 11.661 secs)
[1A[2KChrome Headless 145.0.0.0 (Windows 10): Executed 922 of 1399[31m (2 FAILED)[39m (skipped 193) (0 secs / 11.663 secs)
[1A[2KChrome Headless 145.0.0.0 (Windows 10): Executed 923 of 1399[31m (2 FAILED)[39m (skipped 193) (0 secs / 11.664 secs)
[1A[2KChrome Headless 145.0.0.0 (Windows 10): Executed 924 of 1399[31m (2 FAILED)[39m (skipped 193) (0 secs / 11.666 secs)
[1A[2KChrome Headless 145.0.0.0 (Windows 10): Executed 925 of 1399[31m (2 FAILED)[39m (skipped 193) (0 secs / 11.667 secs)
[1A[2KChrome Headless 145.0.0.0 (Windows 10): Executed 926 of 1399[31m (2 FAILED)[39m (skipped 193) (0 secs / 11.669 secs)
[1A[2KChrome Headless 145.0.0.0 (Windows 10): Executed 927 of 1399[31m (2 FAILED)[39m (skipped 193) (0 secs / 11.671 secs)
[1A[2KChrome Headless 145.0.0.0 (Windows 10): Executed 928 of 1399[31m (2 FAILED)[39m (skipped 193) (0 secs / 11.672 secs)
[1A[2KChrome Headless 145.0.0.0 (Windows 10): Executed 929 of 1399[31m (2 FAILED)[39m (skipped 193) (0 secs / 11.673 secs)
[1A[2KChrome Headless 145.0.0.0 (Windows 10): Executed 930 of 1399[31m (2 FAILED)[39m (skipped 193) (0 secs / 11.674 secs)
[1A[2KChrome Headless 145.0.0.0 (Windows 10): Executed 931 of 1399[31m (2 FAILED)[39m (skipped 193) (0 secs / 11.675 secs)
[1A[2KChrome Headless 145.0.0.0 (Windows 10): Executed 932 of 1399[31m (2 FAILED)[39m (skipped 193) (0 secs / 11.676 secs)
[1A[2KChrome Headless 145.0.0.0 (Windows 10): Executed 933 of 1399[31m (2 FAILED)[39m (skipped 193) (0 secs / 11.677 secs)
[1A[2KChrome Headless 145.0.0.0 (Windows 10): Executed 934 of 1399[31m (2 FAILED)[39m (skipped 193) (0 secs / 11.679 secs)
[1A[2KChrome Headless 145.0.0.0 (Windows 10): Executed 935 of 1399[31m (2 FAILED)[39m (skipped 193) (0 secs / 11.68 secs)
[1A[2KChrome Headless 145.0.0.0 (Windows 10): Executed 936 of 1399[31m (2 FAILED)[39m (skipped 193) (0 secs / 11.682 secs)
[1A[2KChrome Headless 145.0.0.0 (Windows 10): Executed 937 of 1399[31m (2 FAILED)[39m (skipped 193) (0 secs / 11.683 secs)
[1A[2KChrome Headless 145.0.0.0 (Windows 10): Executed 938 of 1399[31m (2 FAILED)[39m (skipped 193) (0 secs / 11.684 secs)
[1A[2KChrome Headless 145.0.0.0 (Windows 10): Executed 939 of 1399[31m (2 FAILED)[39m (skipped 193) (0 secs / 11.686 secs)
[1A[2KChrome Headless 145.0.0.0 (Windows 10): Executed 940 of 1399[31m (2 FAILED)[39m (skipped 193) (0 secs / 11.687 secs)
[1A[2KChrome Headless 145.0.0.0 (Windows 10): Executed 941 of 1399[31m (2 FAILED)[39m (skipped 193) (0 secs / 11.689 secs)
[1A[2KChrome Headless 145.0.0.0 (Windows 10): Executed 942 of 1399[31m (2 FAILED)[39m (skipped 193) (0 secs / 11.69 secs)
[1A[2KChrome Headless 145.0.0.0 (Windows 10): Executed 943 of 1399[31m (2 FAILED)[39m (skipped 193) (0 secs / 11.692 secs)
[1A[2KChrome Headless 145.0.0.0 (Windows 10): Executed 944 of 1399[31m (2 FAILED)[39m (skipped 193) (0 secs / 11.694 secs)
[1A[2KChrome Headless 145.0.0.0 (Windows 10): Executed 945 of 1399[31m (2 FAILED)[39m (skipped 193) (0 secs / 11.701 secs)
[1A[2KChrome Headless 145.0.0.0 (Windows 10): Executed 946 of 1399[31m (2 FAILED)[39m (skipped 193) (0 secs / 11.709 secs)
[1A[2KChrome Headless 145.0.0.0 (Windows 10): Executed 947 of 1399[31m (2 FAILED)[39m (skipped 193) (0 secs / 11.715 secs)
[1A[2KChrome Headless 145.0.0.0 (Windows 10): Executed 948 of 1399[31m (2 FAILED)[39m (skipped 193) (0 secs / 11.723 secs)
[1A[2KChrome Headless 145.0.0.0 (Windows 10): Executed 949 of 1399[31m (2 FAILED)[39m (skipped 193) (0 secs / 11.729 secs)
[1A[2KChrome Headless 145.0.0.0 (Windows 10): Executed 950 of 1399[31m (2 FAILED)[39m (skipped 193) (0 secs / 11.735 secs)
[1A[2KChrome Headless 145.0.0.0 (Windows 10): Executed 951 of 1399[31m (2 FAILED)[39m (skipped 193) (0 secs / 11.741 secs)
[1A[2KChrome Headless 145.0.0.0 (Windows 10): Executed 952 of 1399[31m (2 FAILED)[39m (skipped 193) (0 secs / 11.749 secs)
[1A[2KChrome Headless 145.0.0.0 (Windows 10): Executed 953 of 1399[31m (2 FAILED)[39m (skipped 193) (0 secs / 11.756 secs)
[1A[2KChrome Headless 145.0.0.0 (Windows 10): Executed 954 of 1399[31m (2 FAILED)[39m (skipped 193) (0 secs / 11.762 secs)
[1A[2KChrome Headless 145.0.0.0 (Windows 10): Executed 955 of 1399[31m (2 FAILED)[39m (skipped 193) (0 secs / 11.769 secs)
[1A[2KChrome Headless 145.0.0.0 (Windows 10): Executed 956 of 1399[31m (2 FAILED)[39m (skipped 193) (0 secs / 11.775 secs)
[1A[2KChrome Headless 145.0.0.0 (Windows 10): Executed 957 of 1399[31m (2 FAILED)[39m (skipped 193) (0 secs / 11.782 secs)
[1A[2KChrome Headless 145.0.0.0 (Windows 10): Executed 958 of 1399[31m (2 FAILED)[39m (skipped 193) (0 secs / 11.789 secs)
[1A[2KChrome Headless 145.0.0.0 (Windows 10): Executed 959 of 1399[31m (2 FAILED)[39m (skipped 193) (0 secs / 11.797 secs)
[1A[2KChrome Headless 145.0.0.0 (Windows 10): Executed 960 of 1399[31m (2 FAILED)[39m (skipped 193) (0 secs / 11.803 secs)
[1A[2KChrome Headless 145.0.0.0 (Windows 10): Executed 961 of 1399[31m (2 FAILED)[39m (skipped 193) (0 secs / 11.813 secs)
[1A[2KChrome Headless 145.0.0.0 (Windows 10): Executed 962 of 1399[31m (2 FAILED)[39m (skipped 193) (0 secs / 11.82 secs)
[1A[2KChrome Headless 145.0.0.0 (Windows 10): Executed 963 of 1399[31m (2 FAILED)[39m (skipped 193) (0 secs / 11.828 secs)
[1A[2KChrome Headless 145.0.0.0 (Windows 10): Executed 964 of 1399[31m (2 FAILED)[39m (skipped 193) (0 secs / 11.835 secs)
[1A[2KChrome Headless 145.0.0.0 (Windows 10): Executed 965 of 1399[31m (2 FAILED)[39m (skipped 193) (0 secs / 11.841 secs)
[1A[2KChrome Headless 145.0.0.0 (Windows 10): Executed 966 of 1399[31m (2 FAILED)[39m (skipped 193) (0 secs / 11.848 secs)
[1A[2KChrome Headless 145.0.0.0 (Windows 10): Executed 967 of 1399[31m (2 FAILED)[39m (skipped 193) (0 secs / 11.854 secs)
[1A[2KChrome Headless 145.0.0.0 (Windows 10): Executed 968 of 1399[31m (2 FAILED)[39m (skipped 193) (0 secs / 11.972 secs)
[1A[2KChrome Headless 145.0.0.0 (Windows 10): Executed 969 of 1399[31m (2 FAILED)[39m (skipped 193) (0 secs / 12.059 secs)
[1A[2KChrome Headless 145.0.0.0 (Windows 10): Executed 970 of 1399[31m (2 FAILED)[39m (skipped 193) (0 secs / 12.134 secs)
[1A[2KChrome Headless 145.0.0.0 (Windows 10): Executed 971 of 1399[31m (2 FAILED)[39m (skipped 193) (0 secs / 12.21 secs)
[1A[2KChrome Headless 145.0.0.0 (Windows 10): Executed 972 of 1399[31m (2 FAILED)[39m (skipped 193) (0 secs / 12.233 secs)
[1A[2KChrome Headless 145.0.0.0 (Windows 10): Executed 973 of 1399[31m (2 FAILED)[39m (skipped 193) (0 secs / 12.265 secs)
[1A[2KChrome Headless 145.0.0.0 (Windows 10): Executed 974 of 1399[31m (2 FAILED)[39m (skipped 193) (0 secs / 12.286 secs)
[1A[2KChrome Headless 145.0.0.0 (Windows 10): Executed 975 of 1399[31m (2 FAILED)[39m (skipped 193) (0 secs / 12.313 secs)
[1A[2KChrome Headless 145.0.0.0 (Windows 10): Executed 976 of 1399[31m (2 FAILED)[39m (skipped 193) (0 secs / 12.343 secs)
[1A[2KChrome Headless 145.0.0.0 (Windows 10): Executed 977 of 1399[31m (2 FAILED)[39m (skipped 193) (0 secs / 12.367 secs)
[1A[2KChrome Headless 145.0.0.0 (Windows 10): Executed 978 of 1399[31m (2 FAILED)[39m (skipped 193) (0 secs / 12.387 secs)
[1A[2KChrome Headless 145.0.0.0 (Windows 10): Executed 979 of 1399[31m (2 FAILED)[39m (skipped 193) (0 secs / 12.41 secs)
[1A[2KChrome Headless 145.0.0.0 (Windows 10): Executed 980 of 1399[31m (2 FAILED)[39m (skipped 193) (0 secs / 12.416 secs)
[1A[2KChrome Headless 145.0.0.0 (Windows 10): Executed 981 of 1399[31m (2 FAILED)[39m (skipped 193) (0 secs / 12.422 secs)
[1A[2KChrome Headless 145.0.0.0 (Windows 10): Executed 982 of 1399[31m (2 FAILED)[39m (skipped 193) (0 secs / 12.429 secs)
[1A[2KChrome Headless 145.0.0.0 (Windows 10): Executed 983 of 1399[31m (2 FAILED)[39m (skipped 193) (0 secs / 12.435 secs)
[1A[2KChrome Headless 145.0.0.0 (Windows 10): Executed 984 of 1399[31m (2 FAILED)[39m (skipped 193) (0 secs / 12.441 secs)
[1A[2KChrome Headless 145.0.0.0 (Windows 10): Executed 985 of 1399[31m (2 FAILED)[39m (skipped 193) (0 secs / 12.448 secs)
[1A[2KChrome Headless 145.0.0.0 (Windows 10): Executed 986 of 1399[31m (2 FAILED)[39m (skipped 193) (0 secs / 12.493 secs)
[1A[2KChrome Headless 145.0.0.0 (Windows 10): Executed 987 of 1399[31m (2 FAILED)[39m (skipped 193) (0 secs / 12.569 secs)
[1A[2KChrome Headless 145.0.0.0 (Windows 10): Executed 988 of 1399[31m (2 FAILED)[39m (skipped 193) (0 secs / 12.61 secs)
[1A[2KChrome Headless 145.0.0.0 (Windows 10): Executed 989 of 1399[31m (2 FAILED)[39m (skipped 193) (0 secs / 12.652 secs)
[1A[2KChrome Headless 145.0.0.0 (Windows 10): Executed 990 of 1399[31m (2 FAILED)[39m (skipped 193) (0 secs / 12.698 secs)
[1A[2KChrome Headless 145.0.0.0 (Windows 10): Executed 991 of 1399[31m (2 FAILED)[39m (skipped 193) (0 secs / 12.741 secs)
[1A[2KChrome Headless 145.0.0.0 (Windows 10): Executed 992 of 1399[31m (2 FAILED)[39m (skipped 193) (0 secs / 12.798 secs)
[1A[2KChrome Headless 145.0.0.0 (Windows 10): Executed 993 of 1399[31m (2 FAILED)[39m (skipped 193) (0 secs / 12.855 secs)
[1A[2KChrome Headless 145.0.0.0 (Windows 10): Executed 994 of 1399[31m (2 FAILED)[39m (skipped 193) (0 secs / 12.896 secs)
[1A[2KChrome Headless 145.0.0.0 (Windows 10): Executed 995 of 1399[31m (2 FAILED)[39m (skipped 193) (0 secs / 12.937 secs)
[1A[2KChrome Headless 145.0.0.0 (Windows 10): Executed 996 of 1399[31m (2 FAILED)[39m (skipped 193) (0 secs / 12.977 secs)
[1A[2KChrome Headless 145.0.0.0 (Windows 10): Executed 997 of 1399[31m (2 FAILED)[39m (skipped 193) (0 secs / 13.006 secs)
[1A[2KChrome Headless 145.0.0.0 (Windows 10): Executed 998 of 1399[31m (2 FAILED)[39m (skipped 193) (0 secs / 13.033 secs)
[1A[2KChrome Headless 145.0.0.0 (Windows 10): Executed 999 of 1399[31m (2 FAILED)[39m (skipped 193) (0 secs / 13.057 secs)
[1A[2KChrome Headless 145.0.0.0 (Windows 10): Executed 1000 of 1399[31m (2 FAILED)[39m (skipped 193) (0 secs / 13.11 secs)
[1A[2KChrome Headless 145.0.0.0 (Windows 10): Executed 1001 of 1399[31m (2 FAILED)[39m (skipped 193) (0 secs / 13.151 secs)
[1A[2KChrome Headless 145.0.0.0 (Windows 10): Executed 1002 of 1399[31m (2 FAILED)[39m (skipped 193) (0 secs / 13.188 secs)
[1A[2KChrome Headless 145.0.0.0 (Windows 10): Executed 1003 of 1399[31m (2 FAILED)[39m (skipped 193) (0 secs / 13.225 secs)
[1A[2KChrome Headless 145.0.0.0 (Windows 10): Executed 1004 of 1399[31m (2 FAILED)[39m (skipped 193) (0 secs / 13.248 secs)
[1A[2KChrome Headless 145.0.0.0 (Windows 10): Executed 1005 of 1399[31m (2 FAILED)[39m (skipped 193) (0 secs / 13.282 secs)
[1A[2KChrome Headless 145.0.0.0 (Windows 10): Executed 1006 of 1399[31m (2 FAILED)[39m (skipped 193) (0 secs / 13.322 secs)
[1A[2KChrome Headless 145.0.0.0 (Windows 10): Executed 1007 of 1399[31m (2 FAILED)[39m (skipped 193) (0 secs / 13.358 secs)
[1A[2KChrome Headless 145.0.0.0 (Windows 10): Executed 1008 of 1399[31m (2 FAILED)[39m (skipped 193) (0 secs / 13.395 secs)
[1A[2KChrome Headless 145.0.0.0 (Windows 10): Executed 1009 of 1399[31m (2 FAILED)[39m (skipped 193) (0 secs / 13.425 secs)
[1A[2KChrome Headless 145.0.0.0 (Windows 10): Executed 1010 of 1399[31m (2 FAILED)[39m (skipped 193) (0 secs / 13.448 secs)
[1A[2KChrome Headless 145.0.0.0 (Windows 10): Executed 1011 of 1399[31m (2 FAILED)[39m (skipped 193) (0 secs / 13.478 secs)
[1A[2KChrome Headless 145.0.0.0 (Windows 10): Executed 1012 of 1399[31m (2 FAILED)[39m (skipped 193) (0 secs / 13.503 secs)
[1A[2KChrome Headless 145.0.0.0 (Windows 10): Executed 1013 of 1399[31m (2 FAILED)[39m (skipped 193) (0 secs / 13.546 secs)
[1A[2KChrome Headless 145.0.0.0 (Windows 10): Executed 1014 of 1399[31m (2 FAILED)[39m (skipped 193) (0 secs / 13.585 secs)
[1A[2KChrome Headless 145.0.0.0 (Windows 10): Executed 1015 of 1399[31m (2 FAILED)[39m (skipped 193) (0 secs / 13.623 secs)
[1A[2KChrome Headless 145.0.0.0 (Windows 10): Executed 1016 of 1399[31m (2 FAILED)[39m (skipped 193) (0 secs / 13.645 secs)
[1A[2KChrome Headless 145.0.0.0 (Windows 10): Executed 1017 of 1399[31m (2 FAILED)[39m (skipped 193) (0 secs / 13.696 secs)
[1A[2KChrome Headless 145.0.0.0 (Windows 10): Executed 1018 of 1399[31m (2 FAILED)[39m (skipped 193) (0 secs / 13.72 secs)
[1A[2KChrome Headless 145.0.0.0 (Windows 10): Executed 1019 of 1399[31m (2 FAILED)[39m (skipped 193) (0 secs / 13.75 secs)
[1A[2KChrome Headless 145.0.0.0 (Windows 10): Executed 1020 of 1399[31m (2 FAILED)[39m (skipped 193) (0 secs / 13.782 secs)
[1A[2KChrome Headless 145.0.0.0 (Windows 10): Executed 1021 of 1399[31m (2 FAILED)[39m (skipped 193) (0 secs / 13.817 secs)
[1A[2KChrome Headless 145.0.0.0 (Windows 10): Executed 1022 of 1399[31m (2 FAILED)[39m (skipped 193) (0 secs / 13.848 secs)
[1A[2KChrome Headless 145.0.0.0 (Windows 10): Executed 1023 of 1399[31m (2 FAILED)[39m (skipped 193) (0 secs / 13.876 secs)
[1A[2KChrome Headless 145.0.0.0 (Windows 10): Executed 1024 of 1399[31m (2 FAILED)[39m (skipped 193) (0 secs / 13.906 secs)
[1A[2KChrome Headless 145.0.0.0 (Windows 10): Executed 1025 of 1399[31m (2 FAILED)[39m (skipped 193) (0 secs / 13.942 secs)
[1A[2KChrome Headless 145.0.0.0 (Windows 10): Executed 1026 of 1399[31m (2 FAILED)[39m (skipped 193) (0 secs / 13.97 secs)
[1A[2KChrome Headless 145.0.0.0 (Windows 10): Executed 1027 of 1399[31m (2 FAILED)[39m (skipped 193) (0 secs / 13.999 secs)
[1A[2KChrome Headless 145.0.0.0 (Windows 10): Executed 1028 of 1399[31m (2 FAILED)[39m (skipped 193) (0 secs / 14.026 secs)
[1A[2KChrome Headless 145.0.0.0 (Windows 10): Executed 1029 of 1399[31m (2 FAILED)[39m (skipped 193) (0 secs / 14.026 secs)
[1A[2KChrome Headless 145.0.0.0 (Windows 10): Executed 1030 of 1399[31m (2 FAILED)[39m (skipped 193) (0 secs / 14.027 secs)
[1A[2KChrome Headless 145.0.0.0 (Windows 10): Executed 1031 of 1399[31m (2 FAILED)[39m (skipped 193) (0 secs / 14.027 secs)
[1A[2KChrome Headless 145.0.0.0 (Windows 10): Executed 1032 of 1399[31m (2 FAILED)[39m (skipped 193) (0 secs / 14.028 secs)
[1A[2KChrome Headless 145.0.0.0 (Windows 10): Executed 1033 of 1399[31m (2 FAILED)[39m (skipped 193) (0 secs / 14.028 secs)
[1A[2KChrome Headless 145.0.0.0 (Windows 10): Executed 1034 of 1399[31m (2 FAILED)[39m (skipped 193) (0 secs / 14.029 secs)
[1A[2KChrome Headless 145.0.0.0 (Windows 10): Executed 1035 of 1399[31m (2 FAILED)[39m (skipped 193) (0 secs / 14.038 secs)
[1A[2KChrome Headless 145.0.0.0 (Windows 10): Executed 1036 of 1399[31m (2 FAILED)[39m (skipped 193) (0 secs / 14.038 secs)
[1A[2KChrome Headless 145.0.0.0 (Windows 10): Executed 1037 of 1399[31m (2 FAILED)[39m (skipped 193) (0 secs / 14.038 secs)
[1A[2KChrome Headless 145.0.0.0 (Windows 10): Executed 1038 of 1399[31m (2 FAILED)[39m (skipped 193) (0 secs / 14.038 secs)
[1A[2KChrome Headless 145.0.0.0 (Windows 10): Executed 1039 of 1399[31m (2 FAILED)[39m (skipped 193) (0 secs / 14.038 secs)
[1A[2KChrome Headless 145.0.0.0 (Windows 10): Executed 1040 of 1399[31m (2 FAILED)[39m (skipped 193) (0 secs / 14.038 secs)
[1A[2KChrome Headless 145.0.0.0 (Windows 10): Executed 1041 of 1399[31m (2 FAILED)[39m (skipped 193) (0 secs / 14.038 secs)
[1A[2KChrome Headless 145.0.0.0 (Windows 10): Executed 1042 of 1399[31m (2 FAILED)[39m (skipped 193) (0 secs / 14.038 secs)
[1A[2KChrome Headless 145.0.0.0 (Windows 10): Executed 1043 of 1399[31m (2 FAILED)[39m (skipped 193) (0 secs / 14.038 secs)
[1A[2KChrome Headless 145.0.0.0 (Windows 10): Executed 1044 of 1399[31m (2 FAILED)[39m (skipped 193) (0 secs / 14.038 secs)
[1A[2KChrome Headless 145.0.0.0 (Windows 10): Executed 1045 of 1399[31m (2 FAILED)[39m (skipped 193) (0 secs / 14.039 secs)
[1A[2KChrome Headless 145.0.0.0 (Windows 10): Executed 1046 of 1399[31m (2 FAILED)[39m (skipped 193) (0 secs / 14.04 secs)
[1A[2KChrome Headless 145.0.0.0 (Windows 10): Executed 1047 of 1399[31m (2 FAILED)[39m (skipped 193) (0 secs / 14.04 secs)
[1A[2KChrome Headless 145.0.0.0 (Windows 10): Executed 1048 of 1399[31m (2 FAILED)[39m (skipped 193) (0 secs / 14.04 secs)
[1A[2KChrome Headless 145.0.0.0 (Windows 10): Executed 1049 of 1399[31m (2 FAILED)[39m (skipped 193) (0 secs / 14.04 secs)
[1A[2KChrome Headless 145.0.0.0 (Windows 10): Executed 1050 of 1399[31m (2 FAILED)[39m (skipped 193) (0 secs / 14.04 secs)
[1A[2KChrome Headless 145.0.0.0 (Windows 10): Executed 1051 of 1399[31m (2 FAILED)[39m (skipped 193) (0 secs / 14.04 secs)
[1A[2KChrome Headless 145.0.0.0 (Windows 10): Executed 1052 of 1399[31m (2 FAILED)[39m (skipped 193) (0 secs / 14.04 secs)
[1A[2KChrome Headless 145.0.0.0 (Windows 10): Executed 1053 of 1399[31m (2 FAILED)[39m (skipped 193) (0 secs / 14.04 secs)
[1A[2KChrome Headless 145.0.0.0 (Windows 10): Executed 1054 of 1399[31m (2 FAILED)[39m (skipped 193) (0 secs / 14.041 secs)
[1A[2KChrome Headless 145.0.0.0 (Windows 10): Executed 1055 of 1399[31m (2 FAILED)[39m (skipped 193) (0 secs / 14.041 secs)
[1A[2KChrome Headless 145.0.0.0 (Windows 10): Executed 1056 of 1399[31m (2 FAILED)[39m (skipped 193) (0 secs / 14.042 secs)
[1A[2KChrome Headless 145.0.0.0 (Windows 10): Executed 1057 of 1399[31m (2 FAILED)[39m (skipped 193) (0 secs / 14.042 secs)
[1A[2KChrome Headless 145.0.0.0 (Windows 10): Executed 1058 of 1399[31m (2 FAILED)[39m (skipped 193) (0 secs / 14.042 secs)
[1A[2KChrome Headless 145.0.0.0 (Windows 10): Executed 1059 of 1399[31m (2 FAILED)[39m (skipped 193) (0 secs / 14.042 secs)
[1A[2KChrome Headless 145.0.0.0 (Windows 10): Executed 1060 of 1399[31m (2 FAILED)[39m (skipped 193) (0 secs / 14.043 secs)
[1A[2KChrome Headless 145.0.0.0 (Windows 10): Executed 1061 of 1399[31m (2 FAILED)[39m (skipped 193) (0 secs / 14.05 secs)
[1A[2KChrome Headless 145.0.0.0 (Windows 10): Executed 1062 of 1399[31m (2 FAILED)[39m (skipped 193) (0 secs / 14.05 secs)
[1A[2KChrome Headless 145.0.0.0 (Windows 10): Executed 1063 of 1399[31m (2 FAILED)[39m (skipped 193) (0 secs / 14.05 secs)
[1A[2KChrome Headless 145.0.0.0 (Windows 10): Executed 1064 of 1399[31m (2 FAILED)[39m (skipped 193) (0 secs / 14.05 secs)
[1A[2KChrome Headless 145.0.0.0 (Windows 10): Executed 1065 of 1399[31m (2 FAILED)[39m (skipped 193) (0 secs / 14.05 secs)
[1A[2KChrome Headless 145.0.0.0 (Windows 10): Executed 1066 of 1399[31m (2 FAILED)[39m (skipped 193) (0 secs / 14.05 secs)
[1A[2KChrome Headless 145.0.0.0 (Windows 10): Executed 1067 of 1399[31m (2 FAILED)[39m (skipped 193) (0 secs / 14.05 secs)
[1A[2KChrome Headless 145.0.0.0 (Windows 10): Executed 1068 of 1399[31m (2 FAILED)[39m (skipped 193) (0 secs / 14.051 secs)
[1A[2KChrome Headless 145.0.0.0 (Windows 10): Executed 1069 of 1399[31m (2 FAILED)[39m (skipped 193) (0 secs / 14.051 secs)
[1A[2KChrome Headless 145.0.0.0 (Windows 10): Executed 1070 of 1399[31m (2 FAILED)[39m (skipped 193) (0 secs / 14.051 secs)
[1A[2KChrome Headless 145.0.0.0 (Windows 10): Executed 1071 of 1399[31m (2 FAILED)[39m (skipped 193) (0 secs / 14.051 secs)
[1A[2KChrome Headless 145.0.0.0 (Windows 10): Executed 1072 of 1399[31m (2 FAILED)[39m (skipped 193) (0 secs / 14.051 secs)
[1A[2KChrome Headless 145.0.0.0 (Windows 10): Executed 1073 of 1399[31m (2 FAILED)[39m (skipped 193) (0 secs / 14.051 secs)
[1A[2KChrome Headless 145.0.0.0 (Windows 10): Executed 1074 of 1399[31m (2 FAILED)[39m (skipped 193) (0 secs / 14.051 secs)
[1A[2KChrome Headless 145.0.0.0 (Windows 10): Executed 1075 of 1399[31m (2 FAILED)[39m (skipped 193) (0 secs / 14.051 secs)
[1A[2KChrome Headless 145.0.0.0 (Windows 10): Executed 1076 of 1399[31m (2 FAILED)[39m (skipped 193) (0 secs / 14.051 secs)
[1A[2KChrome Headless 145.0.0.0 (Windows 10): Executed 1077 of 1399[31m (2 FAILED)[39m (skipped 193) (0 secs / 14.052 secs)
[1A[2KChrome Headless 145.0.0.0 (Windows 10): Executed 1078 of 1399[31m (2 FAILED)[39m (skipped 193) (0 secs / 14.052 secs)
[1A[2KChrome Headless 145.0.0.0 (Windows 10): Executed 1079 of 1399[31m (2 FAILED)[39m (skipped 193) (0 secs / 14.053 secs)
[1A[2KChrome Headless 145.0.0.0 (Windows 10): Executed 1080 of 1399[31m (2 FAILED)[39m (skipped 193) (0 secs / 14.054 secs)
[1A[2KChrome Headless 145.0.0.0 (Windows 10): Executed 1081 of 1399[31m (2 FAILED)[39m (skipped 193) (0 secs / 14.054 secs)
[1A[2KChrome Headless 145.0.0.0 (Windows 10): Executed 1082 of 1399[31m (2 FAILED)[39m (skipped 193) (0 secs / 14.055 secs)
[1A[2KChrome Headless 145.0.0.0 (Windows 10): Executed 1083 of 1399[31m (2 FAILED)[39m (skipped 193) (0 secs / 14.088 secs)
[1A[2KChrome Headless 145.0.0.0 (Windows 10): Executed 1084 of 1399[31m (2 FAILED)[39m (skipped 193) (0 secs / 14.095 secs)
[1A[2KChrome Headless 145.0.0.0 (Windows 10): Executed 1085 of 1399[31m (2 FAILED)[39m (skipped 193) (0 secs / 14.152 secs)
[1A[2KChrome Headless 145.0.0.0 (Windows 10): Executed 1086 of 1399[31m (2 FAILED)[39m (skipped 193) (0 secs / 14.213 secs)
[1A[2KChrome Headless 145.0.0.0 (Windows 10): Executed 1087 of 1399[31m (2 FAILED)[39m (skipped 193) (0 secs / 14.25 secs)
[1A[2KChrome Headless 145.0.0.0 (Windows 10): Executed 1088 of 1399[31m (2 FAILED)[39m (skipped 193) (0 secs / 14.258 secs)
[1A[2KChrome Headless 145.0.0.0 (Windows 10): Executed 1089 of 1399[31m (2 FAILED)[39m (skipped 193) (0 secs / 14.331 secs)
[1A[2KChrome Headless 145.0.0.0 (Windows 10): Executed 1090 of 1399[31m (2 FAILED)[39m (skipped 193) (0 secs / 14.363 secs)
[1A[2KChrome Headless 145.0.0.0 (Windows 10): Executed 1091 of 1399[31m (2 FAILED)[39m (skipped 193) (0 secs / 14.373 secs)
[1A[2KChrome Headless 145.0.0.0 (Windows 10): Executed 1092 of 1399[31m (2 FAILED)[39m (skipped 193) (0 secs / 14.394 secs)
[1A[2KChrome Headless 145.0.0.0 (Windows 10): Executed 1093 of 1399[31m (2 FAILED)[39m (skipped 193) (0 secs / 14.423 secs)
[1A[2KChrome Headless 145.0.0.0 (Windows 10): Executed 1094 of 1399[31m (2 FAILED)[39m (skipped 193) (0 secs / 14.464 secs)
[1A[2KChrome Headless 145.0.0.0 (Windows 10): Executed 1095 of 1399[31m (2 FAILED)[39m (skipped 193) (0 secs / 14.465 secs)
[1A[2KChrome Headless 145.0.0.0 (Windows 10): Executed 1096 of 1399[31m (2 FAILED)[39m (skipped 193) (0 secs / 14.465 secs)
[1A[2KChrome Headless 145.0.0.0 (Windows 10): Executed 1097 of 1399[31m (2 FAILED)[39m (skipped 193) (0 secs / 14.465 secs)
[1A[2KChrome Headless 145.0.0.0 (Windows 10): Executed 1098 of 1399[31m (2 FAILED)[39m (skipped 193) (0 secs / 14.465 secs)
[1A[2KChrome Headless 145.0.0.0 (Windows 10): Executed 1099 of 1399[31m (2 FAILED)[39m (skipped 193) (0 secs / 14.465 secs)
[1A[2KChrome Headless 145.0.0.0 (Windows 10): Executed 1100 of 1399[31m (2 FAILED)[39m (skipped 193) (0 secs / 14.493 secs)
[1A[2KChrome Headless 145.0.0.0 (Windows 10): Executed 1101 of 1399[31m (2 FAILED)[39m (skipped 195) (0 secs / 14.529 secs)
[1A[2KChrome Headless 145.0.0.0 (Windows 10): Executed 1102 of 1399[31m (2 FAILED)[39m (skipped 195) (0 secs / 14.556 secs)
[1A[2KChrome Headless 145.0.0.0 (Windows 10): Executed 1103 of 1399[31m (2 FAILED)[39m (skipped 195) (0 secs / 14.587 secs)
[1A[2KChrome Headless 145.0.0.0 (Windows 10): Executed 1104 of 1399[31m (2 FAILED)[39m (skipped 195) (0 secs / 14.609 secs)
[1A[2KChrome Headless 145.0.0.0 (Windows 10): Executed 1105 of 1399[31m (2 FAILED)[39m (skipped 195) (0 secs / 14.632 secs)
[1A[2KChrome Headless 145.0.0.0 (Windows 10): Executed 1106 of 1399[31m (2 FAILED)[39m (skipped 195) (0 secs / 14.664 secs)
[1A[2KChrome Headless 145.0.0.0 (Windows 10): Executed 1107 of 1399[31m (2 FAILED)[39m (skipped 195) (0 secs / 14.699 secs)
[1A[2KChrome Headless 145.0.0.0 (Windows 10): Executed 1108 of 1399[31m (2 FAILED)[39m (skipped 195) (0 secs / 14.734 secs)
[1A[2KChrome Headless 145.0.0.0 (Windows 10): Executed 1109 of 1399[31m (2 FAILED)[39m (skipped 195) (0 secs / 14.796 secs)
[1A[2KChrome Headless 145.0.0.0 (Windows 10): Executed 1110 of 1399[31m (2 FAILED)[39m (skipped 195) (0 secs / 14.855 secs)
[1A[2KChrome Headless 145.0.0.0 (Windows 10): Executed 1111 of 1399[31m (2 FAILED)[39m (skipped 195) (0 secs / 14.9 secs)
[1A[2KChrome Headless 145.0.0.0 (Windows 10): Executed 1112 of 1399[31m (2 FAILED)[39m (skipped 195) (0 secs / 14.938 secs)
[1A[2KChrome Headless 145.0.0.0 (Windows 10): Executed 1113 of 1399[31m (2 FAILED)[39m (skipped 195) (0 secs / 14.975 secs)
[1A[2KChrome Headless 145.0.0.0 (Windows 10): Executed 1114 of 1399[31m (2 FAILED)[39m (skipped 195) (0 secs / 15.017 secs)
[1A[2KChrome Headless 145.0.0.0 (Windows 10): Executed 1115 of 1399[31m (2 FAILED)[39m (skipped 195) (0 secs / 15.05 secs)
[1A[2KChrome Headless 145.0.0.0 (Windows 10): Executed 1116 of 1399[31m (2 FAILED)[39m (skipped 195) (0 secs / 15.093 secs)
[1A[2KChrome Headless 145.0.0.0 (Windows 10): Executed 1117 of 1399[31m (2 FAILED)[39m (skipped 195) (0 secs / 15.115 secs)
[1A[2KChrome Headless 145.0.0.0 (Windows 10): Executed 1118 of 1399[31m (2 FAILED)[39m (skipped 195) (0 secs / 15.143 secs)
[1A[2KChrome Headless 145.0.0.0 (Windows 10): Executed 1119 of 1399[31m (2 FAILED)[39m (skipped 195) (0 secs / 15.164 secs)
[1A[2KChrome Headless 145.0.0.0 (Windows 10): Executed 1120 of 1399[31m (2 FAILED)[39m (skipped 195) (0 secs / 15.186 secs)
[1A[2KChrome Headless 145.0.0.0 (Windows 10): Executed 1121 of 1399[31m (2 FAILED)[39m (skipped 195) (0 secs / 15.208 secs)
[1A[2KChrome Headless 145.0.0.0 (Windows 10): Executed 1122 of 1399[31m (2 FAILED)[39m (skipped 195) (0 secs / 15.229 secs)
[1A[2KChrome Headless 145.0.0.0 (Windows 10): Executed 1123 of 1399[31m (2 FAILED)[39m (skipped 195) (0 secs / 15.256 secs)
[1A[2KChrome Headless 145.0.0.0 (Windows 10): Executed 1124 of 1399[31m (2 FAILED)[39m (skipped 195) (0 secs / 15.294 secs)
[1A[2KChrome Headless 145.0.0.0 (Windows 10): Executed 1125 of 1399[31m (2 FAILED)[39m (skipped 195) (0 secs / 15.399 secs)
[1A[2KChrome Headless 145.0.0.0 (Windows 10): Executed 1126 of 1399[31m (2 FAILED)[39m (skipped 195) (0 secs / 15.419 secs)
[1A[2KChrome Headless 145.0.0.0 (Windows 10): Executed 1127 of 1399[31m (2 FAILED)[39m (skipped 195) (0 secs / 15.455 secs)
[1A[2KChrome Headless 145.0.0.0 (Windows 10): Executed 1128 of 1399[31m (2 FAILED)[39m (skipped 195) (0 secs / 15.49 secs)
[1A[2KChrome Headless 145.0.0.0 (Windows 10): Executed 1129 of 1399[31m (2 FAILED)[39m (skipped 195) (0 secs / 15.514 secs)
[1A[2KChrome Headless 145.0.0.0 (Windows 10): Executed 1130 of 1399[31m (2 FAILED)[39m (skipped 195) (0 secs / 15.568 secs)
[1A[2KChrome Headless 145.0.0.0 (Windows 10): Executed 1131 of 1399[31m (2 FAILED)[39m (skipped 195) (0 secs / 15.594 secs)
[1A[2KChrome Headless 145.0.0.0 (Windows 10): Executed 1132 of 1399[31m (2 FAILED)[39m (skipped 195) (0 secs / 15.621 secs)
[1A[2KChrome Headless 145.0.0.0 (Windows 10): Executed 1133 of 1399[31m (2 FAILED)[39m (skipped 195) (0 secs / 15.644 secs)
[1A[2KChrome Headless 145.0.0.0 (Windows 10): Executed 1134 of 1399[31m (2 FAILED)[39m (skipped 195) (0 secs / 15.668 secs)
[1A[2KChrome Headless 145.0.0.0 (Windows 10): Executed 1135 of 1399[31m (2 FAILED)[39m (skipped 195) (0 secs / 15.695 secs)
[1A[2KChrome Headless 145.0.0.0 (Windows 10): Executed 1136 of 1399[31m (2 FAILED)[39m (skipped 195) (0 secs / 15.724 secs)
[1A[2KChrome Headless 145.0.0.0 (Windows 10): Executed 1137 of 1399[31m (2 FAILED)[39m (skipped 195) (0 secs / 15.753 secs)
[1A[2KChrome Headless 145.0.0.0 (Windows 10): Executed 1138 of 1399[31m (2 FAILED)[39m (skipped 195) (0 secs / 15.778 secs)
[1A[2KChrome Headless 145.0.0.0 (Windows 10): Executed 1139 of 1399[31m (2 FAILED)[39m (skipped 195) (0 secs / 15.8 secs)
[1A[2KChrome Headless 145.0.0.0 (Windows 10): Executed 1140 of 1399[31m (2 FAILED)[39m (skipped 195) (0 secs / 15.822 secs)
[1A[2KChrome Headless 145.0.0.0 (Windows 10): Executed 1141 of 1399[31m (2 FAILED)[39m (skipped 195) (0 secs / 15.85 secs)
[1A[2KChrome Headless 145.0.0.0 (Windows 10): Executed 1142 of 1399[31m (2 FAILED)[39m (skipped 195) (0 secs / 15.88 secs)
[1A[2KChrome Headless 145.0.0.0 (Windows 10): Executed 1143 of 1399[31m (2 FAILED)[39m (skipped 195) (0 secs / 15.904 secs)
[1A[2KChrome Headless 145.0.0.0 (Windows 10): Executed 1144 of 1399[31m (2 FAILED)[39m (skipped 195) (0 secs / 15.925 secs)
[1A[2KChrome Headless 145.0.0.0 (Windows 10): Executed 1145 of 1399[31m (2 FAILED)[39m (skipped 195) (0 secs / 15.953 secs)
[1A[2KChrome Headless 145.0.0.0 (Windows 10): Executed 1146 of 1399[31m (2 FAILED)[39m (skipped 195) (0 secs / 15.983 secs)
[1A[2KChrome Headless 145.0.0.0 (Windows 10): Executed 1147 of 1399[31m (2 FAILED)[39m (skipped 195) (0 secs / 16.01 secs)
[1A[2KChrome Headless 145.0.0.0 (Windows 10): Executed 1148 of 1399[31m (2 FAILED)[39m (skipped 195) (0 secs / 16.034 secs)
[1A[2KChrome Headless 145.0.0.0 (Windows 10): Executed 1149 of 1399[31m (2 FAILED)[39m (skipped 195) (0 secs / 16.072 secs)
[1A[2KChrome Headless 145.0.0.0 (Windows 10): Executed 1150 of 1399[31m (2 FAILED)[39m (skipped 195) (0 secs / 16.101 secs)
[1A[2KChrome Headless 145.0.0.0 (Windows 10): Executed 1151 of 1399[31m (2 FAILED)[39m (skipped 195) (0 secs / 16.14 secs)
[1A[2KChrome Headless 145.0.0.0 (Windows 10): Executed 1152 of 1399[31m (2 FAILED)[39m (skipped 195) (0 secs / 16.164 secs)
[1A[2KChrome Headless 145.0.0.0 (Windows 10): Executed 1153 of 1399[31m (2 FAILED)[39m (skipped 195) (0 secs / 16.186 secs)
[1A[2KChrome Headless 145.0.0.0 (Windows 10): Executed 1154 of 1399[31m (2 FAILED)[39m (skipped 195) (0 secs / 16.207 secs)
[1A[2KChrome Headless 145.0.0.0 (Windows 10): Executed 1155 of 1399[31m (2 FAILED)[39m (skipped 195) (0 secs / 16.23 secs)
[1A[2KChrome Headless 145.0.0.0 (Windows 10): Executed 1156 of 1399[31m (2 FAILED)[39m (skipped 195) (0 secs / 16.266 secs)
[1A[2KChrome Headless 145.0.0.0 (Windows 10): Executed 1157 of 1399[31m (2 FAILED)[39m (skipped 195) (0 secs / 16.274 secs)
[1A[2KChrome Headless 145.0.0.0 (Windows 10): Executed 1158 of 1399[31m (2 FAILED)[39m (skipped 195) (0 secs / 16.283 secs)
[1A[2KChrome Headless 145.0.0.0 (Windows 10): Executed 1159 of 1399[31m (2 FAILED)[39m (skipped 195) (0 secs / 16.292 secs)
[1A[2KChrome Headless 145.0.0.0 (Windows 10): Executed 1160 of 1399[31m (2 FAILED)[39m (skipped 195) (0 secs / 16.302 secs)
[1A[2KChrome Headless 145.0.0.0 (Windows 10): Executed 1161 of 1399[31m (2 FAILED)[39m (skipped 195) (0 secs / 16.311 secs)
[1A[2KChrome Headless 145.0.0.0 (Windows 10): Executed 1162 of 1399[31m (2 FAILED)[39m (skipped 195) (0 secs / 16.311 secs)
[1A[2KChrome Headless 145.0.0.0 (Windows 10): Executed 1163 of 1399[31m (2 FAILED)[39m (skipped 195) (0 secs / 16.311 secs)
[1A[2KChrome Headless 145.0.0.0 (Windows 10): Executed 1164 of 1399[31m (2 FAILED)[39m (skipped 195) (0 secs / 16.311 secs)
[1A[2KChrome Headless 145.0.0.0 (Windows 10): Executed 1165 of 1399[31m (2 FAILED)[39m (skipped 195) (0 secs / 16.312 secs)
[1A[2KChrome Headless 145.0.0.0 (Windows 10): Executed 1166 of 1399[31m (2 FAILED)[39m (skipped 195) (0 secs / 16.312 secs)
[1A[2KChrome Headless 145.0.0.0 (Windows 10): Executed 1167 of 1399[31m (2 FAILED)[39m (skipped 195) (0 secs / 16.312 secs)
[1A[2KChrome Headless 145.0.0.0 (Windows 10): Executed 1168 of 1399[31m (2 FAILED)[39m (skipped 195) (0 secs / 16.312 secs)
[1A[2KChrome Headless 145.0.0.0 (Windows 10): Executed 1169 of 1399[31m (2 FAILED)[39m (skipped 195) (0 secs / 16.313 secs)
[1A[2KChrome Headless 145.0.0.0 (Windows 10): Executed 1170 of 1399[31m (2 FAILED)[39m (skipped 195) (0 secs / 16.314 secs)
[1A[2KChrome Headless 145.0.0.0 (Windows 10): Executed 1171 of 1399[31m (2 FAILED)[39m (skipped 195) (0 secs / 16.314 secs)
[1A[2KChrome Headless 145.0.0.0 (Windows 10): Executed 1172 of 1399[31m (2 FAILED)[39m (skipped 195) (0 secs / 16.321 secs)
[1A[2KChrome Headless 145.0.0.0 (Windows 10): Executed 1173 of 1399[31m (2 FAILED)[39m (skipped 195) (0 secs / 16.321 secs)
[1A[2KChrome Headless 145.0.0.0 (Windows 10): Executed 1174 of 1399[31m (2 FAILED)[39m (skipped 195) (0 secs / 16.321 secs)
[1A[2KChrome Headless 145.0.0.0 (Windows 10): Executed 1175 of 1399[31m (2 FAILED)[39m (skipped 195) (0 secs / 16.321 secs)
[1A[2KChrome Headless 145.0.0.0 (Windows 10): Executed 1176 of 1399[31m (2 FAILED)[39m (skipped 195) (0 secs / 16.321 secs)
[1A[2KChrome Headless 145.0.0.0 (Windows 10): Executed 1177 of 1399[31m (2 FAILED)[39m (skipped 195) (0 secs / 16.321 secs)
[1A[2KChrome Headless 145.0.0.0 (Windows 10): Executed 1178 of 1399[31m (2 FAILED)[39m (skipped 195) (0 secs / 16.323 secs)
[1A[2KChrome Headless 145.0.0.0 (Windows 10): Executed 1179 of 1399[31m (2 FAILED)[39m (skipped 195) (0 secs / 16.324 secs)
[1A[2KChrome Headless 145.0.0.0 (Windows 10): Executed 1180 of 1399[31m (2 FAILED)[39m (skipped 195) (0 secs / 16.325 secs)
[1A[2KChrome Headless 145.0.0.0 (Windows 10): Executed 1181 of 1399[31m (2 FAILED)[39m (skipped 195) (0 secs / 16.326 secs)
[1A[2KChrome Headless 145.0.0.0 (Windows 10): Executed 1182 of 1399[31m (2 FAILED)[39m (skipped 195) (0 secs / 16.328 secs)
[1A[2KChrome Headless 145.0.0.0 (Windows 10): Executed 1183 of 1399[31m (2 FAILED)[39m (skipped 195) (0 secs / 16.331 secs)
[1A[2KChrome Headless 145.0.0.0 (Windows 10): Executed 1184 of 1399[31m (2 FAILED)[39m (skipped 195) (0 secs / 16.334 secs)
[1A[2KChrome Headless 145.0.0.0 (Windows 10): Executed 1185 of 1399[31m (2 FAILED)[39m (skipped 195) (0 secs / 16.336 secs)
[1A[2KChrome Headless 145.0.0.0 (Windows 10): Executed 1186 of 1399[31m (2 FAILED)[39m (skipped 195) (0 secs / 16.339 secs)
[1A[2KChrome Headless 145.0.0.0 (Windows 10): Executed 1187 of 1399[31m (2 FAILED)[39m (skipped 195) (0 secs / 16.34 secs)
[1A[2KChrome Headless 145.0.0.0 (Windows 10): Executed 1188 of 1399[31m (2 FAILED)[39m (skipped 195) (0 secs / 16.34 secs)
[1A[2KChrome Headless 145.0.0.0 (Windows 10): Executed 1189 of 1399[31m (2 FAILED)[39m (skipped 195) (0 secs / 16.341 secs)
[1A[2KChrome Headless 145.0.0.0 (Windows 10): Executed 1190 of 1399[31m (2 FAILED)[39m (skipped 195) (0 secs / 16.341 secs)
[1A[2KChrome Headless 145.0.0.0 (Windows 10): Executed 1191 of 1399[31m (2 FAILED)[39m (skipped 195) (0 secs / 16.341 secs)
[1A[2KChrome Headless 145.0.0.0 (Windows 10): Executed 1192 of 1399[31m (2 FAILED)[39m (skipped 195) (0 secs / 16.341 secs)
[1A[2KChrome Headless 145.0.0.0 (Windows 10): Executed 1193 of 1399[31m (2 FAILED)[39m (skipped 195) (0 secs / 16.384 secs)
[1A[2KChrome Headless 145.0.0.0 (Windows 10): Executed 1194 of 1399[31m (2 FAILED)[39m (skipped 195) (0 secs / 16.406 secs)
[1A[2KChrome Headless 145.0.0.0 (Windows 10): Executed 1195 of 1399[31m (2 FAILED)[39m (skipped 195) (0 secs / 16.43 secs)
[1A[2KChrome Headless 145.0.0.0 (Windows 10): Executed 1196 of 1399[31m (2 FAILED)[39m (skipped 195) (0 secs / 16.47 secs)
[1A[2KChrome Headless 145.0.0.0 (Windows 10): Executed 1197 of 1399[31m (2 FAILED)[39m (skipped 195) (0 secs / 16.491 secs)
[1A[2KChrome Headless 145.0.0.0 (Windows 10): Executed 1198 of 1399[31m (2 FAILED)[39m (skipped 195) (0 secs / 16.518 secs)
[1A[2KChrome Headless 145.0.0.0 (Windows 10): Executed 1199 of 1399[31m (2 FAILED)[39m (skipped 195) (0 secs / 16.545 secs)
[1A[2KChrome Headless 145.0.0.0 (Windows 10): Executed 1200 of 1399[31m (2 FAILED)[39m (skipped 195) (0 secs / 16.57 secs)
[1A[2KChrome Headless 145.0.0.0 (Windows 10): Executed 1201 of 1399[31m (2 FAILED)[39m (skipped 195) (0 secs / 16.596 secs)
[1A[2KChrome Headless 145.0.0.0 (Windows 10): Executed 1202 of 1399[31m (2 FAILED)[39m (skipped 195) (0 secs / 16.621 secs)
[1A[2KChrome Headless 145.0.0.0 (Windows 10): Executed 1203 of 1399[31m (2 FAILED)[39m (skipped 195) (0 secs / 16.646 secs)
[1A[2KChrome Headless 145.0.0.0 (Windows 10): Executed 1204 of 1399[31m (2 FAILED)[39m (skipped 195) (0 secs / 16.667 secs)
[1A[2KChrome Headless 145.0.0.0 (Windows 10): Executed 1204 of 1399[31m (2 FAILED)[39m (skipped 195) (20.896 secs / 16.667 secs)
[31mTOTAL: 2 FAILED, 1202 SUCCESS[39m

=============================== Coverage summary ===============================
Statements   : 64.3% ( 3580/5567 )
Branches     : 54.66% ( 1694/3099 )
Functions    : 68.53% ( 599/874 )
Lines        : 65.2% ( 3437/5271 )
================================================================================
